#
# There is insufficient memory for the Java Runtime Environment to continue.
# Native memory allocation (malloc) failed to allocate 1263056 bytes. Error detail: Chunk::new
# Possible reasons:
#   The system is out of physical RAM or swap space
#   This process is running with CompressedOops enabled, and the Java Heap may be blocking the growth of the native heap
# Possible solutions:
#   Reduce memory load on the system
#   Increase physical memory or swap space
#   Check if swap backing store is full
#   Decrease Java heap size (-Xmx/-Xms)
#   Decrease number of Java threads
#   Decrease Java thread stack sizes (-Xss)
#   Set larger code cache with -XX:ReservedCodeCacheSize=
#   JVM is running with Zero Based Compressed Oops mode in which the Java heap is
#     placed in the first 32GB address space. The Java Heap base address is the
#     maximum limit for the native heap growth. Please use -XX:HeapBaseMinAddress
#     to set the Java Heap base and to place the Java Heap above 32GB virtual address.
# This output file may be truncated or incomplete.
#
#  Out of Memory Error (arena.cpp:168), pid=7524, tid=2072
#
# JRE version: OpenJDK Runtime Environment (21.0.9) (build 21.0.9+-14787801-b1163.94)
# Java VM: OpenJDK 64-Bit Server VM (21.0.9+-14787801-b1163.94, mixed mode, tiered, compressed oops, compressed class ptrs, g1 gc, windows-amd64)
# No core dump will be written. Minidumps are not enabled by default on client versions of Windows
#

---------------  S U M M A R Y ------------

Command Line: org.jetbrains.kotlin.cli.jvm.K2JVMCompiler @C:\Users\student\Downloads\mobilne_projekt_lab5\mobilne_projekt_lab5\mobilne_projekt_lab2\mobilne_projekt_lab2\mobilne_projekt_lab1 (1)\mobilne_projekt_lab\app\build\20260422_16812449420135815088.compiler.options

Host: Intel(R) Core(TM) i5-14500, 20 cores, 15G,  Windows 11 , 64 bit Build 26100 (10.0.26100.7920)
Time: Wed Apr 22 08:43:27 2026 Central European Daylight Time elapsed time: 7.512015 seconds (0d 0h 0m 7s)

---------------  T H R E A D  ---------------

Current thread (0x000001a122d67210):  JavaThread "C2 CompilerThread4" daemon [_thread_in_native, id=2072, stack(0x0000005ca3900000,0x0000005ca3a00000) (1024K)]


Current CompileTask:
C2:7512 13355       4       org.jetbrains.kotlin.fir.backend.Fir2IrDeclarationStorage::getIrFunctionSymbol (294 bytes)

Stack: [0x0000005ca3900000,0x0000005ca3a00000]
Native frames: (J=compiled Java code, j=interpreted, Vv=VM code, C=native code)
V  [jvm.dll+0x6d6c99]
V  [jvm.dll+0x866b83]
V  [jvm.dll+0x8691ae]
V  [jvm.dll+0x869893]
V  [jvm.dll+0x280776]
V  [jvm.dll+0xc07cd]
V  [jvm.dll+0xc0d03]
V  [jvm.dll+0x3b9831]
V  [jvm.dll+0x3856a7]
V  [jvm.dll+0x384b1a]
V  [jvm.dll+0x249462]
V  [jvm.dll+0x248a31]
V  [jvm.dll+0x1c7344]
V  [jvm.dll+0x2581ae]
V  [jvm.dll+0x2566f6]
V  [jvm.dll+0x3f48a6]
V  [jvm.dll+0x80f118]
V  [jvm.dll+0x6d54ed]
C  [ucrtbase.dll+0x37b0]
C  [KERNEL32.DLL+0x2e8d7]
C  [ntdll.dll+0x8c48c]


---------------  P R O C E S S  ---------------

Threads class SMR info:
_java_thread_list=0x000001a128e00ea0, length=18, elements={
0x000001a17ad20320, 0x000001a11814b020, 0x000001a11814ffe0, 0x000001a11814d200,
0x000001a11817c670, 0x000001a118161e10, 0x000001a118162870, 0x000001a118184cf0,
0x000001a118195e90, 0x000001a1181672f0, 0x000001a118228d90, 0x000001a118257220,
0x000001a1186deca0, 0x000001a1186dca40, 0x000001a11daab360, 0x000001a11d7345c0,
0x000001a122d656d0, 0x000001a122d67210
}

Java Threads: ( => current thread )
  0x000001a17ad20320 JavaThread "main"                              [_thread_in_Java, id=16528, stack(0x0000005ca1400000,0x0000005ca1500000) (1024K)]
  0x000001a11814b020 JavaThread "Common-Cleaner"             daemon [_thread_blocked, id=13848, stack(0x0000005ca1c00000,0x0000005ca1d00000) (1024K)]
  0x000001a11814ffe0 JavaThread "Reference Handler"          daemon [_thread_blocked, id=18268, stack(0x0000005ca1d00000,0x0000005ca1e00000) (1024K)]
  0x000001a11814d200 JavaThread "Finalizer"                  daemon [_thread_blocked, id=15312, stack(0x0000005ca1e00000,0x0000005ca1f00000) (1024K)]
  0x000001a11817c670 JavaThread "Signal Dispatcher"          daemon [_thread_blocked, id=16544, stack(0x0000005ca1f00000,0x0000005ca2000000) (1024K)]
  0x000001a118161e10 JavaThread "Attach Listener"            daemon [_thread_blocked, id=4976, stack(0x0000005ca2000000,0x0000005ca2100000) (1024K)]
  0x000001a118162870 JavaThread "Service Thread"             daemon [_thread_blocked, id=16556, stack(0x0000005ca2100000,0x0000005ca2200000) (1024K)]
  0x000001a118184cf0 JavaThread "Monitor Deflation Thread"   daemon [_thread_blocked, id=17860, stack(0x0000005ca2200000,0x0000005ca2300000) (1024K)]
  0x000001a118195e90 JavaThread "C2 CompilerThread0"         daemon [_thread_blocked, id=17960, stack(0x0000005ca2300000,0x0000005ca2400000) (1024K)]
  0x000001a1181672f0 JavaThread "C1 CompilerThread0"         daemon [_thread_blocked, id=16788, stack(0x0000005ca2400000,0x0000005ca2500000) (1024K)]
  0x000001a118228d90 JavaThread "C1 CompilerThread1"         daemon [_thread_blocked, id=17888, stack(0x0000005ca2500000,0x0000005ca2600000) (1024K)]
  0x000001a118257220 JavaThread "Notification Thread"        daemon [_thread_blocked, id=18332, stack(0x0000005ca2600000,0x0000005ca2700000) (1024K)]
  0x000001a1186deca0 JavaThread "C1 CompilerThread2"         daemon [_thread_blocked, id=11080, stack(0x0000005ca2900000,0x0000005ca2a00000) (1024K)]
  0x000001a1186dca40 JavaThread "C1 CompilerThread3"         daemon [_thread_blocked, id=16832, stack(0x0000005ca2a00000,0x0000005ca2b00000) (1024K)]
  0x000001a11daab360 JavaThread "C2 CompilerThread1"         daemon [_thread_blocked, id=4664, stack(0x0000005ca3300000,0x0000005ca3400000) (1024K)]
  0x000001a11d7345c0 JavaThread "C2 CompilerThread2"         daemon [_thread_blocked, id=15416, stack(0x0000005ca3400000,0x0000005ca3500000) (1024K)]
  0x000001a122d656d0 JavaThread "C2 CompilerThread3"         daemon [_thread_in_native, id=4700, stack(0x0000005ca3500000,0x0000005ca3600000) (1024K)]
=>0x000001a122d67210 JavaThread "C2 CompilerThread4"         daemon [_thread_in_native, id=2072, stack(0x0000005ca3900000,0x0000005ca3a00000) (1024K)]
Total: 18

Other Threads:
  0x000001a1181037e0 VMThread "VM Thread"                           [id=5896, stack(0x0000005ca1b00000,0x0000005ca1c00000) (1024K)]
  0x000001a17f0584d0 WatcherThread "VM Periodic Task Thread"        [id=936, stack(0x0000005ca1a00000,0x0000005ca1b00000) (1024K)]
  0x000001a17d1c04c0 WorkerThread "GC Thread#0"                     [id=16700, stack(0x0000005ca1500000,0x0000005ca1600000) (1024K)]
  0x000001a118a9dae0 WorkerThread "GC Thread#1"                     [id=16220, stack(0x0000005ca2700000,0x0000005ca2800000) (1024K)]
  0x000001a118afe090 WorkerThread "GC Thread#2"                     [id=11160, stack(0x0000005ca2800000,0x0000005ca2900000) (1024K)]
  0x000001a118afe430 WorkerThread "GC Thread#3"                     [id=4660, stack(0x0000005ca2b00000,0x0000005ca2c00000) (1024K)]
  0x000001a118afebd0 WorkerThread "GC Thread#4"                     [id=18296, stack(0x0000005ca2c00000,0x0000005ca2d00000) (1024K)]
  0x000001a118b03380 WorkerThread "GC Thread#5"                     [id=6756, stack(0x0000005ca2d00000,0x0000005ca2e00000) (1024K)]
  0x000001a118bf5a30 WorkerThread "GC Thread#6"                     [id=11228, stack(0x0000005ca2e00000,0x0000005ca2f00000) (1024K)]
  0x000001a118bf68b0 WorkerThread "GC Thread#7"                     [id=15988, stack(0x0000005ca2f00000,0x0000005ca3000000) (1024K)]
  0x000001a11d57ef30 WorkerThread "GC Thread#8"                     [id=7420, stack(0x0000005ca3600000,0x0000005ca3700000) (1024K)]
  0x000001a11d5804f0 WorkerThread "GC Thread#9"                     [id=4704, stack(0x0000005ca3700000,0x0000005ca3800000) (1024K)]
  0x000001a11d57f2d0 WorkerThread "GC Thread#10"                    [id=17580, stack(0x0000005ca3800000,0x0000005ca3900000) (1024K)]
  0x000001a11d57fa10 WorkerThread "GC Thread#11"                    [id=6600, stack(0x0000005ca3d00000,0x0000005ca3e00000) (1024K)]
  0x000001a11d580890 WorkerThread "GC Thread#12"                    [id=5912, stack(0x0000005ca3b00000,0x0000005ca3c00000) (1024K)]
  0x000001a122962d80 WorkerThread "GC Thread#13"                    [id=11976, stack(0x0000005ca3a00000,0x0000005ca3b00000) (1024K)]
  0x000001a1229622a0 WorkerThread "GC Thread#14"                    [id=5688, stack(0x0000005ca3c00000,0x0000005ca3d00000) (1024K)]
  0x000001a17d20f010 ConcurrentGCThread "G1 Main Marker"            [id=17996, stack(0x0000005ca1600000,0x0000005ca1700000) (1024K)]
  0x000001a17d210630 WorkerThread "G1 Conc#0"                       [id=6584, stack(0x0000005ca1700000,0x0000005ca1800000) (1024K)]
  0x000001a118bf6c50 WorkerThread "G1 Conc#1"                       [id=3008, stack(0x0000005ca3000000,0x0000005ca3100000) (1024K)]
  0x000001a118bf52f0 WorkerThread "G1 Conc#2"                       [id=17680, stack(0x0000005ca3100000,0x0000005ca3200000) (1024K)]
  0x000001a118bf5690 WorkerThread "G1 Conc#3"                       [id=4188, stack(0x0000005ca3200000,0x0000005ca3300000) (1024K)]
  0x000001a17ef2b370 ConcurrentGCThread "G1 Refine#0"               [id=1880, stack(0x0000005ca1800000,0x0000005ca1900000) (1024K)]
  0x000001a17ef2cca0 ConcurrentGCThread "G1 Service"                [id=9940, stack(0x0000005ca1900000,0x0000005ca1a00000) (1024K)]
Total: 24

Threads with active compile tasks:
C2 CompilerThread3  7520 13498       4       org.jetbrains.kotlin.fir.backend.Fir2IrDeclarationStorage::getCachedIrFunctionSymbol (546 bytes)
C2 CompilerThread4  7520 13355       4       org.jetbrains.kotlin.fir.backend.Fir2IrDeclarationStorage::getIrFunctionSymbol (294 bytes)
Total: 2

VM state: not at safepoint (normal execution)

VM Mutex/Monitor currently owned by a thread: None

Heap address: 0x0000000704e00000, size: 4018 MB, Compressed Oops mode: Zero based, Oop shift amount: 3

CDS archive(s) not mapped
Compressed class space mapped at: 0x0000000800000000-0x0000000840000000, reserved size: 1073741824
Narrow klass base: 0x0000000800000000, Narrow klass shift: 0, Narrow klass range: 0x40000000

GC Precious Log:
 CardTable entry size: 512
 Card Set container configuration: InlinePtr #cards 4 size 8 Array Of Cards #cards 16 size 48 Howl #buckets 8 coarsen threshold 3686 Howl Bitmap #cards 512 size 80 coarsen threshold 460 Card regions per heap region 1 cards per card region 4096
 CPUs: 20 total, 20 available
 Memory: 16070M
 Large Page Support: Disabled
 NUMA Support: Disabled
 Compressed Oops: Enabled (Zero based)
 Heap Region Size: 2M
 Heap Min Capacity: 8M
 Heap Initial Capacity: 252M
 Heap Max Capacity: 4018M
 Pre-touch: Disabled
 Parallel Workers: 15
 Concurrent Workers: 4
 Concurrent Refinement Workers: 15
 Periodic GC: Disabled

Heap:
 garbage-first heap   total 225280K, used 169984K [0x0000000704e00000, 0x0000000800000000)
  region size 2048K, 14 young (28672K), 4 survivors (8192K)
 Metaspace       used 77567K, committed 77952K, reserved 1179648K
  class space    used 8355K, committed 8512K, reserved 1048576K

Heap Regions: E=young(eden), S=young(survivor), O=old, HS=humongous(starts), HC=humongous(continues), CS=collection set, F=free, TAMS=top-at-mark-start, PB=parsable bottom
|   0|0x0000000704e00000, 0x0000000705000000, 0x0000000705000000|100%|HS|  |TAMS 0x0000000704e00000| PB 0x0000000704e00000| Complete 
|   1|0x0000000705000000, 0x0000000705200000, 0x0000000705200000|100%|HC|  |TAMS 0x0000000705000000| PB 0x0000000705000000| Complete 
|   2|0x0000000705200000, 0x0000000705400000, 0x0000000705400000|100%| O|  |TAMS 0x0000000705200000| PB 0x0000000705200000| Untracked 
|   3|0x0000000705400000, 0x0000000705600000, 0x0000000705600000|100%| O|  |TAMS 0x0000000705400000| PB 0x0000000705400000| Untracked 
|   4|0x0000000705600000, 0x0000000705800000, 0x0000000705800000|100%| O|  |TAMS 0x0000000705600000| PB 0x0000000705600000| Untracked 
|   5|0x0000000705800000, 0x0000000705a00000, 0x0000000705a00000|100%| O|  |TAMS 0x0000000705800000| PB 0x0000000705800000| Untracked 
|   6|0x0000000705a00000, 0x0000000705c00000, 0x0000000705c00000|100%| O|  |TAMS 0x0000000705a00000| PB 0x0000000705a00000| Untracked 
|   7|0x0000000705c00000, 0x0000000705e00000, 0x0000000705e00000|100%| O|  |TAMS 0x0000000705c00000| PB 0x0000000705c00000| Untracked 
|   8|0x0000000705e00000, 0x0000000706000000, 0x0000000706000000|100%| O|  |TAMS 0x0000000705e00000| PB 0x0000000705e00000| Untracked 
|   9|0x0000000706000000, 0x0000000706200000, 0x0000000706200000|100%| O|  |TAMS 0x0000000706000000| PB 0x0000000706000000| Untracked 
|  10|0x0000000706200000, 0x0000000706400000, 0x0000000706400000|100%| O|  |TAMS 0x0000000706200000| PB 0x0000000706200000| Untracked 
|  11|0x0000000706400000, 0x0000000706600000, 0x0000000706600000|100%| O|  |TAMS 0x0000000706400000| PB 0x0000000706400000| Untracked 
|  12|0x0000000706600000, 0x0000000706800000, 0x0000000706800000|100%| O|  |TAMS 0x0000000706600000| PB 0x0000000706600000| Untracked 
|  13|0x0000000706800000, 0x0000000706a00000, 0x0000000706a00000|100%| O|  |TAMS 0x0000000706800000| PB 0x0000000706800000| Untracked 
|  14|0x0000000706a00000, 0x0000000706c00000, 0x0000000706c00000|100%| O|  |TAMS 0x0000000706a00000| PB 0x0000000706a00000| Untracked 
|  15|0x0000000706c00000, 0x0000000706e00000, 0x0000000706e00000|100%| O|  |TAMS 0x0000000706c00000| PB 0x0000000706c00000| Untracked 
|  16|0x0000000706e00000, 0x0000000707000000, 0x0000000707000000|100%| O|  |TAMS 0x0000000706e00000| PB 0x0000000706e00000| Untracked 
|  17|0x0000000707000000, 0x0000000707200000, 0x0000000707200000|100%| O|  |TAMS 0x0000000707000000| PB 0x0000000707000000| Untracked 
|  18|0x0000000707200000, 0x0000000707400000, 0x0000000707400000|100%| O|  |TAMS 0x0000000707200000| PB 0x0000000707200000| Untracked 
|  19|0x0000000707400000, 0x0000000707600000, 0x0000000707600000|100%| O|  |TAMS 0x0000000707400000| PB 0x0000000707400000| Untracked 
|  20|0x0000000707600000, 0x0000000707800000, 0x0000000707800000|100%| O|  |TAMS 0x0000000707600000| PB 0x0000000707600000| Untracked 
|  21|0x0000000707800000, 0x0000000707a00000, 0x0000000707a00000|100%| O|  |TAMS 0x0000000707800000| PB 0x0000000707800000| Untracked 
|  22|0x0000000707a00000, 0x0000000707c00000, 0x0000000707c00000|100%| O|  |TAMS 0x0000000707a00000| PB 0x0000000707a00000| Untracked 
|  23|0x0000000707c00000, 0x0000000707e00000, 0x0000000707e00000|100%| O|  |TAMS 0x0000000707c00000| PB 0x0000000707c00000| Untracked 
|  24|0x0000000707e00000, 0x0000000707e00000, 0x0000000708000000|  0%| F|  |TAMS 0x0000000707e00000| PB 0x0000000707e00000| Untracked 
|  25|0x0000000708000000, 0x0000000708200000, 0x0000000708200000|100%| O|  |TAMS 0x0000000708000000| PB 0x0000000708000000| Untracked 
|  26|0x0000000708200000, 0x0000000708400000, 0x0000000708400000|100%| O|  |TAMS 0x0000000708200000| PB 0x0000000708200000| Untracked 
|  27|0x0000000708400000, 0x0000000708600000, 0x0000000708600000|100%| O|  |TAMS 0x0000000708400000| PB 0x0000000708400000| Untracked 
|  28|0x0000000708600000, 0x0000000708800000, 0x0000000708800000|100%| O|  |TAMS 0x0000000708600000| PB 0x0000000708600000| Untracked 
|  29|0x0000000708800000, 0x0000000708a00000, 0x0000000708a00000|100%| O|  |TAMS 0x0000000708800000| PB 0x0000000708800000| Untracked 
|  30|0x0000000708a00000, 0x0000000708c00000, 0x0000000708c00000|100%| O|  |TAMS 0x0000000708a00000| PB 0x0000000708a00000| Untracked 
|  31|0x0000000708c00000, 0x0000000708e00000, 0x0000000708e00000|100%| O|  |TAMS 0x0000000708c00000| PB 0x0000000708c00000| Untracked 
|  32|0x0000000708e00000, 0x0000000709000000, 0x0000000709000000|100%| O|  |TAMS 0x0000000708e00000| PB 0x0000000708e00000| Untracked 
|  33|0x0000000709000000, 0x0000000709200000, 0x0000000709200000|100%| O|  |TAMS 0x0000000709000000| PB 0x0000000709000000| Untracked 
|  34|0x0000000709200000, 0x0000000709400000, 0x0000000709400000|100%| O|  |TAMS 0x0000000709200000| PB 0x0000000709200000| Untracked 
|  35|0x0000000709400000, 0x0000000709600000, 0x0000000709600000|100%| O|  |TAMS 0x0000000709400000| PB 0x0000000709400000| Untracked 
|  36|0x0000000709600000, 0x0000000709800000, 0x0000000709800000|100%| O|  |TAMS 0x0000000709600000| PB 0x0000000709600000| Untracked 
|  37|0x0000000709800000, 0x0000000709a00000, 0x0000000709a00000|100%| O|  |TAMS 0x0000000709800000| PB 0x0000000709800000| Untracked 
|  38|0x0000000709a00000, 0x0000000709c00000, 0x0000000709c00000|100%| O|  |TAMS 0x0000000709a00000| PB 0x0000000709a00000| Untracked 
|  39|0x0000000709c00000, 0x0000000709e00000, 0x0000000709e00000|100%| O|  |TAMS 0x0000000709c00000| PB 0x0000000709c00000| Untracked 
|  40|0x0000000709e00000, 0x000000070a000000, 0x000000070a000000|100%| O|  |TAMS 0x0000000709e00000| PB 0x0000000709e00000| Untracked 
|  41|0x000000070a000000, 0x000000070a200000, 0x000000070a200000|100%| O|  |TAMS 0x000000070a000000| PB 0x000000070a000000| Untracked 
|  42|0x000000070a200000, 0x000000070a400000, 0x000000070a400000|100%| O|  |TAMS 0x000000070a200000| PB 0x000000070a200000| Untracked 
|  43|0x000000070a400000, 0x000000070a600000, 0x000000070a600000|100%| O|  |TAMS 0x000000070a400000| PB 0x000000070a400000| Untracked 
|  44|0x000000070a600000, 0x000000070a800000, 0x000000070a800000|100%| O|  |TAMS 0x000000070a600000| PB 0x000000070a600000| Untracked 
|  45|0x000000070a800000, 0x000000070aa00000, 0x000000070aa00000|100%| O|  |TAMS 0x000000070a800000| PB 0x000000070a800000| Untracked 
|  46|0x000000070aa00000, 0x000000070ac00000, 0x000000070ac00000|100%| O|  |TAMS 0x000000070aa00000| PB 0x000000070aa00000| Untracked 
|  47|0x000000070ac00000, 0x000000070ae00000, 0x000000070ae00000|100%| O|  |TAMS 0x000000070ac00000| PB 0x000000070ac00000| Untracked 
|  48|0x000000070ae00000, 0x000000070b000000, 0x000000070b000000|100%| O|  |TAMS 0x000000070ae00000| PB 0x000000070ae00000| Untracked 
|  49|0x000000070b000000, 0x000000070b200000, 0x000000070b200000|100%| O|  |TAMS 0x000000070b000000| PB 0x000000070b000000| Untracked 
|  50|0x000000070b200000, 0x000000070b400000, 0x000000070b400000|100%| O|  |TAMS 0x000000070b200000| PB 0x000000070b200000| Untracked 
|  51|0x000000070b400000, 0x000000070b600000, 0x000000070b600000|100%| O|  |TAMS 0x000000070b400000| PB 0x000000070b400000| Untracked 
|  52|0x000000070b600000, 0x000000070b800000, 0x000000070b800000|100%| O|  |TAMS 0x000000070b600000| PB 0x000000070b600000| Untracked 
|  53|0x000000070b800000, 0x000000070ba00000, 0x000000070ba00000|100%| O|  |TAMS 0x000000070b800000| PB 0x000000070b800000| Untracked 
|  54|0x000000070ba00000, 0x000000070ba00000, 0x000000070bc00000|  0%| F|  |TAMS 0x000000070ba00000| PB 0x000000070ba00000| Untracked 
|  55|0x000000070bc00000, 0x000000070be00000, 0x000000070be00000|100%| O|  |TAMS 0x000000070bc00000| PB 0x000000070bc00000| Untracked 
|  56|0x000000070be00000, 0x000000070c000000, 0x000000070c000000|100%| O|  |TAMS 0x000000070be00000| PB 0x000000070be00000| Untracked 
|  57|0x000000070c000000, 0x000000070c200000, 0x000000070c200000|100%| O|  |TAMS 0x000000070c000000| PB 0x000000070c000000| Untracked 
|  58|0x000000070c200000, 0x000000070c400000, 0x000000070c400000|100%| O|  |TAMS 0x000000070c200000| PB 0x000000070c200000| Untracked 
|  59|0x000000070c400000, 0x000000070c600000, 0x000000070c600000|100%| O|  |TAMS 0x000000070c400000| PB 0x000000070c400000| Untracked 
|  60|0x000000070c600000, 0x000000070c800000, 0x000000070c800000|100%| O|  |TAMS 0x000000070c600000| PB 0x000000070c600000| Untracked 
|  61|0x000000070c800000, 0x000000070ca00000, 0x000000070ca00000|100%| O|  |TAMS 0x000000070c800000| PB 0x000000070c800000| Untracked 
|  62|0x000000070ca00000, 0x000000070cc00000, 0x000000070cc00000|100%| O|  |TAMS 0x000000070ca00000| PB 0x000000070ca00000| Untracked 
|  63|0x000000070cc00000, 0x000000070ce00000, 0x000000070ce00000|100%| O|  |TAMS 0x000000070cc00000| PB 0x000000070cc00000| Untracked 
|  64|0x000000070ce00000, 0x000000070d000000, 0x000000070d000000|100%| O|  |TAMS 0x000000070ce00000| PB 0x000000070ce00000| Untracked 
|  65|0x000000070d000000, 0x000000070d200000, 0x000000070d200000|100%| O|  |TAMS 0x000000070d000000| PB 0x000000070d000000| Untracked 
|  66|0x000000070d200000, 0x000000070d400000, 0x000000070d400000|100%| O|  |TAMS 0x000000070d200000| PB 0x000000070d200000| Untracked 
|  67|0x000000070d400000, 0x000000070d600000, 0x000000070d600000|100%| O|  |TAMS 0x000000070d400000| PB 0x000000070d400000| Untracked 
|  68|0x000000070d600000, 0x000000070d800000, 0x000000070d800000|100%| O|  |TAMS 0x000000070d600000| PB 0x000000070d600000| Untracked 
|  69|0x000000070d800000, 0x000000070da00000, 0x000000070da00000|100%| O|  |TAMS 0x000000070d800000| PB 0x000000070d800000| Untracked 
|  70|0x000000070da00000, 0x000000070dc00000, 0x000000070dc00000|100%| O|  |TAMS 0x000000070da00000| PB 0x000000070da00000| Untracked 
|  71|0x000000070dc00000, 0x000000070dc00000, 0x000000070de00000|  0%| F|  |TAMS 0x000000070dc00000| PB 0x000000070dc00000| Untracked 
|  72|0x000000070de00000, 0x000000070de00000, 0x000000070e000000|  0%| F|  |TAMS 0x000000070de00000| PB 0x000000070de00000| Untracked 
|  73|0x000000070e000000, 0x000000070e000000, 0x000000070e200000|  0%| F|  |TAMS 0x000000070e000000| PB 0x000000070e000000| Untracked 
|  74|0x000000070e200000, 0x000000070e200000, 0x000000070e400000|  0%| F|  |TAMS 0x000000070e200000| PB 0x000000070e200000| Untracked 
|  75|0x000000070e400000, 0x000000070e600000, 0x000000070e600000|100%| S|CS|TAMS 0x000000070e400000| PB 0x000000070e400000| Complete 
|  76|0x000000070e600000, 0x000000070e800000, 0x000000070e800000|100%| S|CS|TAMS 0x000000070e600000| PB 0x000000070e600000| Complete 
|  77|0x000000070e800000, 0x000000070ea00000, 0x000000070ea00000|100%| S|CS|TAMS 0x000000070e800000| PB 0x000000070e800000| Complete 
|  78|0x000000070ea00000, 0x000000070ec00000, 0x000000070ec00000|100%| S|CS|TAMS 0x000000070ea00000| PB 0x000000070ea00000| Complete 
|  79|0x000000070ec00000, 0x000000070ec00000, 0x000000070ee00000|  0%| F|  |TAMS 0x000000070ec00000| PB 0x000000070ec00000| Untracked 
|  80|0x000000070ee00000, 0x000000070ee00000, 0x000000070f000000|  0%| F|  |TAMS 0x000000070ee00000| PB 0x000000070ee00000| Untracked 
|  81|0x000000070f000000, 0x000000070f000000, 0x000000070f200000|  0%| F|  |TAMS 0x000000070f000000| PB 0x000000070f000000| Untracked 
|  82|0x000000070f200000, 0x000000070f200000, 0x000000070f400000|  0%| F|  |TAMS 0x000000070f200000| PB 0x000000070f200000| Untracked 
|  83|0x000000070f400000, 0x000000070f400000, 0x000000070f600000|  0%| F|  |TAMS 0x000000070f400000| PB 0x000000070f400000| Untracked 
|  84|0x000000070f600000, 0x000000070f600000, 0x000000070f800000|  0%| F|  |TAMS 0x000000070f600000| PB 0x000000070f600000| Untracked 
|  85|0x000000070f800000, 0x000000070f800000, 0x000000070fa00000|  0%| F|  |TAMS 0x000000070f800000| PB 0x000000070f800000| Untracked 
|  86|0x000000070fa00000, 0x000000070fa00000, 0x000000070fc00000|  0%| F|  |TAMS 0x000000070fa00000| PB 0x000000070fa00000| Untracked 
|  87|0x000000070fc00000, 0x000000070fc00000, 0x000000070fe00000|  0%| F|  |TAMS 0x000000070fc00000| PB 0x000000070fc00000| Untracked 
|  88|0x000000070fe00000, 0x000000070fe00000, 0x0000000710000000|  0%| F|  |TAMS 0x000000070fe00000| PB 0x000000070fe00000| Untracked 
|  89|0x0000000710000000, 0x0000000710000000, 0x0000000710200000|  0%| F|  |TAMS 0x0000000710000000| PB 0x0000000710000000| Untracked 
|  90|0x0000000710200000, 0x0000000710200000, 0x0000000710400000|  0%| F|  |TAMS 0x0000000710200000| PB 0x0000000710200000| Untracked 
|  91|0x0000000710400000, 0x0000000710400000, 0x0000000710600000|  0%| F|  |TAMS 0x0000000710400000| PB 0x0000000710400000| Untracked 
|  92|0x0000000710600000, 0x0000000710600000, 0x0000000710800000|  0%| F|  |TAMS 0x0000000710600000| PB 0x0000000710600000| Untracked 
|  93|0x0000000710800000, 0x0000000710800000, 0x0000000710a00000|  0%| F|  |TAMS 0x0000000710800000| PB 0x0000000710800000| Untracked 
|  94|0x0000000710a00000, 0x0000000710a00000, 0x0000000710c00000|  0%| F|  |TAMS 0x0000000710a00000| PB 0x0000000710a00000| Untracked 
|  95|0x0000000710c00000, 0x0000000710c00000, 0x0000000710e00000|  0%| F|  |TAMS 0x0000000710c00000| PB 0x0000000710c00000| Untracked 
|  96|0x0000000710e00000, 0x0000000710e00000, 0x0000000711000000|  0%| F|  |TAMS 0x0000000710e00000| PB 0x0000000710e00000| Untracked 
|  97|0x0000000711000000, 0x0000000711000000, 0x0000000711200000|  0%| F|  |TAMS 0x0000000711000000| PB 0x0000000711000000| Untracked 
|  98|0x0000000711200000, 0x0000000711400000, 0x0000000711400000|100%| E|  |TAMS 0x0000000711200000| PB 0x0000000711200000| Complete 
|  99|0x0000000711400000, 0x00000007115fdeb8, 0x0000000711600000| 99%| E|  |TAMS 0x0000000711400000| PB 0x0000000711400000| Complete 
| 100|0x0000000711600000, 0x0000000711800000, 0x0000000711800000|100%| E|CS|TAMS 0x0000000711600000| PB 0x0000000711600000| Complete 
| 101|0x0000000711800000, 0x0000000711a00000, 0x0000000711a00000|100%| E|CS|TAMS 0x0000000711800000| PB 0x0000000711800000| Complete 
| 102|0x0000000711a00000, 0x0000000711c00000, 0x0000000711c00000|100%| E|CS|TAMS 0x0000000711a00000| PB 0x0000000711a00000| Complete 
| 103|0x0000000711c00000, 0x0000000711e00000, 0x0000000711e00000|100%| E|CS|TAMS 0x0000000711c00000| PB 0x0000000711c00000| Complete 
| 104|0x0000000711e00000, 0x0000000712000000, 0x0000000712000000|100%| E|CS|TAMS 0x0000000711e00000| PB 0x0000000711e00000| Complete 
| 105|0x0000000712000000, 0x0000000712200000, 0x0000000712200000|100%| E|CS|TAMS 0x0000000712000000| PB 0x0000000712000000| Complete 
| 106|0x0000000712200000, 0x0000000712400000, 0x0000000712400000|100%| E|CS|TAMS 0x0000000712200000| PB 0x0000000712200000| Complete 
| 125|0x0000000714800000, 0x0000000714a00000, 0x0000000714a00000|100%| E|CS|TAMS 0x0000000714800000| PB 0x0000000714800000| Complete 
|2007|0x00000007ffc00000, 0x00000007ffe00000, 0x00000007ffe00000|100%| O|  |TAMS 0x00000007ffc00000| PB 0x00000007ffc00000| Untracked 
|2008|0x00000007ffe00000, 0x0000000800000000, 0x0000000800000000|100%| O|  |TAMS 0x00000007ffe00000| PB 0x00000007ffe00000| Untracked 

Card table byte_map: [0x000001a17e4a0000,0x000001a17ec80000] _byte_map_base: 0x000001a17ac79000

Marking Bits: (CMBitMap*) 0x000001a17d1c0ad0
 Bits: [0x000001a1120a0000, 0x000001a115f68000)

Polling page: 0x000001a17acd0000

Metaspace:

Usage:
  Non-class:     67.61 MB used.
      Class:      8.16 MB used.
       Both:     75.77 MB used.

Virtual space:
  Non-class space:      128.00 MB reserved,      67.81 MB ( 53%) committed,  2 nodes.
      Class space:        1.00 GB reserved,       8.31 MB ( <1%) committed,  1 nodes.
             Both:        1.12 GB reserved,      76.12 MB (  7%) committed. 

Chunk freelists:
   Non-Class:  11.89 MB
       Class:  7.72 MB
        Both:  19.62 MB

MaxMetaspaceSize: unlimited
CompressedClassSpaceSize: 1.00 GB
Initial GC threshold: 21.00 MB
Current GC threshold: 114.19 MB
CDS: off
 - commit_granule_bytes: 65536.
 - commit_granule_words: 8192.
 - virtual_space_node_default_size: 8388608.
 - enlarge_chunks_in_place: 1.
 - use_allocation_guard: 0.


Internal statistics:

num_allocs_failed_limit: 9.
num_arena_births: 360.
num_arena_deaths: 0.
num_vsnodes_births: 3.
num_vsnodes_deaths: 0.
num_space_committed: 1216.
num_space_uncommitted: 0.
num_chunks_returned_to_freelist: 9.
num_chunks_taken_from_freelist: 2739.
num_chunk_merges: 9.
num_chunk_splits: 2294.
num_chunks_enlarged: 2055.
num_inconsistent_stats: 0.

CodeHeap 'non-profiled nmethods': size=119168Kb used=8556Kb max_used=8556Kb free=110611Kb
 bounds [0x000001a10ac40000, 0x000001a10b4a0000, 0x000001a1120a0000]
CodeHeap 'profiled nmethods': size=119104Kb used=46876Kb max_used=46876Kb free=72227Kb
 bounds [0x000001a1030a0000, 0x000001a105e70000, 0x000001a10a4f0000]
CodeHeap 'non-nmethods': size=7488Kb used=3393Kb max_used=3437Kb free=4095Kb
 bounds [0x000001a10a4f0000, 0x000001a10a860000, 0x000001a10ac40000]
CodeCache: size=245760Kb, used=58825Kb, max_used=58869Kb, free=186933Kb
 total_blobs=13225, nmethods=12403, adapters=717, full_count=0
Compilation: enabled, stopped_count=0, restarted_count=0

Compilation events (20 events):
Event: 6.488 Thread 0x000001a1186dca40 13581       3       org.jetbrains.kotlin.ir.visitors.IrVisitor::visitFunctionExpression (17 bytes)
Event: 6.488 Thread 0x000001a122d69af0 13582       4       org.jetbrains.kotlin.ir.util.DeclarationParentsVisitor::visitDeclaration (13 bytes)
Event: 6.488 Thread 0x000001a1186deca0 nmethod 13580 0x000001a105e60e90 code [0x000001a105e610c0, 0x000001a105e61778]
Event: 6.488 Thread 0x000001a1186dca40 nmethod 13581 0x000001a105e61a10 code [0x000001a105e61c40, 0x000001a105e622e8]
Event: 6.488 Thread 0x000001a11daab360 nmethod 13557 0x000001a10b494590 code [0x000001a10b494840, 0x000001a10b495438]
Event: 6.488 Thread 0x000001a1186deca0 13583       3       org.jetbrains.kotlin.ir.visitors.IrVisitor::visitBranch (17 bytes)
Event: 6.488 Thread 0x000001a11daab360 13584       4       org.jetbrains.kotlin.ir.visitors.IrVisitor::visitDeclarationReference (17 bytes)
Event: 6.488 Thread 0x000001a118228d90 13585       3       org.jetbrains.kotlin.ir.visitors.IrVisitor::visitBlock (17 bytes)
Event: 6.488 Thread 0x000001a122d69420 13586       4       org.jetbrains.kotlin.ir.util.DeclarationParentsVisitor::visitDeclaration (51 bytes)
Event: 6.488 Thread 0x000001a1181672f0 13587       3       org.jetbrains.kotlin.ir.declarations.impl.IrLocalDelegatedPropertyImpl::getDelegate (17 bytes)
Event: 6.488 Thread 0x000001a1186dca40 13588       3       org.jetbrains.kotlin.ir.declarations.impl.IrLocalDelegatedPropertyImpl::getGetter (17 bytes)
Event: 6.488 Thread 0x000001a1186deca0 nmethod 13583 0x000001a105e62590 code [0x000001a105e627c0, 0x000001a105e62e68]
Event: 6.489 Thread 0x000001a118228d90 nmethod 13585 0x000001a105e63110 code [0x000001a105e63340, 0x000001a105e639e8]
Event: 6.489 Thread 0x000001a1186dca40 nmethod 13588 0x000001a105e63c90 code [0x000001a105e63f20, 0x000001a105e64900]
Event: 6.489 Thread 0x000001a1181672f0 nmethod 13587 0x000001a105e64d10 code [0x000001a105e64fa0, 0x000001a105e65980]
Event: 6.489 Thread 0x000001a122d69420 nmethod 13586 0x000001a10b495c10 code [0x000001a10b495da0, 0x000001a10b496000]
Event: 6.490 Thread 0x000001a122d69af0 nmethod 13582 0x000001a10b496190 code [0x000001a10b496340, 0x000001a10b496628]
Event: 6.491 Thread 0x000001a11daab360 nmethod 13584 0x000001a10b496790 code [0x000001a10b496960, 0x000001a10b496d48]
Event: 6.492 Thread 0x000001a122d6a1c0 nmethod 13576 0x000001a10b497190 code [0x000001a10b4973c0, 0x000001a10b497f68]
Event: 6.493 Thread 0x000001a11d7345c0 nmethod 13575 0x000001a10b498510 code [0x000001a10b498740, 0x000001a10b4993a8]

GC Heap History (20 events):
Event: 3.468 GC heap before
{Heap before GC invocations=12 (full 0):
 garbage-first heap   total 133120K, used 101376K [0x0000000704e00000, 0x0000000800000000)
  region size 2048K, 26 young (53248K), 3 survivors (6144K)
 Metaspace       used 58684K, committed 59008K, reserved 1114112K
  class space    used 6733K, committed 6848K, reserved 1048576K
}
Event: 3.475 GC heap after
{Heap after GC invocations=13 (full 0):
 garbage-first heap   total 133120K, used 67584K [0x0000000704e00000, 0x0000000800000000)
  region size 2048K, 4 young (8192K), 4 survivors (8192K)
 Metaspace       used 58684K, committed 59008K, reserved 1114112K
  class space    used 6733K, committed 6848K, reserved 1048576K
}
Event: 3.657 GC heap before
{Heap before GC invocations=13 (full 0):
 garbage-first heap   total 133120K, used 81920K [0x0000000704e00000, 0x0000000800000000)
  region size 2048K, 12 young (24576K), 4 survivors (8192K)
 Metaspace       used 59839K, committed 60160K, reserved 1114112K
  class space    used 6818K, committed 6912K, reserved 1048576K
}
Event: 3.662 GC heap after
{Heap after GC invocations=14 (full 0):
 garbage-first heap   total 133120K, used 71380K [0x0000000704e00000, 0x0000000800000000)
  region size 2048K, 2 young (4096K), 2 survivors (4096K)
 Metaspace       used 59839K, committed 60160K, reserved 1114112K
  class space    used 6818K, committed 6912K, reserved 1048576K
}
Event: 3.837 GC heap before
{Heap before GC invocations=15 (full 0):
 garbage-first heap   total 133120K, used 108244K [0x0000000704e00000, 0x0000000800000000)
  region size 2048K, 20 young (40960K), 2 survivors (4096K)
 Metaspace       used 60170K, committed 60480K, reserved 1114112K
  class space    used 6846K, committed 6976K, reserved 1048576K
}
Event: 3.842 GC heap after
{Heap after GC invocations=16 (full 0):
 garbage-first heap   total 133120K, used 79503K [0x0000000704e00000, 0x0000000800000000)
  region size 2048K, 3 young (6144K), 3 survivors (6144K)
 Metaspace       used 60170K, committed 60480K, reserved 1114112K
  class space    used 6846K, committed 6976K, reserved 1048576K
}
Event: 3.869 GC heap before
{Heap before GC invocations=16 (full 0):
 garbage-first heap   total 133120K, used 112271K [0x0000000704e00000, 0x0000000800000000)
  region size 2048K, 19 young (38912K), 3 survivors (6144K)
 Metaspace       used 60170K, committed 60480K, reserved 1114112K
  class space    used 6846K, committed 6976K, reserved 1048576K
}
Event: 3.873 GC heap after
{Heap after GC invocations=17 (full 0):
 garbage-first heap   total 133120K, used 87325K [0x0000000704e00000, 0x0000000800000000)
  region size 2048K, 3 young (6144K), 3 survivors (6144K)
 Metaspace       used 60170K, committed 60480K, reserved 1114112K
  class space    used 6846K, committed 6976K, reserved 1048576K
}
Event: 3.894 GC heap before
{Heap before GC invocations=17 (full 0):
 garbage-first heap   total 133120K, used 113949K [0x0000000704e00000, 0x0000000800000000)
  region size 2048K, 16 young (32768K), 3 survivors (6144K)
 Metaspace       used 60170K, committed 60480K, reserved 1114112K
  class space    used 6846K, committed 6976K, reserved 1048576K
}
Event: 3.897 GC heap after
{Heap after GC invocations=18 (full 0):
 garbage-first heap   total 212992K, used 94208K [0x0000000704e00000, 0x0000000800000000)
  region size 2048K, 2 young (4096K), 2 survivors (4096K)
 Metaspace       used 60170K, committed 60480K, reserved 1114112K
  class space    used 6846K, committed 6976K, reserved 1048576K
}
Event: 4.163 GC heap before
{Heap before GC invocations=19 (full 0):
 garbage-first heap   total 212992K, used 169984K [0x0000000704e00000, 0x0000000800000000)
  region size 2048K, 39 young (79872K), 2 survivors (4096K)
 Metaspace       used 60378K, committed 60736K, reserved 1114112K
  class space    used 6852K, committed 6976K, reserved 1048576K
}
Event: 4.169 GC heap after
{Heap after GC invocations=20 (full 0):
 garbage-first heap   total 212992K, used 113644K [0x0000000704e00000, 0x0000000800000000)
  region size 2048K, 5 young (10240K), 5 survivors (10240K)
 Metaspace       used 60378K, committed 60736K, reserved 1114112K
  class space    used 6852K, committed 6976K, reserved 1048576K
}
Event: 4.848 GC heap before
{Heap before GC invocations=20 (full 0):
 garbage-first heap   total 212992K, used 175084K [0x0000000704e00000, 0x0000000800000000)
  region size 2048K, 35 young (71680K), 5 survivors (10240K)
 Metaspace       used 65264K, committed 65600K, reserved 1114112K
  class space    used 7257K, committed 7360K, reserved 1048576K
}
Event: 4.855 GC heap after
{Heap after GC invocations=21 (full 0):
 garbage-first heap   total 212992K, used 122880K [0x0000000704e00000, 0x0000000800000000)
  region size 2048K, 5 young (10240K), 5 survivors (10240K)
 Metaspace       used 65264K, committed 65600K, reserved 1114112K
  class space    used 7257K, committed 7360K, reserved 1048576K
}
Event: 5.220 GC heap before
{Heap before GC invocations=21 (full 0):
 garbage-first heap   total 212992K, used 180224K [0x0000000704e00000, 0x0000000800000000)
  region size 2048K, 33 young (67584K), 5 survivors (10240K)
 Metaspace       used 69557K, committed 69888K, reserved 1114112K
  class space    used 7611K, committed 7744K, reserved 1048576K
}
Event: 5.228 GC heap after
{Heap after GC invocations=22 (full 0):
 garbage-first heap   total 212992K, used 134086K [0x0000000704e00000, 0x0000000800000000)
  region size 2048K, 5 young (10240K), 5 survivors (10240K)
 Metaspace       used 69557K, committed 69888K, reserved 1114112K
  class space    used 7611K, committed 7744K, reserved 1048576K
}
Event: 5.801 GC heap before
{Heap before GC invocations=23 (full 0):
 garbage-first heap   total 225280K, used 183238K [0x0000000704e00000, 0x0000000800000000)
  region size 2048K, 29 young (59392K), 5 survivors (10240K)
 Metaspace       used 73629K, committed 73984K, reserved 1179648K
  class space    used 7970K, committed 8128K, reserved 1048576K
}
Event: 5.809 GC heap after
{Heap after GC invocations=24 (full 0):
 garbage-first heap   total 225280K, used 144190K [0x0000000704e00000, 0x0000000800000000)
  region size 2048K, 4 young (8192K), 4 survivors (8192K)
 Metaspace       used 73629K, committed 73984K, reserved 1179648K
  class space    used 7970K, committed 8128K, reserved 1048576K
}
Event: 6.302 GC heap before
{Heap before GC invocations=24 (full 0):
 garbage-first heap   total 225280K, used 193342K [0x0000000704e00000, 0x0000000800000000)
  region size 2048K, 29 young (59392K), 4 survivors (8192K)
 Metaspace       used 76368K, committed 76736K, reserved 1179648K
  class space    used 8232K, committed 8384K, reserved 1048576K
}
Event: 6.310 GC heap after
{Heap after GC invocations=25 (full 0):
 garbage-first heap   total 225280K, used 153600K [0x0000000704e00000, 0x0000000800000000)
  region size 2048K, 4 young (8192K), 4 survivors (8192K)
 Metaspace       used 76368K, committed 76736K, reserved 1179648K
  class space    used 8232K, committed 8384K, reserved 1048576K
}

Dll operation events (3 events):
Event: 0.004 Loaded shared library C:\Software\Android Studio\jbr\bin\java.dll
Event: 0.008 Loaded shared library C:\Software\Android Studio\jbr\bin\zip.dll
Event: 0.840 Loaded shared library C:\Software\Android Studio\jbr\bin\verify.dll

Deoptimization events (20 events):
Event: 6.365 Thread 0x000001a17ad20320 Uncommon trap: trap_request=0xffffff76 fr.pc=0x000001a10b37125c relative=0x00000000000016fc
Event: 6.365 Thread 0x000001a17ad20320 Uncommon trap: reason=predicate action=maybe_recompile pc=0x000001a10b37125c method=kotlin.collections.CollectionsKt___CollectionsKt.joinTo(Ljava/lang/Iterable;Ljava/lang/Appendable;Ljava/lang/CharSequence;Ljava/lang/CharSequence;Ljava/lang/CharSequence;I
Event: 6.365 Thread 0x000001a17ad20320 DEOPT PACKING pc=0x000001a10b37125c sp=0x0000005ca14fb4c0
Event: 6.365 Thread 0x000001a17ad20320 DEOPT UNPACKING pc=0x000001a10a544422 sp=0x0000005ca14fb4e8 mode 2
Event: 6.425 Thread 0x000001a17ad20320 Uncommon trap: trap_request=0xffffff76 fr.pc=0x000001a10b42b484 relative=0x0000000000002084
Event: 6.425 Thread 0x000001a17ad20320 Uncommon trap: reason=predicate action=maybe_recompile pc=0x000001a10b42b484 method=kotlin.collections.CollectionsKt___CollectionsKt.zip(Ljava/lang/Iterable;Ljava/lang/Iterable;)Ljava/util/List; @ 64 c2
Event: 6.425 Thread 0x000001a17ad20320 DEOPT PACKING pc=0x000001a10b42b484 sp=0x0000005ca14fadc0
Event: 6.425 Thread 0x000001a17ad20320 DEOPT UNPACKING pc=0x000001a10a544422 sp=0x0000005ca14fad78 mode 2
Event: 6.436 Thread 0x000001a17ad20320 Uncommon trap: trap_request=0xffffff45 fr.pc=0x000001a10af365d4 relative=0x0000000000000314
Event: 6.436 Thread 0x000001a17ad20320 Uncommon trap: reason=unstable_if action=reinterpret pc=0x000001a10af365d4 method=java.util.ArrayList.add(ILjava/lang/Object;)V @ 29 c2
Event: 6.436 Thread 0x000001a17ad20320 DEOPT PACKING pc=0x000001a10af365d4 sp=0x0000005ca14fc7f0
Event: 6.436 Thread 0x000001a17ad20320 DEOPT UNPACKING pc=0x000001a10a544422 sp=0x0000005ca14fc7b8 mode 2
Event: 6.498 Thread 0x000001a17ad20320 Uncommon trap: trap_request=0xffffff54 fr.pc=0x000001a10b0293d8 relative=0x0000000000000138
Event: 6.498 Thread 0x000001a17ad20320 Uncommon trap: reason=speculate_null_assert action=make_not_entrant pc=0x000001a10b0293d8 method=org.jetbrains.kotlin.config.LanguageVersionSettingsImpl.getFeatureSupport(Lorg/jetbrains/kotlin/config/LanguageFeature;)Lorg/jetbrains/kotlin/config/LanguageF
Event: 6.498 Thread 0x000001a17ad20320 DEOPT PACKING pc=0x000001a10b0293d8 sp=0x0000005ca14fe6b0
Event: 6.498 Thread 0x000001a17ad20320 DEOPT UNPACKING pc=0x000001a10a544422 sp=0x0000005ca14fe5e0 mode 2
Event: 6.498 Thread 0x000001a17ad20320 Uncommon trap: trap_request=0xffffff45 fr.pc=0x000001a10ade340c relative=0x000000000000086c
Event: 6.498 Thread 0x000001a17ad20320 Uncommon trap: reason=unstable_if action=reinterpret pc=0x000001a10ade340c method=org.jetbrains.kotlin.config.LanguageVersionSettingsImpl.getFlag(Lorg/jetbrains/kotlin/config/AnalysisFlag;)Ljava/lang/Object; @ 17 c2
Event: 6.498 Thread 0x000001a17ad20320 DEOPT PACKING pc=0x000001a10ade340c sp=0x0000005ca14fe650
Event: 6.498 Thread 0x000001a17ad20320 DEOPT UNPACKING pc=0x000001a10a544422 sp=0x0000005ca14fe608 mode 2

Classes loaded (20 events):
Event: 4.395 Loading class java/text/ChoiceFormat
Event: 4.395 Loading class java/text/NumberFormat
Event: 4.395 Loading class java/text/NumberFormat done
Event: 4.395 Loading class java/text/ChoiceFormat done
Event: 4.407 Loading class java/util/RegularEnumSet$EnumSetIterator
Event: 4.407 Loading class java/util/RegularEnumSet$EnumSetIterator done
Event: 4.457 Loading class java/util/EnumMap$EntrySet
Event: 4.457 Loading class java/util/EnumMap$EntrySet done
Event: 4.457 Loading class java/util/EnumMap$EntryIterator
Event: 4.457 Loading class java/util/EnumMap$EnumMapIterator
Event: 4.457 Loading class java/util/EnumMap$EnumMapIterator done
Event: 4.457 Loading class java/util/EnumMap$EntryIterator done
Event: 4.457 Loading class java/util/EnumMap$EntryIterator$Entry
Event: 4.457 Loading class java/util/EnumMap$EntryIterator$Entry done
Event: 5.277 Loading class java/util/regex/Pattern$StartS
Event: 5.277 Loading class java/util/regex/Pattern$StartS done
Event: 5.743 Loading class java/lang/Short$ShortCache
Event: 5.744 Loading class java/lang/Short$ShortCache done
Event: 5.936 Loading class java/util/Collections$SynchronizedMap
Event: 5.936 Loading class java/util/Collections$SynchronizedMap done

Classes unloaded (0 events):
No events

Classes redefined (0 events):
No events

Internal exceptions (20 events):
Event: 4.437 Thread 0x000001a17ad20320 Exception <a 'java/lang/NoSuchMethodError'{0x0000000710277030}: 'java.lang.Object java.lang.invoke.DirectMethodHandle$Holder.invokeStatic(java.lang.Object, java.lang.Object, java.lang.Object, java.lang.Object, java.lang.Object, int)'> (0x0000000710277030) 
thrown [s\src\hotspot\share\interpreter\linkResolver.cpp, line 784]
Event: 4.457 Thread 0x000001a17ad20320 Implicit null exception at 0x000001a10b062d63 to 0x000001a10b062f1c
Event: 4.807 Thread 0x000001a17ad20320 Exception <a 'java/lang/NoSuchMethodError'{0x000000070e1a40f8}: 'java.lang.Object java.lang.invoke.DirectMethodHandle$Holder.newInvokeSpecial(java.lang.Object, java.lang.Object, int, java.lang.Object, java.lang.Object, java.lang.Object)'> (0x000000070e1a40f8) 
thrown [s\src\hotspot\share\interpreter\linkResolver.cpp, line 784]
Event: 4.807 Thread 0x000001a17ad20320 Exception <a 'java/lang/NoSuchMethodError'{0x000000070e1a81c8}: 'java.lang.Object java.lang.invoke.DirectMethodHandle$Holder.invokeSpecial(java.lang.Object, java.lang.Object, java.lang.Object, int, java.lang.Object, java.lang.Object, java.lang.Object)'> (0x000000070e1a81c8) 
thrown [s\src\hotspot\share\interpreter\linkResolver.cpp, line 784]
Event: 4.808 Thread 0x000001a17ad20320 Exception <a 'java/lang/NoSuchMethodError'{0x000000070e1ab840}: 'java.lang.Object java.lang.invoke.Invokers$Holder.linkToTargetMethod(java.lang.Object, int, java.lang.Object, java.lang.Object, java.lang.Object, java.lang.Object)'> (0x000000070e1ab840) 
thrown [s\src\hotspot\share\interpreter\linkResolver.cpp, line 784]
Event: 4.910 Thread 0x000001a17ad20320 Exception <a 'java/lang/NoSuchMethodError'{0x0000000710c5f868}: 'java.lang.Object java.lang.invoke.DirectMethodHandle$Holder.newInvokeSpecial(java.lang.Object, java.lang.Object, java.lang.Object, java.lang.Object, java.lang.Object, java.lang.Object, int)'> (0x0000000710c5f868) 
thrown [s\src\hotspot\share\interpreter\linkResolver.cpp, line 784]
Event: 4.910 Thread 0x000001a17ad20320 Exception <a 'java/lang/NoSuchMethodError'{0x0000000710c63dd0}: 'java.lang.Object java.lang.invoke.DirectMethodHandle$Holder.invokeSpecial(java.lang.Object, java.lang.Object, java.lang.Object, java.lang.Object, java.lang.Object, java.lang.Object, java.lang.Object, int)'> (0x0000000710c63dd0) 
thrown [s\src\hotspot\share\interpreter\linkResolver.cpp, line 784]
Event: 4.910 Thread 0x000001a17ad20320 Exception <a 'java/lang/NoSuchMethodError'{0x0000000710c67f38}: 'java.lang.Object java.lang.invoke.Invokers$Holder.linkToTargetMethod(java.lang.Object, java.lang.Object, java.lang.Object, java.lang.Object, java.lang.Object, int, java.lang.Object)'> (0x0000000710c67f38) 
thrown [s\src\hotspot\share\interpreter\linkResolver.cpp, line 784]
Event: 5.111 Thread 0x000001a17ad20320 Implicit null exception at 0x000001a10ae42d22 to 0x000001a10ae43038
Event: 5.124 Thread 0x000001a17ad20320 Implicit null exception at 0x000001a10ae175a2 to 0x000001a10ae178b8
Event: 5.289 Thread 0x000001a17ad20320 Exception <a 'java/lang/NoSuchMethodError'{0x000000071229f310}: 'java.lang.Object java.lang.invoke.DirectMethodHandle$Holder.newInvokeSpecial(java.lang.Object, java.lang.Object, java.lang.Object, java.lang.Object, java.lang.Object, java.lang.Object, java.lang.Object, java.lang.Object, int)'> (0x000000071229f310) 
thrown [s\src\hotspot\share\interpreter\linkResolver.cpp, line 784]
Event: 5.289 Thread 0x000001a17ad20320 Exception <a 'java/lang/NoSuchMethodError'{0x00000007122a4008}: 'java.lang.Object java.lang.invoke.DirectMethodHandle$Holder.invokeSpecial(java.lang.Object, java.lang.Object, java.lang.Object, java.lang.Object, java.lang.Object, java.lang.Object, java.lang.Object, java.lang.Object, java.lang.Object, int)'> (0x00000007122a4008) 
thrown [s\src\hotspot\share\interpreter\linkResolver.cpp, line 784]
Event: 5.382 Thread 0x000001a17ad20320 Exception <a 'java/lang/NoSuchMethodError'{0x0000000711e370b0}: 'java.lang.Object java.lang.invoke.DirectMethodHandle$Holder.newInvokeSpecial(java.lang.Object, java.lang.Object, java.lang.Object, java.lang.Object, java.lang.Object, java.lang.Object, java.lang.Object, int)'> (0x0000000711e370b0) 
thrown [s\src\hotspot\share\interpreter\linkResolver.cpp, line 784]
Event: 5.382 Thread 0x000001a17ad20320 Exception <a 'java/lang/NoSuchMethodError'{0x0000000711e3b6c0}: 'java.lang.Object java.lang.invoke.DirectMethodHandle$Holder.invokeSpecial(java.lang.Object, java.lang.Object, java.lang.Object, java.lang.Object, java.lang.Object, java.lang.Object, java.lang.Object, java.lang.Object, int)'> (0x0000000711e3b6c0) 
thrown [s\src\hotspot\share\interpreter\linkResolver.cpp, line 784]
Event: 5.382 Thread 0x000001a17ad20320 Exception <a 'java/lang/NoSuchMethodError'{0x0000000711e3f5e8}: 'java.lang.Object java.lang.invoke.Invokers$Holder.linkToTargetMethod(java.lang.Object, java.lang.Object, java.lang.Object, java.lang.Object, java.lang.Object, java.lang.Object, int, java.lang.Object)'> (0x0000000711e3f5e8) 
thrown [s\src\hotspot\share\interpreter\linkResolver.cpp, line 784]
Event: 5.933 Thread 0x000001a17ad20320 Exception <a 'java/lang/NoSuchMethodError'{0x0000000711d24c70}: 'java.lang.Object java.lang.invoke.DirectMethodHandle$Holder.invokeStatic(java.lang.Object, java.lang.Object, int, java.lang.Object, java.lang.Object)'> (0x0000000711d24c70) 
thrown [s\src\hotspot\share\interpreter\linkResolver.cpp, line 784]
Event: 5.934 Thread 0x000001a17ad20320 Exception <a 'java/lang/NoSuchMethodError'{0x0000000711d2c200}: 'java.lang.Object java.lang.invoke.DirectMethodHandle$Holder.newInvokeSpecial(java.lang.Object, java.lang.Object, int, java.lang.Object, java.lang.Object)'> (0x0000000711d2c200) 
thrown [s\src\hotspot\share\interpreter\linkResolver.cpp, line 784]
Event: 5.934 Thread 0x000001a17ad20320 Exception <a 'java/lang/NoSuchMethodError'{0x0000000711d306b8}: 'java.lang.Object java.lang.invoke.DirectMethodHandle$Holder.invokeSpecial(java.lang.Object, java.lang.Object, java.lang.Object, int, java.lang.Object, java.lang.Object)'> (0x0000000711d306b8) 
thrown [s\src\hotspot\share\interpreter\linkResolver.cpp, line 784]
Event: 5.934 Thread 0x000001a17ad20320 Exception <a 'java/lang/NoSuchMethodError'{0x0000000711d341b0}: 'java.lang.Object java.lang.invoke.Invokers$Holder.linkToTargetMethod(java.lang.Object, int, java.lang.Object, java.lang.Object, java.lang.Object)'> (0x0000000711d341b0) 
thrown [s\src\hotspot\share\interpreter\linkResolver.cpp, line 784]
Event: 6.435 Thread 0x000001a17ad20320 Exception <a 'java/lang/NoSuchMethodError'{0x00000007118a08e0}: 'java.lang.Object java.lang.invoke.DirectMethodHandle$Holder.invokeStatic(java.lang.Object, java.lang.Object, java.lang.Object, java.lang.Object, java.lang.Object, int, java.lang.Object, java.lang.Object)'> (0x00000007118a08e0) 
thrown [s\src\hotspot\share\interpreter\linkResolver.cpp, line 784]

ZGC Phase Switch (0 events):
No events

VM Operations (20 events):
Event: 6.025 Executing VM operation: HandshakeAllThreads (Deoptimize)
Event: 6.025 Executing VM operation: HandshakeAllThreads (Deoptimize) done
Event: 6.032 Executing VM operation: HandshakeAllThreads (Deoptimize)
Event: 6.032 Executing VM operation: HandshakeAllThreads (Deoptimize) done
Event: 6.093 Executing VM operation: ICBufferFull
Event: 6.093 Executing VM operation: ICBufferFull done
Event: 6.114 Executing VM operation: HandshakeAllThreads (Deoptimize)
Event: 6.114 Executing VM operation: HandshakeAllThreads (Deoptimize) done
Event: 6.155 Executing VM operation: HandshakeAllThreads (Deoptimize)
Event: 6.155 Executing VM operation: HandshakeAllThreads (Deoptimize) done
Event: 6.177 Executing VM operation: ICBufferFull
Event: 6.177 Executing VM operation: ICBufferFull done
Event: 6.248 Executing VM operation: ICBufferFull
Event: 6.248 Executing VM operation: ICBufferFull done
Event: 6.301 Executing VM operation: G1CollectForAllocation (G1 Evacuation Pause)
Event: 6.310 Executing VM operation: G1CollectForAllocation (G1 Evacuation Pause) done
Event: 6.459 Executing VM operation: ICBufferFull
Event: 6.459 Executing VM operation: ICBufferFull done
Event: 6.500 Executing VM operation: HandshakeAllThreads (Deoptimize)
Event: 6.500 Executing VM operation: HandshakeAllThreads (Deoptimize) done

Memory protections (0 events):
No events

Nmethod flushes (20 events):
Event: 5.255 Thread 0x000001a1181037e0 flushing  nmethod 0x000001a103dc2f10
Event: 5.255 Thread 0x000001a1181037e0 flushing  nmethod 0x000001a103dc6090
Event: 5.255 Thread 0x000001a1181037e0 flushing  nmethod 0x000001a104000390
Event: 5.255 Thread 0x000001a1181037e0 flushing  nmethod 0x000001a10315d790
Event: 5.255 Thread 0x000001a1181037e0 flushing  nmethod 0x000001a1032d5610
Event: 5.255 Thread 0x000001a1181037e0 flushing  nmethod 0x000001a1036e9010
Event: 5.255 Thread 0x000001a1181037e0 flushing  nmethod 0x000001a1036ea510
Event: 5.255 Thread 0x000001a1181037e0 flushing  nmethod 0x000001a103799690
Event: 5.255 Thread 0x000001a1181037e0 flushing  nmethod 0x000001a1037d6290
Event: 5.255 Thread 0x000001a1181037e0 flushing  nmethod 0x000001a1037d9510
Event: 5.255 Thread 0x000001a1181037e0 flushing  nmethod 0x000001a1038bad90
Event: 5.255 Thread 0x000001a1181037e0 flushing  nmethod 0x000001a1038bd890
Event: 5.255 Thread 0x000001a1181037e0 flushing  nmethod 0x000001a1038bec10
Event: 5.255 Thread 0x000001a1181037e0 flushing  nmethod 0x000001a103931a10
Event: 5.255 Thread 0x000001a1181037e0 flushing  nmethod 0x000001a10393f290
Event: 5.255 Thread 0x000001a1181037e0 flushing  nmethod 0x000001a103b32d90
Event: 5.255 Thread 0x000001a1181037e0 flushing  nmethod 0x000001a103cbb810
Event: 5.255 Thread 0x000001a1181037e0 flushing  nmethod 0x000001a103e21910
Event: 5.255 Thread 0x000001a1181037e0 flushing  nmethod 0x000001a103e96710
Event: 5.255 Thread 0x000001a1181037e0 flushing  nmethod 0x000001a103ea4790

Events (20 events):
Event: 0.357 Thread 0x000001a1183e7170 Thread exited: 0x000001a1183e7170
Event: 0.858 Thread 0x000001a1186dca40 Thread added: 0x000001a11daab360
Event: 0.905 Thread 0x000001a11daab360 Thread added: 0x000001a11d7345c0
Event: 0.905 Thread 0x000001a11daab360 Thread added: 0x000001a11d734c70
Event: 1.125 Thread 0x000001a118195e90 Thread added: 0x000001a121564c70
Event: 1.125 Thread 0x000001a118195e90 Thread added: 0x000001a1212e6db0
Event: 1.125 Thread 0x000001a118195e90 Thread added: 0x000001a11db64f90
Event: 1.125 Thread 0x000001a118195e90 Thread added: 0x000001a11db65640
Event: 1.266 Thread 0x000001a11db65640 Thread exited: 0x000001a11db65640
Event: 1.294 Thread 0x000001a11db64f90 Thread exited: 0x000001a11db64f90
Event: 1.535 Thread 0x000001a1212e6db0 Thread exited: 0x000001a1212e6db0
Event: 2.264 Thread 0x000001a121564c70 Thread exited: 0x000001a121564c70
Event: 2.614 Thread 0x000001a1181672f0 Thread added: 0x000001a11d82bbb0
Event: 4.396 Thread 0x000001a11d82bbb0 Thread exited: 0x000001a11d82bbb0
Event: 4.398 Thread 0x000001a11d734c70 Thread exited: 0x000001a11d734c70
Event: 5.678 Thread 0x000001a1186deca0 Thread added: 0x000001a122d656d0
Event: 5.694 Thread 0x000001a118228d90 Thread added: 0x000001a122d67210
Event: 5.694 Thread 0x000001a118228d90 Thread added: 0x000001a122d69420
Event: 5.694 Thread 0x000001a118228d90 Thread added: 0x000001a122d69af0
Event: 5.694 Thread 0x000001a118228d90 Thread added: 0x000001a122d6a1c0


Dynamic libraries:
0x00007ff797020000 - 0x00007ff79702a000 	C:\Software\Android Studio\jbr\bin\java.exe
0x00007ffd59e00000 - 0x00007ffd5a067000 	C:\Windows\SYSTEM32\ntdll.dll
0x00007ffd582f0000 - 0x00007ffd583b9000 	C:\Windows\System32\KERNEL32.DLL
0x00007ffd56a70000 - 0x00007ffd56e61000 	C:\Windows\System32\KERNELBASE.dll
0x00007ffd56860000 - 0x00007ffd569ab000 	C:\Windows\System32\ucrtbase.dll
0x00007ffd26f20000 - 0x00007ffd26f38000 	C:\Software\Android Studio\jbr\bin\jli.dll
0x00007ffd53770000 - 0x00007ffd5378b000 	C:\Software\Android Studio\jbr\bin\VCRUNTIME140.dll
0x00007ffd59490000 - 0x00007ffd59655000 	C:\Windows\System32\USER32.dll
0x00007ffd3ee30000 - 0x00007ffd3f0c3000 	C:\Windows\WinSxS\amd64_microsoft.windows.common-controls_6595b64144ccf1df_6.0.26100.8037_none_3e092faae333b53b\COMCTL32.dll
0x00007ffd56a40000 - 0x00007ffd56a67000 	C:\Windows\System32\win32u.dll
0x00007ffd583c0000 - 0x00007ffd58469000 	C:\Windows\System32\msvcrt.dll
0x00007ffd59d90000 - 0x00007ffd59dbb000 	C:\Windows\System32\GDI32.dll
0x00007ffd57090000 - 0x00007ffd571bb000 	C:\Windows\System32\gdi32full.dll
0x00007ffd56e70000 - 0x00007ffd56f13000 	C:\Windows\System32\msvcp_win.dll
0x00007ffd593b0000 - 0x00007ffd593e1000 	C:\Windows\System32\IMM32.DLL
0x00007ffd53b90000 - 0x00007ffd53b9c000 	C:\Software\Android Studio\jbr\bin\vcruntime140_1.dll
0x00007ffd26e40000 - 0x00007ffd26ecd000 	C:\Software\Android Studio\jbr\bin\msvcp140.dll
0x00007ffcc8610000 - 0x00007ffcc92a6000 	C:\Software\Android Studio\jbr\bin\server\jvm.dll
0x00007ffd57f90000 - 0x00007ffd5804b000 	C:\Windows\System32\ADVAPI32.dll
0x00007ffd57ba0000 - 0x00007ffd57c47000 	C:\Windows\System32\sechost.dll
0x00007ffd59a70000 - 0x00007ffd59b88000 	C:\Windows\System32\RPCRT4.dll
0x00007ffd599f0000 - 0x00007ffd59a64000 	C:\Windows\System32\WS2_32.dll
0x00007ffd50740000 - 0x00007ffd5074b000 	C:\Windows\SYSTEM32\VERSION.dll
0x00007ffd562d0000 - 0x00007ffd5632e000 	C:\Windows\SYSTEM32\POWRPROF.dll
0x00007ffd53240000 - 0x00007ffd53275000 	C:\Windows\SYSTEM32\WINMM.dll
0x00007ffd562b0000 - 0x00007ffd562c4000 	C:\Windows\SYSTEM32\UMPDC.dll
0x00007ffd55430000 - 0x00007ffd5544b000 	C:\Windows\SYSTEM32\kernel.appcore.dll
0x00007ffd53ac0000 - 0x00007ffd53aca000 	C:\Software\Android Studio\jbr\bin\jimage.dll
0x00007ffd54700000 - 0x00007ffd54942000 	C:\Windows\SYSTEM32\DBGHELP.DLL
0x00007ffd59660000 - 0x00007ffd599e2000 	C:\Windows\System32\combase.dll
0x00007ffd58470000 - 0x00007ffd58547000 	C:\Windows\System32\OLEAUT32.dll
0x00007ffd2acf0000 - 0x00007ffd2ad2b000 	C:\Windows\SYSTEM32\dbgcore.DLL
0x00007ffd57280000 - 0x00007ffd57325000 	C:\Windows\System32\bcryptPrimitives.dll
0x00007ffd50b60000 - 0x00007ffd50b80000 	C:\Software\Android Studio\jbr\bin\java.dll
0x00007ffd506a0000 - 0x00007ffd506b8000 	C:\Software\Android Studio\jbr\bin\zip.dll
0x00007ffd58c40000 - 0x00007ffd5939f000 	C:\Windows\System32\SHELL32.dll
0x00007ffd56f20000 - 0x00007ffd5708a000 	C:\Windows\System32\wintypes.dll
0x00007ffd57330000 - 0x00007ffd57b94000 	C:\Windows\System32\windows.storage.dll
0x00007ffd57e40000 - 0x00007ffd57f37000 	C:\Windows\System32\SHCORE.dll
0x00007ffd580e0000 - 0x00007ffd58147000 	C:\Windows\System32\shlwapi.dll
0x00007ffd56600000 - 0x00007ffd56629000 	C:\Windows\SYSTEM32\profapi.dll
0x00007ffd53970000 - 0x00007ffd53980000 	C:\Software\Android Studio\jbr\bin\net.dll
0x00007ffd504f0000 - 0x00007ffd50617000 	C:\Windows\SYSTEM32\WINHTTP.dll
0x00007ffd55980000 - 0x00007ffd559eb000 	C:\Windows\system32\mswsock.dll
0x00007ffd4ee40000 - 0x00007ffd4ee56000 	C:\Software\Android Studio\jbr\bin\nio.dll
0x00007ffd50270000 - 0x00007ffd50279000 	C:\Software\Android Studio\jbr\bin\management.dll
0x00007ffd3a800000 - 0x00007ffd3a80b000 	C:\Software\Android Studio\jbr\bin\management_ext.dll
0x00007ffd59480000 - 0x00007ffd59488000 	C:\Windows\System32\PSAPI.DLL
0x00007ffd2bd80000 - 0x00007ffd2bd90000 	C:\Software\Android Studio\jbr\bin\verify.dll

JVMTI agents: none

dbghelp: loaded successfully - version: 4.0.5 - missing functions: none
symbol engine: initialized successfully - sym options: 0x614 - pdb path: .;C:\Software\Android Studio\jbr\bin;C:\Windows\SYSTEM32;C:\Windows\WinSxS\amd64_microsoft.windows.common-controls_6595b64144ccf1df_6.0.26100.8037_none_3e092faae333b53b;C:\Software\Android Studio\jbr\bin\server

VM Arguments:
java_command: org.jetbrains.kotlin.cli.jvm.K2JVMCompiler @C:\Users\student\Downloads\mobilne_projekt_lab5\mobilne_projekt_lab5\mobilne_projekt_lab2\mobilne_projekt_lab2\mobilne_projekt_lab1 (1)\mobilne_projekt_lab\app\build\20260422_16812449420135815088.compiler.options
java_class_path (initial): C:\Users\student\.gradle\caches\modules-2\files-2.1\org.jetbrains.kotlin\kotlin-compiler-embeddable\2.2.10\6882d39ef03b18879c1a5d2a83c2212361bed5fe\kotlin-compiler-embeddable-2.2.10.jar;C:\Users\student\.gradle\caches\modules-2\files-2.1\org.jetbrains.kotlin\kotlin-stdlib\2.2.10\30de6faa127a4a012db8e71bf1b9c0a99b1402b2\kotlin-stdlib-2.2.10.jar;C:\Users\student\.gradle\caches\modules-2\files-2.1\org.jetbrains.kotlin\kotlin-script-runtime\2.2.10\712f9bc08f378c13a4a00f0bbb28c76e59183e83\kotlin-script-runtime-2.2.10.jar;C:\Users\student\.gradle\caches\modules-2\files-2.1\org.jetbrains.kotlin\kotlin-reflect\1.6.10\1cbe9c92c12a94eea200d23c2bbaedaf3daf5132\kotlin-reflect-1.6.10.jar;C:\Users\student\.gradle\caches\modules-2\files-2.1\org.jetbrains.kotlin\kotlin-daemon-embeddable\2.2.10\212fd3c2c6e4e5d0f4db3c4191233e2b622380cc\kotlin-daemon-embeddable-2.2.10.jar;C:\Users\student\.gradle\caches\modules-2\files-2.1\org.jetbrains.kotlinx\kotlinx-coroutines-core-jvm\1.8.0\ac1dc37a30a93150b704022f8d895ee1bd3a36b3\kotlinx-coroutines-core-jvm-1.8.0.jar;C:\Users\student\.gradle\caches\modules-2\files-2.1\org.jetbrains\annotations\13.0\919f0dfe192fb4e063e7dacadee7f8bb9a2672a9\annotations-13.0.jar
Launcher Type: SUN_STANDARD

[Global flags]
     intx CICompilerCount                          = 12                                        {product} {ergonomic}
     uint ConcGCThreads                            = 4                                         {product} {ergonomic}
     uint G1ConcRefinementThreads                  = 15                                        {product} {ergonomic}
   size_t G1HeapRegionSize                         = 2097152                                   {product} {ergonomic}
    uintx GCDrainStackTargetSize                   = 64                                        {product} {ergonomic}
   size_t InitialHeapSize                          = 264241152                                 {product} {ergonomic}
   size_t MarkStackSize                            = 4194304                                   {product} {ergonomic}
   size_t MaxHeapSize                              = 4213178368                                {product} {ergonomic}
   size_t MaxNewSize                               = 2527068160                                {product} {ergonomic}
   size_t MinHeapDeltaBytes                        = 2097152                                   {product} {ergonomic}
   size_t MinHeapSize                              = 8388608                                   {product} {ergonomic}
    uintx NonNMethodCodeHeapSize                   = 7602480                                {pd product} {ergonomic}
    uintx NonProfiledCodeHeapSize                  = 122027880                              {pd product} {ergonomic}
    uintx ProfiledCodeHeapSize                     = 122027880                              {pd product} {ergonomic}
    uintx ReservedCodeCacheSize                    = 251658240                              {pd product} {ergonomic}
     bool SegmentedCodeCache                       = true                                      {product} {ergonomic}
   size_t SoftMaxHeapSize                          = 4213178368                             {manageable} {ergonomic}
     bool UseCompressedOops                        = true                           {product lp64_product} {ergonomic}
     bool UseG1GC                                  = true                                      {product} {ergonomic}
     bool UseLargePagesIndividualAllocation        = false                                  {pd product} {ergonomic}

Logging:
Log output configuration:
 #0: stdout all=warning uptime,level,tags foldmultilines=false
 #1: stderr all=off uptime,level,tags foldmultilines=false

Release file:
JAVA_VERSION="21.0.9" 
MODULES="java.base java.compiler java.datatransfer java.xml java.prefs java.desktop java.instrument java.logging java.management java.security.sasl java.naming java.rmi java.management.rmi java.net.http java.scripting java.security.jgss java.transaction.xa java.sql java.sql.rowset java.xml.crypto java.se java.smartcardio jdk.accessibility jdk.internal.jvmstat jdk.attach jdk.charsets jdk.internal.opt jdk.zipfs jdk.compiler jdk.crypto.ec jdk.crypto.cryptoki jdk.dynalink jdk.hotspot.agent jdk.httpserver jdk.internal.ed jdk.internal.le jdk.internal.vm.ci jdk.jartool jdk.javadoc jdk.jcmd jdk.jdeps jdk.jdwp.agent jdk.jdi jdk.jfr jdk.jlink jdk.jsobject jdk.localedata jdk.management jdk.management.agent jdk.management.jfr jdk.naming.dns jdk.naming.rmi jdk.net jdk.sctp jdk.security.auth jdk.security.jgss jdk.unsupported jdk.unsupported.desktop jdk.xml.dom" 
IMPLEMENTOR="JetBrains s.r.o." 
JAVA_RUNTIME_VERSION="21.0.9+-14787801-b1163.94" 
LIBC="default" 
OS_ARCH="x86_64" 
OS_NAME="Windows" 
SOURCE=".:git:0c757ddc9f2f" 

Environment Variables:
JAVA_HOME=C:\Program Files\Java\jdk-24
PATH=C:\software\Python\Python313\Scripts\;C:\software\Python\Python313\;C:\Program Files\Common Files\Oracle\Java\javapath;C:\Windows\system32;C:\Windows;C:\Windows\System32\Wbem;C:\Windows\System32\WindowsPowerShell\v1.0\;C:\Windows\System32\OpenSSH\;C:\software\MiKTeX\miktex\bin\x64\;C:\Program Files\Docker\Docker\resources\bin;C:\software\Git\cmd;C:\software\swipl\bin;C:\software\TortoiseSVN\bin;C:\software\Microsoft VS Code\bin;C:\Program Files\Microsoft SQL Server\150\Tools\Binn\;C:\Program Files (x86)\Windows Kits\10\Windows Performance Toolkit\;C:\Software\apache-maven-3.9.9\bin;C:\Software\apache-ant-1.10.15\bin;C:\Program Files\Java\jdk-24\bin;C:\Users\student\AppData\Local\Microsoft\WindowsApps;
USERNAME=student
OS=Windows_NT
PROCESSOR_IDENTIFIER=Intel64 Family 6 Model 191 Stepping 2, GenuineIntel
TMP=C:\Users\student\AppData\Local\Temp
TEMP=C:\Users\student\AppData\Local\Temp




Periodic native trim disabled

JNI global refs:
JNI global refs: 20, weak refs: 0

JNI global refs memory usage: 835, weak refs: 201

Process memory usage:
Resident Set Size: 530936K (3% of 16456428K total physical memory with 2078624K free physical memory)

OOME stack traces (most recent first):
Classloader memory used:
Loader jdk.internal.loader.ClassLoaders$AppClassLoader                                 : 63097K
Loader bootstrap                                                                       : 12044K
Loader java.net.URLClassLoader                                                         : 2118K
Loader jdk.internal.jrtfs.JrtFileSystemProvider$JrtFsLoader                            : 329K
Loader jdk.internal.loader.ClassLoaders$PlatformClassLoader                            : 67872B

Classes loaded by more than one classloader:
Class jdk.internal.jimage.BasicImageReader                                            : loaded 2 times (x 95B)
Class jdk.internal.jimage.decompressor.StringSharingDecompressorFactory               : loaded 2 times (x 74B)
Class jdk.internal.jrtfs.JrtFileSystemProvider                                        : loaded 2 times (x 101B)
Class jdk.internal.jimage.ImageLocation                                               : loaded 2 times (x 90B)
Class jdk.internal.jimage.ImageBufferCache$1                                          : loaded 2 times (x 83B)
Class jdk.internal.jimage.ImageBufferCache$2                                          : loaded 2 times (x 91B)
Class jdk.internal.jimage.ImageHeader                                                 : loaded 2 times (x 71B)
Class jdk.internal.jimage.decompressor.ResourceDecompressor                           : loaded 2 times (x 70B)
Class jdk.internal.jimage.ImageStringsReader                                          : loaded 2 times (x 80B)
Class jdk.internal.jimage.ImageReader                                                 : loaded 2 times (x 75B)
Class jdk.internal.jimage.ImageReader$SharedImageReader                               : loaded 2 times (x 95B)
Class jdk.internal.jimage.decompressor.ResourceDecompressorFactory                    : loaded 2 times (x 74B)
Class jdk.internal.jimage.ImageReader$Node                                            : loaded 2 times (x 84B)
Class jdk.internal.jimage.BasicImageReader$1                                          : loaded 2 times (x 77B)
Class jdk.internal.jimage.decompressor.Decompressor                                   : loaded 2 times (x 72B)
Class jdk.internal.jimage.ImageBufferCache                                            : loaded 2 times (x 71B)
Class jdk.internal.jrtfs.JrtPath                                                      : loaded 2 times (x 118B)
Class jdk.internal.jimage.decompressor.ResourceDecompressorRepository                 : loaded 2 times (x 71B)
Class jdk.internal.jimage.ImageReader$Directory                                       : loaded 2 times (x 84B)
Class jdk.internal.jimage.decompressor.ZipDecompressorFactory                         : loaded 2 times (x 74B)
Class jdk.internal.jimage.decompressor.ZipDecompressor                                : loaded 2 times (x 75B)
Class jdk.internal.jimage.ImageStrings                                                : loaded 2 times (x 70B)
Class jdk.internal.jrtfs.JrtFileSystem                                                : loaded 2 times (x 102B)
Class jdk.internal.jimage.decompressor.CompressedResourceHeader                       : loaded 2 times (x 71B)
Class jdk.internal.jimage.decompressor.ResourceDecompressor$StringsProvider           : loaded 2 times (x 70B)

---------------  S Y S T E M  ---------------

OS:
 Windows 11 , 64 bit Build 26100 (10.0.26100.7920)
OS uptime: 0 days 0:54 hours
Hyper-V role detected

CPU: total 20 (initial active 20) (10 cores per cpu, 2 threads per core) family 6 model 191 stepping 2 microcode 0x3a, cx8, cmov, fxsr, ht, mmx, 3dnowpref, sse, sse2, sse3, ssse3, sse4.1, sse4.2, popcnt, lzcnt, tsc, tscinvbit, avx, avx2, aes, erms, clmul, bmi1, bmi2, adx, sha, fma, vzeroupper, clflush, clflushopt, clwb, hv, serialize, rdtscp, rdpid, fsrm, f16c, cet_ibt, cet_ss
Processor Information for the first 20 processors :
  Max Mhz: 2600, Current Mhz: 2600, Mhz Limit: 2600

Memory: 4k page, system-wide physical 16070M (2030M free)
TotalPageFile size 16070M (AvailPageFile size 2M)
current process WorkingSet (physical memory assigned to process): 518M, peak: 522M
current process commit charge ("private bytes"): 553M, peak: 559M

vm_info: OpenJDK 64-Bit Server VM (21.0.9+-14787801-b1163.94) for windows-amd64 JRE (21.0.9+-14787801-b1163.94), built on 2026-01-27T21:15:44Z by "builder" with MS VC++ 16.10 / 16.11 (VS2019)

END.
