#
# There is insufficient memory for the Java Runtime Environment to continue.
# Native memory allocation (mmap) failed to map 130023424 bytes. Error detail: G1 virtual space
# Possible reasons:
#   The system is out of physical RAM or swap space
#   This process is running with CompressedOops enabled, and the Java Heap may be blocking the growth of the native heap
# Possible solutions:
#   Reduce memory load on the system
#   Increase physical memory or swap space
#   Check if swap backing store is full
#   Decrease Java heap size (-Xmx/-Xms)
#   Decrease number of Java threads
#   Decrease Java thread stack sizes (-Xss)
#   Set larger code cache with -XX:ReservedCodeCacheSize=
#   JVM is running with Zero Based Compressed Oops mode in which the Java heap is
#     placed in the first 32GB address space. The Java Heap base address is the
#     maximum limit for the native heap growth. Please use -XX:HeapBaseMinAddress
#     to set the Java Heap base and to place the Java Heap above 32GB virtual address.
# This output file may be truncated or incomplete.
#
#  Out of Memory Error (os_windows.cpp:3925), pid=7692, tid=16168
#
# JRE version: OpenJDK Runtime Environment (21.0.9) (build 21.0.9+-14787801-b1163.94)
# Java VM: OpenJDK 64-Bit Server VM (21.0.9+-14787801-b1163.94, mixed mode, tiered, compressed oops, compressed class ptrs, g1 gc, windows-amd64)
# No core dump will be written. Minidumps are not enabled by default on client versions of Windows
#

---------------  S U M M A R Y ------------

Command Line: org.jetbrains.kotlin.cli.jvm.K2JVMCompiler @C:\Users\student\Downloads\mobilne_projekt_lab5\mobilne_projekt_lab5\mobilne_projekt_lab2\mobilne_projekt_lab2\mobilne_projekt_lab1 (1)\mobilne_projekt_lab\app\build\20260422_2670704766311544453.compiler.options

Host: Intel(R) Core(TM) i5-14500, 20 cores, 15G,  Windows 11 , 64 bit Build 26100 (10.0.26100.7920)
Time: Wed Apr 22 08:50:38 2026 Central European Daylight Time elapsed time: 4.648491 seconds (0d 0h 0m 4s)

---------------  T H R E A D  ---------------

Current thread (0x000001cd236a9930):  VMThread "VM Thread"          [id=16168, stack(0x0000005da1100000,0x0000005da1200000) (1024K)]

Stack: [0x0000005da1100000,0x0000005da1200000]
Native frames: (J=compiled Java code, j=interpreted, Vv=VM code, C=native code)
V  [jvm.dll+0x6d6c99]
V  [jvm.dll+0x866b83]
V  [jvm.dll+0x8691ae]
V  [jvm.dll+0x869893]
V  [jvm.dll+0x280776]
V  [jvm.dll+0x6d3555]
V  [jvm.dll+0x6c6bea]
V  [jvm.dll+0x3587fb]
V  [jvm.dll+0x360476]
V  [jvm.dll+0x3b2646]
V  [jvm.dll+0x3b2918]
V  [jvm.dll+0x32af0c]
V  [jvm.dll+0x32af97]
V  [jvm.dll+0x370e7c]
V  [jvm.dll+0x36f62e]
V  [jvm.dll+0x32a661]
V  [jvm.dll+0x36ed30]
V  [jvm.dll+0x86f618]
V  [jvm.dll+0x870994]
V  [jvm.dll+0x870ed0]
V  [jvm.dll+0x871163]
V  [jvm.dll+0x80f118]
V  [jvm.dll+0x6d54ed]
C  [ucrtbase.dll+0x37b0]
C  [KERNEL32.DLL+0x2e8d7]
C  [ntdll.dll+0x8c48c]

VM_Operation (0x0000005da0af2ea0): G1CollectForAllocation, mode: safepoint, requested by thread 0x000001cd06e0f130


---------------  P R O C E S S  ---------------

Threads class SMR info:
_java_thread_list=0x000001cd34daf890, length=19, elements={
0x000001cd06e0f130, 0x000001cd24306880, 0x000001cd243311f0, 0x000001cd2435b690,
0x000001cd2436e5c0, 0x000001cd243481e0, 0x000001cd24349f30, 0x000001cd2434a990,
0x000001cd2432b340, 0x000001cd2432c950, 0x000001cd244dfbe0, 0x000001cd24524ea0,
0x000001cd245b33c0, 0x000001cd248474e0, 0x000001cd24bcec10, 0x000001cd2e63be10,
0x000001cd2e7d7760, 0x000001cd2ec2c940, 0x000001cd35379050
}

Java Threads: ( => current thread )
  0x000001cd06e0f130 JavaThread "main"                              [_thread_blocked, id=8880, stack(0x0000005da0a00000,0x0000005da0b00000) (1024K)]
  0x000001cd24306880 JavaThread "Common-Cleaner"             daemon [_thread_blocked, id=9136, stack(0x0000005da1200000,0x0000005da1300000) (1024K)]
  0x000001cd243311f0 JavaThread "Reference Handler"          daemon [_thread_blocked, id=7864, stack(0x0000005da1300000,0x0000005da1400000) (1024K)]
  0x000001cd2435b690 JavaThread "Finalizer"                  daemon [_thread_blocked, id=12564, stack(0x0000005da1400000,0x0000005da1500000) (1024K)]
  0x000001cd2436e5c0 JavaThread "Signal Dispatcher"          daemon [_thread_blocked, id=13380, stack(0x0000005da1500000,0x0000005da1600000) (1024K)]
  0x000001cd243481e0 JavaThread "Attach Listener"            daemon [_thread_blocked, id=2384, stack(0x0000005da1600000,0x0000005da1700000) (1024K)]
  0x000001cd24349f30 JavaThread "Service Thread"             daemon [_thread_blocked, id=13348, stack(0x0000005da1700000,0x0000005da1800000) (1024K)]
  0x000001cd2434a990 JavaThread "Monitor Deflation Thread"   daemon [_thread_blocked, id=8056, stack(0x0000005da1800000,0x0000005da1900000) (1024K)]
  0x000001cd2432b340 JavaThread "C2 CompilerThread0"         daemon [_thread_blocked, id=3632, stack(0x0000005da1900000,0x0000005da1a00000) (1024K)]
  0x000001cd2432c950 JavaThread "C1 CompilerThread0"         daemon [_thread_blocked, id=14260, stack(0x0000005da1a00000,0x0000005da1b00000) (1024K)]
  0x000001cd244dfbe0 JavaThread "C1 CompilerThread1"         daemon [_thread_blocked, id=18400, stack(0x0000005da1b00000,0x0000005da1c00000) (1024K)]
  0x000001cd24524ea0 JavaThread "Notification Thread"        daemon [_thread_blocked, id=12900, stack(0x0000005da1c00000,0x0000005da1d00000) (1024K)]
  0x000001cd245b33c0 JavaThread "C2 CompilerThread1"         daemon [_thread_blocked, id=5624, stack(0x0000005da1d00000,0x0000005da1e00000) (1024K)]
  0x000001cd248474e0 JavaThread "C1 CompilerThread2"         daemon [_thread_blocked, id=18256, stack(0x0000005da1f00000,0x0000005da2000000) (1024K)]
  0x000001cd24bcec10 JavaThread "C1 CompilerThread3"         daemon [_thread_blocked, id=11660, stack(0x0000005da2000000,0x0000005da2100000) (1024K)]
  0x000001cd2e63be10 JavaThread "C2 CompilerThread2"         daemon [_thread_blocked, id=7580, stack(0x0000005da1e00000,0x0000005da1f00000) (1024K)]
  0x000001cd2e7d7760 JavaThread "C2 CompilerThread3"         daemon [_thread_blocked, id=16716, stack(0x0000005da2b00000,0x0000005da2c00000) (1024K)]
  0x000001cd2ec2c940 JavaThread "C2 CompilerThread4"         daemon [_thread_blocked, id=6392, stack(0x0000005da3300000,0x0000005da3400000) (1024K)]
  0x000001cd35379050 JavaThread "C2 CompilerThread5"         daemon [_thread_blocked, id=14540, stack(0x0000005da3400000,0x0000005da3500000) (1024K)]
Total: 19

Other Threads:
=>0x000001cd236a9930 VMThread "VM Thread"                           [id=16168, stack(0x0000005da1100000,0x0000005da1200000) (1024K)]
  0x000001cd236653a0 WatcherThread "VM Periodic Task Thread"        [id=13648, stack(0x0000005da1000000,0x0000005da1100000) (1024K)]
  0x000001cd0940fb40 WorkerThread "GC Thread#0"                     [id=7428, stack(0x0000005da0b00000,0x0000005da0c00000) (1024K)]
  0x000001cd24d3d3c0 WorkerThread "GC Thread#1"                     [id=576, stack(0x0000005da2100000,0x0000005da2200000) (1024K)]
  0x000001cd24d3f7b0 WorkerThread "GC Thread#2"                     [id=13028, stack(0x0000005da2200000,0x0000005da2300000) (1024K)]
  0x000001cd24d3fb50 WorkerThread "GC Thread#3"                     [id=16676, stack(0x0000005da2300000,0x0000005da2400000) (1024K)]
  0x000001cd24d3fef0 WorkerThread "GC Thread#4"                     [id=14728, stack(0x0000005da2400000,0x0000005da2500000) (1024K)]
  0x000001cd24d40290 WorkerThread "GC Thread#5"                     [id=2984, stack(0x0000005da2500000,0x0000005da2600000) (1024K)]
  0x000001cd290444d0 WorkerThread "GC Thread#6"                     [id=15676, stack(0x0000005da2600000,0x0000005da2700000) (1024K)]
  0x000001cd29044870 WorkerThread "GC Thread#7"                     [id=15612, stack(0x0000005da2700000,0x0000005da2800000) (1024K)]
  0x000001cd29542a90 WorkerThread "GC Thread#8"                     [id=7080, stack(0x0000005da2c00000,0x0000005da2d00000) (1024K)]
  0x000001cd29541fb0 WorkerThread "GC Thread#9"                     [id=2536, stack(0x0000005da2d00000,0x0000005da2e00000) (1024K)]
  0x000001cd295431d0 WorkerThread "GC Thread#10"                    [id=1288, stack(0x0000005da2e00000,0x0000005da2f00000) (1024K)]
  0x000001cd29544ed0 WorkerThread "GC Thread#11"                    [id=17972, stack(0x0000005da3200000,0x0000005da3300000) (1024K)]
  0x000001cd29541870 WorkerThread "GC Thread#12"                    [id=15932, stack(0x0000005da2f00000,0x0000005da3000000) (1024K)]
  0x000001cd2ea8f750 WorkerThread "GC Thread#13"                    [id=17448, stack(0x0000005da3000000,0x0000005da3100000) (1024K)]
  0x000001cd2ea8ddf0 WorkerThread "GC Thread#14"                    [id=4944, stack(0x0000005da3100000,0x0000005da3200000) (1024K)]
  0x000001cd09420630 ConcurrentGCThread "G1 Main Marker"            [id=7720, stack(0x0000005da0c00000,0x0000005da0d00000) (1024K)]
  0x000001cd09421940 WorkerThread "G1 Conc#0"                       [id=18052, stack(0x0000005da0d00000,0x0000005da0e00000) (1024K)]
  0x000001cd290456f0 WorkerThread "G1 Conc#1"                       [id=7492, stack(0x0000005da2800000,0x0000005da2900000) (1024K)]
  0x000001cd29044fb0 WorkerThread "G1 Conc#2"                       [id=6132, stack(0x0000005da2900000,0x0000005da2a00000) (1024K)]
  0x000001cd29045a90 WorkerThread "G1 Conc#3"                       [id=10408, stack(0x0000005da2a00000,0x0000005da2b00000) (1024K)]
  0x000001cd23538000 ConcurrentGCThread "G1 Refine#0"               [id=7432, stack(0x0000005da0e00000,0x0000005da0f00000) (1024K)]
  0x000001cd23538920 ConcurrentGCThread "G1 Service"                [id=6724, stack(0x0000005da0f00000,0x0000005da1000000) (1024K)]
Total: 24

Threads with active compile tasks:
C2 CompilerThread0  4656 8142   !   4       org.jetbrains.kotlin.metadata.jvm.JvmProtoBuf$StringTableTypes::<init> (495 bytes)
C2 CompilerThread1  4656 8147       4       java.util.TreeMap::put (8 bytes)
C2 CompilerThread2  4656 8134   !   4       org.jetbrains.kotlin.metadata.ProtoBuf$Property::<init> (2088 bytes)
C2 CompilerThread3  4656 8146   !   4       org.jetbrains.kotlin.metadata.ProtoBuf$Package::<init> (656 bytes)
C2 CompilerThread4  4656 8144       4       org.jetbrains.org.objectweb.asm.ClassReader::readField (667 bytes)
C2 CompilerThread5  4656 7982       4       org.jetbrains.org.objectweb.asm.ClassReader::readMethod (1093 bytes)
Total: 6

VM state: at safepoint (normal execution)

VM Mutex/Monitor currently owned by a thread:  ([mutex/lock_event])
[0x00007ffcc91c8690] Threads_lock - owner thread: 0x000001cd236a9930
[0x00007ffcc91c8790] Heap_lock - owner thread: 0x000001cd06e0f130

Heap address: 0x0000000704e00000, size: 4018 MB, Compressed Oops mode: Zero based, Oop shift amount: 3

CDS archive(s) not mapped
Compressed class space mapped at: 0x0000000800000000-0x0000000840000000, reserved size: 1073741824
Narrow klass base: 0x0000000800000000, Narrow klass shift: 0, Narrow klass range: 0x40000000

GC Precious Log:
 CardTable entry size: 512
 Card Set container configuration: InlinePtr #cards 4 size 8 Array Of Cards #cards 16 size 48 Howl #buckets 8 coarsen threshold 3686 Howl Bitmap #cards 512 size 80 coarsen threshold 460 Card regions per heap region 1 cards per card region 4096
 CPUs: 20 total, 20 available
 Memory: 16070M
 Large Page Support: Disabled
 NUMA Support: Disabled
 Compressed Oops: Enabled (Zero based)
 Heap Region Size: 2M
 Heap Min Capacity: 8M
 Heap Initial Capacity: 252M
 Heap Max Capacity: 4018M
 Pre-touch: Disabled
 Parallel Workers: 15
 Concurrent Workers: 4
 Concurrent Refinement Workers: 15
 Periodic GC: Disabled

Heap:
 garbage-first heap   total 126976K, used 95974K [0x0000000704e00000, 0x0000000800000000)
  region size 2048K, 2 young (4096K), 2 survivors (4096K)
 Metaspace       used 60194K, committed 60480K, reserved 1114112K
  class space    used 6851K, committed 6976K, reserved 1048576K

Heap Regions: E=young(eden), S=young(survivor), O=old, HS=humongous(starts), HC=humongous(continues), CS=collection set, F=free, TAMS=top-at-mark-start, PB=parsable bottom
|   0|0x0000000704e00000, 0x0000000705000000, 0x0000000705000000|100%|HS|  |TAMS 0x0000000705000000| PB 0x0000000704e00000| Complete 
|   1|0x0000000705000000, 0x0000000705200000, 0x0000000705200000|100%|HC|  |TAMS 0x0000000705200000| PB 0x0000000705000000| Complete 
|   2|0x0000000705200000, 0x0000000705400000, 0x0000000705400000|100%| O|  |TAMS 0x0000000705400000| PB 0x0000000705200000| Untracked 
|   3|0x0000000705400000, 0x0000000705600000, 0x0000000705600000|100%| O|  |TAMS 0x0000000705600000| PB 0x0000000705400000| Untracked 
|   4|0x0000000705600000, 0x0000000705800000, 0x0000000705800000|100%| O|  |TAMS 0x0000000705800000| PB 0x0000000705600000| Untracked 
|   5|0x0000000705800000, 0x0000000705a00000, 0x0000000705a00000|100%| O|  |TAMS 0x0000000705a00000| PB 0x0000000705800000| Untracked 
|   6|0x0000000705a00000, 0x0000000705c00000, 0x0000000705c00000|100%| O|  |TAMS 0x0000000705c00000| PB 0x0000000705a00000| Untracked 
|   7|0x0000000705c00000, 0x0000000705e00000, 0x0000000705e00000|100%| O|  |TAMS 0x0000000705e00000| PB 0x0000000705c00000| Untracked 
|   8|0x0000000705e00000, 0x0000000706000000, 0x0000000706000000|100%| O|  |TAMS 0x0000000706000000| PB 0x0000000705e00000| Untracked 
|   9|0x0000000706000000, 0x0000000706200000, 0x0000000706200000|100%| O|  |TAMS 0x0000000706200000| PB 0x0000000706000000| Untracked 
|  10|0x0000000706200000, 0x0000000706400000, 0x0000000706400000|100%| O|  |TAMS 0x0000000706400000| PB 0x0000000706200000| Untracked 
|  11|0x0000000706400000, 0x0000000706600000, 0x0000000706600000|100%| O|  |TAMS 0x0000000706600000| PB 0x0000000706400000| Untracked 
|  12|0x0000000706600000, 0x0000000706800000, 0x0000000706800000|100%| O|  |TAMS 0x0000000706800000| PB 0x0000000706600000| Untracked 
|  13|0x0000000706800000, 0x0000000706a00000, 0x0000000706a00000|100%| O|  |TAMS 0x0000000706a00000| PB 0x0000000706800000| Untracked 
|  14|0x0000000706a00000, 0x0000000706c00000, 0x0000000706c00000|100%| O|  |TAMS 0x0000000706c00000| PB 0x0000000706a00000| Untracked 
|  15|0x0000000706c00000, 0x0000000706e00000, 0x0000000706e00000|100%| O|  |TAMS 0x0000000706e00000| PB 0x0000000706c00000| Untracked 
|  16|0x0000000706e00000, 0x0000000707000000, 0x0000000707000000|100%| O|  |TAMS 0x0000000707000000| PB 0x0000000706e00000| Untracked 
|  17|0x0000000707000000, 0x0000000707200000, 0x0000000707200000|100%| O|  |TAMS 0x0000000707200000| PB 0x0000000707000000| Untracked 
|  18|0x0000000707200000, 0x0000000707400000, 0x0000000707400000|100%| O|  |TAMS 0x0000000707400000| PB 0x0000000707200000| Untracked 
|  19|0x0000000707400000, 0x0000000707600000, 0x0000000707600000|100%| O|  |TAMS 0x0000000707600000| PB 0x0000000707400000| Untracked 
|  20|0x0000000707600000, 0x0000000707800000, 0x0000000707800000|100%| O|  |TAMS 0x0000000707800000| PB 0x0000000707600000| Untracked 
|  21|0x0000000707800000, 0x0000000707a00000, 0x0000000707a00000|100%| O|  |TAMS 0x0000000707a00000| PB 0x0000000707800000| Untracked 
|  22|0x0000000707a00000, 0x0000000707c00000, 0x0000000707c00000|100%| O|  |TAMS 0x0000000707c00000| PB 0x0000000707a00000| Untracked 
|  23|0x0000000707c00000, 0x0000000707e00000, 0x0000000707e00000|100%| O|  |TAMS 0x0000000707e00000| PB 0x0000000707c00000| Untracked 
|  24|0x0000000707e00000, 0x0000000708000000, 0x0000000708000000|100%| O|  |TAMS 0x0000000708000000| PB 0x0000000707e00000| Untracked 
|  25|0x0000000708000000, 0x0000000708200000, 0x0000000708200000|100%| O|  |TAMS 0x0000000708200000| PB 0x0000000708000000| Untracked 
|  26|0x0000000708200000, 0x0000000708400000, 0x0000000708400000|100%| O|  |TAMS 0x0000000708200000| PB 0x0000000708200000| Untracked 
|  27|0x0000000708400000, 0x0000000708600000, 0x0000000708600000|100%| O|  |TAMS 0x0000000708600000| PB 0x0000000708400000| Untracked 
|  28|0x0000000708600000, 0x0000000708800000, 0x0000000708800000|100%| O|  |TAMS 0x0000000708800000| PB 0x0000000708600000| Untracked 
|  29|0x0000000708800000, 0x0000000708a00000, 0x0000000708a00000|100%| O|  |TAMS 0x0000000708a00000| PB 0x0000000708800000| Untracked 
|  30|0x0000000708a00000, 0x0000000708c00000, 0x0000000708c00000|100%| O|  |TAMS 0x0000000708c00000| PB 0x0000000708a00000| Untracked 
|  31|0x0000000708c00000, 0x0000000708e00000, 0x0000000708e00000|100%| O|  |TAMS 0x0000000708e00000| PB 0x0000000708c00000| Untracked 
|  32|0x0000000708e00000, 0x0000000709000000, 0x0000000709000000|100%| O|  |TAMS 0x0000000709000000| PB 0x0000000708e00000| Untracked 
|  33|0x0000000709000000, 0x0000000709200000, 0x0000000709200000|100%| O|  |TAMS 0x0000000709200000| PB 0x0000000709000000| Untracked 
|  34|0x0000000709200000, 0x0000000709400000, 0x0000000709400000|100%| O|  |TAMS 0x0000000709400000| PB 0x0000000709200000| Untracked 
|  35|0x0000000709400000, 0x0000000709600000, 0x0000000709600000|100%| O|  |TAMS 0x0000000709600000| PB 0x0000000709400000| Untracked 
|  36|0x0000000709600000, 0x0000000709800000, 0x0000000709800000|100%| O|  |TAMS 0x0000000709800000| PB 0x0000000709600000| Untracked 
|  37|0x0000000709800000, 0x0000000709a00000, 0x0000000709a00000|100%| O|  |TAMS 0x0000000709a00000| PB 0x0000000709800000| Untracked 
|  38|0x0000000709a00000, 0x0000000709c00000, 0x0000000709c00000|100%| O|  |TAMS 0x0000000709c00000| PB 0x0000000709a00000| Untracked 
|  39|0x0000000709c00000, 0x0000000709e00000, 0x0000000709e00000|100%| O|  |TAMS 0x0000000709e00000| PB 0x0000000709c00000| Untracked 
|  40|0x0000000709e00000, 0x000000070a000000, 0x000000070a000000|100%| O|  |TAMS 0x000000070a000000| PB 0x0000000709e00000| Untracked 
|  41|0x000000070a000000, 0x000000070a200000, 0x000000070a200000|100%| O|  |TAMS 0x000000070a200000| PB 0x000000070a000000| Untracked 
|  42|0x000000070a200000, 0x000000070a400000, 0x000000070a400000|100%| O|  |TAMS 0x000000070a200000| PB 0x000000070a200000| Untracked 
|  43|0x000000070a400000, 0x000000070a400000, 0x000000070a600000|  0%| F|  |TAMS 0x000000070a400000| PB 0x000000070a400000| Untracked 
|  44|0x000000070a600000, 0x000000070a7b9ac0, 0x000000070a800000| 86%| O|  |TAMS 0x000000070a600000| PB 0x000000070a600000| Untracked 
|  45|0x000000070a800000, 0x000000070a800000, 0x000000070aa00000|  0%| F|  |TAMS 0x000000070a800000| PB 0x000000070a800000| Untracked 
|  46|0x000000070aa00000, 0x000000070aa00000, 0x000000070ac00000|  0%| F|  |TAMS 0x000000070aa00000| PB 0x000000070aa00000| Untracked 
|  47|0x000000070ac00000, 0x000000070ac00000, 0x000000070ae00000|  0%| F|  |TAMS 0x000000070ac00000| PB 0x000000070ac00000| Untracked 
|  48|0x000000070ae00000, 0x000000070b000000, 0x000000070b000000|100%| S|CS|TAMS 0x000000070ae00000| PB 0x000000070ae00000| Complete 
|  49|0x000000070b000000, 0x000000070b200000, 0x000000070b200000|100%| S|CS|TAMS 0x000000070b000000| PB 0x000000070b000000| Complete 
|  50|0x000000070b200000, 0x000000070b200000, 0x000000070b400000|  0%| F|  |TAMS 0x000000070b200000| PB 0x000000070b200000| Untracked 
|  51|0x000000070b400000, 0x000000070b400000, 0x000000070b600000|  0%| F|  |TAMS 0x000000070b400000| PB 0x000000070b400000| Untracked 
|  52|0x000000070b600000, 0x000000070b600000, 0x000000070b800000|  0%| F|  |TAMS 0x000000070b600000| PB 0x000000070b600000| Untracked 
|  53|0x000000070b800000, 0x000000070b800000, 0x000000070ba00000|  0%| F|  |TAMS 0x000000070b800000| PB 0x000000070b800000| Untracked 
|  54|0x000000070ba00000, 0x000000070ba00000, 0x000000070bc00000|  0%| F|  |TAMS 0x000000070ba00000| PB 0x000000070ba00000| Untracked 
|  55|0x000000070bc00000, 0x000000070bc00000, 0x000000070be00000|  0%| F|  |TAMS 0x000000070bc00000| PB 0x000000070bc00000| Untracked 
|  56|0x000000070be00000, 0x000000070be00000, 0x000000070c000000|  0%| F|  |TAMS 0x000000070be00000| PB 0x000000070be00000| Untracked 
|  57|0x000000070c000000, 0x000000070c000000, 0x000000070c200000|  0%| F|  |TAMS 0x000000070c000000| PB 0x000000070c000000| Untracked 
|  58|0x000000070c200000, 0x000000070c200000, 0x000000070c400000|  0%| F|  |TAMS 0x000000070c200000| PB 0x000000070c200000| Untracked 
| 125|0x0000000714800000, 0x0000000714800000, 0x0000000714a00000|  0%| F|  |TAMS 0x0000000714800000| PB 0x0000000714800000| Untracked 
|2007|0x00000007ffc00000, 0x00000007ffe00000, 0x00000007ffe00000|100%| O|  |TAMS 0x00000007ffe00000| PB 0x00000007ffc00000| Untracked 
|2008|0x00000007ffe00000, 0x00000007ffe00000, 0x0000000800000000|  0%| F|  |TAMS 0x00000007ffe00000| PB 0x00000007ffe00000| Untracked 

Card table byte_map: [0x000001cd1c7b0000,0x000001cd1cf90000] _byte_map_base: 0x000001cd18f89000

Marking Bits: (CMBitMap*) 0x000001cd09410240
 Bits: [0x000001cd1cf90000, 0x000001cd20e58000)

Polling page: 0x000001cd070f0000

Metaspace:

Usage:
  Non-class:     52.09 MB used.
      Class:      6.69 MB used.
       Both:     58.78 MB used.

Virtual space:
  Non-class space:       64.00 MB reserved,      52.25 MB ( 82%) committed,  1 nodes.
      Class space:        1.00 GB reserved,       6.81 MB ( <1%) committed,  1 nodes.
             Both:        1.06 GB reserved,      59.06 MB (  5%) committed. 

Chunk freelists:
   Non-Class:  11.19 MB
       Class:  9.20 MB
        Both:  20.39 MB

MaxMetaspaceSize: unlimited
CompressedClassSpaceSize: 1.00 GB
Initial GC threshold: 21.00 MB
Current GC threshold: 98.44 MB
CDS: off
 - commit_granule_bytes: 65536.
 - commit_granule_words: 8192.
 - virtual_space_node_default_size: 8388608.
 - enlarge_chunks_in_place: 1.
 - use_allocation_guard: 0.


Internal statistics:

num_allocs_failed_limit: 3.
num_arena_births: 292.
num_arena_deaths: 0.
num_vsnodes_births: 2.
num_vsnodes_deaths: 0.
num_space_committed: 943.
num_space_uncommitted: 0.
num_chunks_returned_to_freelist: 3.
num_chunks_taken_from_freelist: 2068.
num_chunk_merges: 3.
num_chunk_splits: 1719.
num_chunks_enlarged: 1554.
num_inconsistent_stats: 0.

CodeHeap 'non-profiled nmethods': size=119168Kb used=4035Kb max_used=4363Kb free=115132Kb
 bounds [0x000001cd140b0000, 0x000001cd14500000, 0x000001cd1b510000]
CodeHeap 'profiled nmethods': size=119104Kb used=22791Kb max_used=24527Kb free=96312Kb
 bounds [0x000001cd0c510000, 0x000001cd0dd10000, 0x000001cd13960000]
CodeHeap 'non-nmethods': size=7488Kb used=3221Kb max_used=3279Kb free=4266Kb
 bounds [0x000001cd13960000, 0x000001cd13ca0000, 0x000001cd140b0000]
CodeCache: size=245760Kb, used=30047Kb, max_used=32169Kb, free=215710Kb
 total_blobs=7989, nmethods=7296, adapters=592, full_count=0
Compilation: enabled, stopped_count=0, restarted_count=0

Compilation events (20 events):
Event: 3.576 Thread 0x000001cd2e7d7760 8137       4       org.jetbrains.kotlin.load.kotlin.header.ReadKotlinClassHeaderAnnotationVisitor$KotlinMetadataArgumentVisitor::visit (195 bytes)
Event: 3.576 Thread 0x000001cd2ec2c940 8138       4       org.jetbrains.kotlin.load.kotlin.FileBasedKotlinClass::convertAnnotationVisitor (56 bytes)
Event: 3.576 Thread 0x000001cd245b33c0 nmethod 8136 0x000001cd14165290 code [0x000001cd14165420, 0x000001cd14165518]
Event: 3.577 Thread 0x000001cd245b33c0 8139       4       kotlin.collections.EmptyMap::values (5 bytes)
Event: 3.578 Thread 0x000001cd245b33c0 nmethod 8139 0x000001cd142a1110 code [0x000001cd142a12a0, 0x000001cd142a1330]
Event: 3.578 Thread 0x000001cd2432b340 nmethod 8132 0x000001cd14167810 code [0x000001cd14167ac0, 0x000001cd14168a20]
Event: 3.580 Thread 0x000001cd2ec2c940 nmethod 8138 0x000001cd141e7490 code [0x000001cd141e7660, 0x000001cd141e7cb8]
Event: 3.582 Thread 0x000001cd2e7d7760 nmethod 8137 0x000001cd14232d10 code [0x000001cd14232f80, 0x000001cd14233d18]
Event: 3.583 Thread 0x000001cd2ec2c940 8140       4       org.jetbrains.kotlin.it.unimi.dsi.fastutil.objects.Object2ObjectOpenHashMap::get (114 bytes)
Event: 3.584 Thread 0x000001cd245b33c0 8141       4       java.lang.String::subSequence (7 bytes)
Event: 3.585 Thread 0x000001cd2ec2c940 nmethod 8140 0x000001cd141eef90 code [0x000001cd141ef140, 0x000001cd141ef4a8]
Event: 3.585 Thread 0x000001cd2432b340 8142   !   4       org.jetbrains.kotlin.metadata.jvm.JvmProtoBuf$StringTableTypes::<init> (495 bytes)
Event: 3.591 Thread 0x000001cd245b33c0 nmethod 8141 0x000001cd1424cf10 code [0x000001cd1424d0e0, 0x000001cd1424d7f0]
Event: 3.595 Thread 0x000001cd245b33c0 8143       4       org.jetbrains.kotlin.name.ClassId::asSingleFqName (60 bytes)
Event: 3.595 Thread 0x000001cd2ec2c940 8144       4       org.jetbrains.org.objectweb.asm.ClassReader::readField (667 bytes)
Event: 3.598 Thread 0x000001cd245b33c0 nmethod 8143 0x000001cd1424e910 code [0x000001cd1424eae0, 0x000001cd1424f230]
Event: 3.603 Thread 0x000001cd2e7d7760 8145       4       org.jetbrains.kotlin.metadata.ProtoBuf$Package::getDefaultInstanceForType (5 bytes)
Event: 3.603 Thread 0x000001cd2e7d7760 nmethod 8145 0x000001cd141e7190 code [0x000001cd141e7320, 0x000001cd141e73b0]
Event: 3.604 Thread 0x000001cd2e7d7760 8146   !   4       org.jetbrains.kotlin.metadata.ProtoBuf$Package::<init> (656 bytes)
Event: 3.606 Thread 0x000001cd245b33c0 8147       4       java.util.TreeMap::put (8 bytes)

GC Heap History (20 events):
Event: 1.338 GC heap after
{Heap after GC invocations=8 (full 0):
 garbage-first heap   total 153600K, used 25447K [0x0000000704e00000, 0x0000000800000000)
  region size 2048K, 1 young (2048K), 1 survivors (2048K)
 Metaspace       used 35154K, committed 35456K, reserved 1114112K
  class space    used 4341K, committed 4480K, reserved 1048576K
}
Event: 1.977 GC heap before
{Heap before GC invocations=9 (full 0):
 garbage-first heap   total 90112K, used 74599K [0x0000000704e00000, 0x0000000800000000)
  region size 2048K, 26 young (53248K), 1 survivors (2048K)
 Metaspace       used 46108K, committed 46400K, reserved 1114112K
  class space    used 5450K, committed 5568K, reserved 1048576K
}
Event: 1.983 GC heap after
{Heap after GC invocations=10 (full 0):
 garbage-first heap   total 90112K, used 30464K [0x0000000704e00000, 0x0000000800000000)
  region size 2048K, 4 young (8192K), 4 survivors (8192K)
 Metaspace       used 46108K, committed 46400K, reserved 1114112K
  class space    used 5450K, committed 5568K, reserved 1048576K
}
Event: 2.412 GC heap before
{Heap before GC invocations=10 (full 0):
 garbage-first heap   total 90112K, used 71424K [0x0000000704e00000, 0x0000000800000000)
  region size 2048K, 25 young (51200K), 4 survivors (8192K)
 Metaspace       used 51537K, committed 51840K, reserved 1114112K
  class space    used 6000K, committed 6144K, reserved 1048576K
}
Event: 2.421 GC heap after
{Heap after GC invocations=11 (full 0):
 garbage-first heap   total 92160K, used 38284K [0x0000000704e00000, 0x0000000800000000)
  region size 2048K, 4 young (8192K), 4 survivors (8192K)
 Metaspace       used 51537K, committed 51840K, reserved 1114112K
  class space    used 6000K, committed 6144K, reserved 1048576K
}
Event: 2.546 GC heap before
{Heap before GC invocations=11 (full 0):
 garbage-first heap   total 92160K, used 75148K [0x0000000704e00000, 0x0000000800000000)
  region size 2048K, 22 young (45056K), 4 survivors (8192K)
 Metaspace       used 52132K, committed 52352K, reserved 1114112K
  class space    used 6044K, committed 6144K, reserved 1048576K
}
Event: 2.555 GC heap after
{Heap after GC invocations=12 (full 0):
 garbage-first heap   total 94208K, used 49152K [0x0000000704e00000, 0x0000000800000000)
  region size 2048K, 3 young (6144K), 3 survivors (6144K)
 Metaspace       used 52132K, committed 52352K, reserved 1114112K
  class space    used 6044K, committed 6144K, reserved 1048576K
}
Event: 2.748 GC heap before
{Heap before GC invocations=12 (full 0):
 garbage-first heap   total 94208K, used 75776K [0x0000000704e00000, 0x0000000800000000)
  region size 2048K, 16 young (32768K), 3 survivors (6144K)
 Metaspace       used 55832K, committed 56128K, reserved 1114112K
  class space    used 6469K, committed 6592K, reserved 1048576K
}
Event: 2.754 GC heap after
{Heap after GC invocations=13 (full 0):
 garbage-first heap   total 94208K, used 54266K [0x0000000704e00000, 0x0000000800000000)
  region size 2048K, 2 young (4096K), 2 survivors (4096K)
 Metaspace       used 55832K, committed 56128K, reserved 1114112K
  class space    used 6469K, committed 6592K, reserved 1048576K
}
Event: 2.879 GC heap before
{Heap before GC invocations=14 (full 0):
 garbage-first heap   total 94208K, used 78842K [0x0000000704e00000, 0x0000000800000000)
  region size 2048K, 14 young (28672K), 2 survivors (4096K)
 Metaspace       used 56500K, committed 56768K, reserved 1114112K
  class space    used 6564K, committed 6656K, reserved 1048576K
}
Event: 2.885 GC heap after
{Heap after GC invocations=15 (full 0):
 garbage-first heap   total 122880K, used 63488K [0x0000000704e00000, 0x0000000800000000)
  region size 2048K, 2 young (4096K), 2 survivors (4096K)
 Metaspace       used 56500K, committed 56768K, reserved 1114112K
  class space    used 6564K, committed 6656K, reserved 1048576K
}
Event: 3.306 GC heap before
{Heap before GC invocations=15 (full 0):
 garbage-first heap   total 122880K, used 96256K [0x0000000704e00000, 0x0000000800000000)
  region size 2048K, 19 young (38912K), 2 survivors (4096K)
 Metaspace       used 59456K, committed 59776K, reserved 1114112K
  class space    used 6797K, committed 6912K, reserved 1048576K
}
Event: 3.313 GC heap after
{Heap after GC invocations=16 (full 0):
 garbage-first heap   total 122880K, used 69305K [0x0000000704e00000, 0x0000000800000000)
  region size 2048K, 3 young (6144K), 3 survivors (6144K)
 Metaspace       used 59456K, committed 59776K, reserved 1114112K
  class space    used 6797K, committed 6912K, reserved 1048576K
}
Event: 3.510 GC heap before
{Heap before GC invocations=16 (full 0):
 garbage-first heap   total 122880K, used 102073K [0x0000000704e00000, 0x0000000800000000)
  region size 2048K, 19 young (38912K), 3 survivors (6144K)
 Metaspace       used 60185K, committed 60480K, reserved 1114112K
  class space    used 6851K, committed 6976K, reserved 1048576K
}
Event: 3.518 GC heap after
{Heap after GC invocations=17 (full 0):
 garbage-first heap   total 122880K, used 75481K [0x0000000704e00000, 0x0000000800000000)
  region size 2048K, 3 young (6144K), 3 survivors (6144K)
 Metaspace       used 60185K, committed 60480K, reserved 1114112K
  class space    used 6851K, committed 6976K, reserved 1048576K
}
Event: 3.562 GC heap before
{Heap before GC invocations=18 (full 0):
 garbage-first heap   total 126976K, used 104153K [0x0000000704e00000, 0x0000000800000000)
  region size 2048K, 17 young (34816K), 3 survivors (6144K)
 Metaspace       used 60194K, committed 60480K, reserved 1114112K
  class space    used 6851K, committed 6976K, reserved 1048576K
}
Event: 3.568 GC heap after
{Heap after GC invocations=19 (full 0):
 garbage-first heap   total 126976K, used 83542K [0x0000000704e00000, 0x0000000800000000)
  region size 2048K, 3 young (6144K), 3 survivors (6144K)
 Metaspace       used 60194K, committed 60480K, reserved 1114112K
  class space    used 6851K, committed 6976K, reserved 1048576K
}
Event: 3.586 GC heap before
{Heap before GC invocations=19 (full 0):
 garbage-first heap   total 126976K, used 110166K [0x0000000704e00000, 0x0000000800000000)
  region size 2048K, 16 young (32768K), 3 survivors (6144K)
 Metaspace       used 60194K, committed 60480K, reserved 1114112K
  class space    used 6851K, committed 6976K, reserved 1048576K
}
Event: 3.590 GC heap after
{Heap after GC invocations=20 (full 0):
 garbage-first heap   total 126976K, used 90112K [0x0000000704e00000, 0x0000000800000000)
  region size 2048K, 2 young (4096K), 2 survivors (4096K)
 Metaspace       used 60194K, committed 60480K, reserved 1114112K
  class space    used 6851K, committed 6976K, reserved 1048576K
}
Event: 3.607 GC heap before
{Heap before GC invocations=20 (full 0):
 garbage-first heap   total 126976K, used 112640K [0x0000000704e00000, 0x0000000800000000)
  region size 2048K, 13 young (26624K), 2 survivors (4096K)
 Metaspace       used 60194K, committed 60480K, reserved 1114112K
  class space    used 6851K, committed 6976K, reserved 1048576K
}

Dll operation events (3 events):
Event: 0.004 Loaded shared library C:\Software\Android Studio\jbr\bin\java.dll
Event: 0.007 Loaded shared library C:\Software\Android Studio\jbr\bin\zip.dll
Event: 0.777 Loaded shared library C:\Software\Android Studio\jbr\bin\verify.dll

Deoptimization events (20 events):
Event: 3.326 Thread 0x000001cd06e0f130 Uncommon trap: trap_request=0xffffffbe fr.pc=0x000001cd1447370c relative=0x000000000000060c
Event: 3.326 Thread 0x000001cd06e0f130 Uncommon trap: reason=profile_predicate action=maybe_recompile pc=0x000001cd1447370c method=kotlin.jvm.internal.CollectionToArray.toArray(Ljava/util/Collection;)[Ljava/lang/Object; @ 68 c2
Event: 3.326 Thread 0x000001cd06e0f130 DEOPT PACKING pc=0x000001cd1447370c sp=0x0000005da0afc190
Event: 3.326 Thread 0x000001cd06e0f130 DEOPT UNPACKING pc=0x000001cd139b4422 sp=0x0000005da0afc130 mode 2
Event: 3.326 Thread 0x000001cd06e0f130 Uncommon trap: trap_request=0xffffffbe fr.pc=0x000001cd1447370c relative=0x000000000000060c
Event: 3.326 Thread 0x000001cd06e0f130 Uncommon trap: reason=profile_predicate action=maybe_recompile pc=0x000001cd1447370c method=kotlin.jvm.internal.CollectionToArray.toArray(Ljava/util/Collection;)[Ljava/lang/Object; @ 68 c2
Event: 3.326 Thread 0x000001cd06e0f130 DEOPT PACKING pc=0x000001cd1447370c sp=0x0000005da0afc240
Event: 3.326 Thread 0x000001cd06e0f130 DEOPT UNPACKING pc=0x000001cd139b4422 sp=0x0000005da0afc1e0 mode 2
Event: 3.349 Thread 0x000001cd06e0f130 Uncommon trap: trap_request=0xffffff45 fr.pc=0x000001cd1444671c relative=0x00000000000000fc
Event: 3.349 Thread 0x000001cd06e0f130 Uncommon trap: reason=unstable_if action=reinterpret pc=0x000001cd1444671c method=java.util.ArrayList.fastRemove([Ljava/lang/Object;I)V @ 19 c2
Event: 3.349 Thread 0x000001cd06e0f130 DEOPT PACKING pc=0x000001cd1444671c sp=0x0000005da0afc1c0
Event: 3.349 Thread 0x000001cd06e0f130 DEOPT UNPACKING pc=0x000001cd139b4422 sp=0x0000005da0afc168 mode 2
Event: 3.373 Thread 0x000001cd06e0f130 Uncommon trap: trap_request=0xffffff45 fr.pc=0x000001cd14465fb8 relative=0x0000000000000178
Event: 3.373 Thread 0x000001cd06e0f130 Uncommon trap: reason=unstable_if action=reinterpret pc=0x000001cd14465fb8 method=org.jetbrains.kotlin.fir.types.ConeTypeUtilsKt.getConstructor(Lorg/jetbrains/kotlin/fir/types/ConeRigidType;)Lorg/jetbrains/kotlin/types/model/TypeConstructorMarker; @ 86 c2
Event: 3.373 Thread 0x000001cd06e0f130 DEOPT PACKING pc=0x000001cd14465fb8 sp=0x0000005da0afb1d0
Event: 3.373 Thread 0x000001cd06e0f130 DEOPT UNPACKING pc=0x000001cd139b4422 sp=0x0000005da0afb0f0 mode 2
Event: 3.388 Thread 0x000001cd06e0f130 Uncommon trap: trap_request=0xffffff45 fr.pc=0x000001cd1438ffd0 relative=0x0000000000006310
Event: 3.388 Thread 0x000001cd06e0f130 Uncommon trap: reason=unstable_if action=reinterpret pc=0x000001cd1438ffd0 method=org.jetbrains.kotlin.metadata.ProtoBuf$Function.<init>(Lorg/jetbrains/kotlin/protobuf/CodedInputStream;Lorg/jetbrains/kotlin/protobuf/ExtensionRegistryLite;)V @ 981 c2
Event: 3.388 Thread 0x000001cd06e0f130 DEOPT PACKING pc=0x000001cd1438ffd0 sp=0x0000005da0af98b0
Event: 3.388 Thread 0x000001cd06e0f130 DEOPT UNPACKING pc=0x000001cd139b4422 sp=0x0000005da0af9868 mode 2

Classes loaded (20 events):
Event: 2.143 Loading class java/util/concurrent/atomic/AtomicLongArray
Event: 2.143 Loading class java/util/concurrent/atomic/AtomicLongArray done
Event: 2.220 Loading class java/text/StringCharacterIterator
Event: 2.220 Loading class java/text/CharacterIterator
Event: 2.220 Loading class java/text/CharacterIterator done
Event: 2.220 Loading class java/text/StringCharacterIterator done
Event: 2.255 Loading class java/util/ArrayList$SubList$1
Event: 2.255 Loading class java/util/ArrayList$SubList$1 done
Event: 2.391 Loading class java/util/AbstractList$ListItr
Event: 2.391 Loading class java/util/AbstractList$ListItr done
Event: 2.645 Loading class java/security/CodeSigner
Event: 2.645 Loading class java/security/CodeSigner done
Event: 2.731 Loading class java/util/AbstractList$RandomAccessSubList
Event: 2.731 Loading class java/util/AbstractList$SubList
Event: 2.731 Loading class java/util/AbstractList$SubList done
Event: 2.731 Loading class java/util/AbstractList$RandomAccessSubList done
Event: 2.823 Loading class java/util/AbstractList$SubList$1
Event: 2.823 Loading class java/util/AbstractList$SubList$1 done
Event: 3.489 Loading class java/lang/Byte$ByteCache
Event: 3.489 Loading class java/lang/Byte$ByteCache done

Classes unloaded (0 events):
No events

Classes redefined (0 events):
No events

Internal exceptions (20 events):
Event: 1.941 Thread 0x000001cd06e0f130 Implicit null exception at 0x000001cd14263c6b to 0x000001cd1426648c
Event: 1.941 Thread 0x000001cd06e0f130 Implicit null exception at 0x000001cd14263c6b to 0x000001cd1426648c
Event: 1.941 Thread 0x000001cd06e0f130 Implicit null exception at 0x000001cd14263c6b to 0x000001cd1426648c
Event: 1.941 Thread 0x000001cd06e0f130 Implicit null exception at 0x000001cd14263c6b to 0x000001cd1426648c
Event: 2.067 Thread 0x000001cd06e0f130 Exception <a 'java/lang/NoSuchMethodError'{0x00000007099b02c0}: 'java.lang.Object java.lang.invoke.DirectMethodHandle$Holder.newInvokeSpecial(java.lang.Object, java.lang.Object, java.lang.Object, int, java.lang.Object)'> (0x00000007099b02c0) 
thrown [s\src\hotspot\share\interpreter\linkResolver.cpp, line 784]
Event: 2.139 Thread 0x000001cd06e0f130 Exception <a 'java/lang/NoSuchMethodError'{0x0000000709182af8}: 'java.lang.Object java.lang.invoke.DirectMethodHandle$Holder.newInvokeSpecial(java.lang.Object, java.lang.Object, java.lang.Object, java.lang.Object, int)'> (0x0000000709182af8) 
thrown [s\src\hotspot\share\interpreter\linkResolver.cpp, line 784]
Event: 2.139 Thread 0x000001cd06e0f130 Exception <a 'java/lang/NoSuchMethodError'{0x00000007091871b0}: 'java.lang.Object java.lang.invoke.DirectMethodHandle$Holder.invokeSpecial(java.lang.Object, java.lang.Object, java.lang.Object, java.lang.Object, java.lang.Object, int)'> (0x00000007091871b0) 
thrown [s\src\hotspot\share\interpreter\linkResolver.cpp, line 784]
Event: 2.140 Thread 0x000001cd06e0f130 Exception <a 'java/lang/NoSuchMethodError'{0x000000070918b1a0}: 'java.lang.Object java.lang.invoke.Invokers$Holder.linkToTargetMethod(java.lang.Object, java.lang.Object, java.lang.Object, int, java.lang.Object)'> (0x000000070918b1a0) 
thrown [s\src\hotspot\share\interpreter\linkResolver.cpp, line 784]
Event: 2.669 Thread 0x000001cd06e0f130 Exception <a 'java/lang/NoSuchMethodError'{0x000000070920b498}: 'java.lang.Object java.lang.invoke.DirectMethodHandle$Holder.newInvokeSpecial(java.lang.Object, java.lang.Object, java.lang.Object, java.lang.Object, int, java.lang.Object, java.lang.Object)'> (0x000000070920b498) 
thrown [s\src\hotspot\share\interpreter\linkResolver.cpp, line 784]
Event: 2.669 Thread 0x000001cd06e0f130 Exception <a 'java/lang/NoSuchMethodError'{0x0000000709213638}: 'java.lang.Object java.lang.invoke.Invokers$Holder.linkToTargetMethod(java.lang.Object, java.lang.Object, java.lang.Object, int, java.lang.Object, java.lang.Object, java.lang.Object)'> (0x0000000709213638) 
thrown [s\src\hotspot\share\interpreter\linkResolver.cpp, line 784]
Event: 2.717 Thread 0x000001cd06e0f130 Exception <a 'java/lang/NoSuchMethodError'{0x0000000708f21510}: 'java.lang.Object java.lang.invoke.DirectMethodHandle$Holder.invokeSpecial(java.lang.Object, java.lang.Object, int, java.lang.Object, java.lang.Object)'> (0x0000000708f21510) 
thrown [s\src\hotspot\share\interpreter\linkResolver.cpp, line 784]
Event: 2.971 Thread 0x000001cd06e0f130 Exception <a 'java/lang/NoSuchMethodError'{0x000000070b92d178}: 'java.lang.Object java.lang.invoke.DirectMethodHandle$Holder.newInvokeSpecial(java.lang.Object, java.lang.Object, java.lang.Object, java.lang.Object, java.lang.Object, java.lang.Object, java.lang.Object, java.lang.Object, java.lang.Object)'> (0x000000070b92d178) 
thrown [s\src\hotspot\share\interpreter\linkResolver.cpp, line 784]
Event: 2.979 Thread 0x000001cd06e0f130 Exception <a 'java/lang/NoSuchMethodError'{0x000000070b9ab530}: 'java.lang.Object java.lang.invoke.DirectMethodHandle$Holder.newInvokeSpecial(java.lang.Object, int, java.lang.Object)'> (0x000000070b9ab530) 
thrown [s\src\hotspot\share\interpreter\linkResolver.cpp, line 784]
Event: 3.033 Thread 0x000001cd06e0f130 Exception <a 'java/lang/NoSuchMethodError'{0x000000070b2c4f88}: 'java.lang.Object java.lang.invoke.DirectMethodHandle$Holder.invokeStatic(java.lang.Object, java.lang.Object, java.lang.Object, int, java.lang.Object, java.lang.Object)'> (0x000000070b2c4f88) 
thrown [s\src\hotspot\share\interpreter\linkResolver.cpp, line 784]
Event: 3.194 Thread 0x000001cd06e0f130 Exception <a 'java/lang/NoSuchMethodError'{0x000000070a9f3440}: 'java.lang.Object java.lang.invoke.DirectMethodHandle$Holder.invokeStatic(java.lang.Object, int, java.lang.Object, java.lang.Object)'> (0x000000070a9f3440) 
thrown [s\src\hotspot\share\interpreter\linkResolver.cpp, line 784]
Event: 3.319 Thread 0x000001cd06e0f130 Exception <a 'java/lang/NoSuchMethodError'{0x00000007ffe48d40}: 'java.lang.Object java.lang.invoke.DirectMethodHandle$Holder.newInvokeSpecial(java.lang.Object, int, java.lang.Object, java.lang.Object, java.lang.Object)'> (0x00000007ffe48d40) 
thrown [s\src\hotspot\share\interpreter\linkResolver.cpp, line 784]
Event: 3.319 Thread 0x000001cd06e0f130 Exception <a 'java/lang/NoSuchMethodError'{0x00000007ffe50bc0}: 'java.lang.Object java.lang.invoke.Invokers$Holder.linkToTargetMethod(int, java.lang.Object, java.lang.Object, java.lang.Object, java.lang.Object)'> (0x00000007ffe50bc0) 
thrown [s\src\hotspot\share\interpreter\linkResolver.cpp, line 784]
Event: 3.403 Thread 0x000001cd06e0f130 Exception <a 'java/lang/NoSuchMethodError'{0x000000070b695368}: 'java.lang.Object java.lang.invoke.DirectMethodHandle$Holder.newInvokeSpecial(java.lang.Object, java.lang.Object, java.lang.Object, java.lang.Object, java.lang.Object, int)'> (0x000000070b695368) 
thrown [s\src\hotspot\share\interpreter\linkResolver.cpp, line 784]
Event: 3.403 Thread 0x000001cd06e0f130 Exception <a 'java/lang/NoSuchMethodError'{0x000000070b69a560}: 'java.lang.Object java.lang.invoke.DirectMethodHandle$Holder.invokeSpecial(java.lang.Object, java.lang.Object, java.lang.Object, java.lang.Object, java.lang.Object, java.lang.Object, int)'> (0x000000070b69a560) 
thrown [s\src\hotspot\share\interpreter\linkResolver.cpp, line 784]
Event: 3.403 Thread 0x000001cd06e0f130 Exception <a 'java/lang/NoSuchMethodError'{0x000000070b69f108}: 'java.lang.Object java.lang.invoke.Invokers$Holder.linkToTargetMethod(java.lang.Object, java.lang.Object, java.lang.Object, java.lang.Object, int, java.lang.Object)'> (0x000000070b69f108) 
thrown [s\src\hotspot\share\interpreter\linkResolver.cpp, line 784]

ZGC Phase Switch (0 events):
No events

VM Operations (20 events):
Event: 3.313 Executing VM operation: G1CollectForAllocation (G1 Evacuation Pause) done
Event: 3.330 Executing VM operation: HandshakeAllThreads (Deoptimize)
Event: 3.330 Executing VM operation: HandshakeAllThreads (Deoptimize) done
Event: 3.332 Executing VM operation: HandshakeAllThreads (Deoptimize)
Event: 3.332 Executing VM operation: HandshakeAllThreads (Deoptimize) done
Event: 3.357 Executing VM operation: ICBufferFull
Event: 3.357 Executing VM operation: ICBufferFull done
Event: 3.448 Executing VM operation: ICBufferFull
Event: 3.448 Executing VM operation: ICBufferFull done
Event: 3.510 Executing VM operation: G1CollectForAllocation (G1 Evacuation Pause)
Event: 3.518 Executing VM operation: G1CollectForAllocation (G1 Evacuation Pause) done
Event: 3.530 Executing VM operation: G1PauseRemark
Event: 3.536 Executing VM operation: G1PauseRemark done
Event: 3.542 Executing VM operation: G1PauseCleanup
Event: 3.542 Executing VM operation: G1PauseCleanup done
Event: 3.562 Executing VM operation: G1CollectForAllocation (G1 Evacuation Pause)
Event: 3.568 Executing VM operation: G1CollectForAllocation (G1 Evacuation Pause) done
Event: 3.586 Executing VM operation: G1CollectForAllocation (G1 Evacuation Pause)
Event: 3.590 Executing VM operation: G1CollectForAllocation (G1 Evacuation Pause) done
Event: 3.607 Executing VM operation: G1CollectForAllocation (G1 Evacuation Pause)

Memory protections (0 events):
No events

Nmethod flushes (20 events):
Event: 3.535 Thread 0x000001cd236a9930 flushing  nmethod 0x000001cd0ccd2690
Event: 3.535 Thread 0x000001cd236a9930 flushing  nmethod 0x000001cd0cce9210
Event: 3.535 Thread 0x000001cd236a9930 flushing  nmethod 0x000001cd0ccf7910
Event: 3.535 Thread 0x000001cd236a9930 flushing  nmethod 0x000001cd0ccf8310
Event: 3.535 Thread 0x000001cd236a9930 flushing  nmethod 0x000001cd0cd10d10
Event: 3.535 Thread 0x000001cd236a9930 flushing  nmethod 0x000001cd0cd16890
Event: 3.535 Thread 0x000001cd236a9930 flushing  nmethod 0x000001cd0cd7ca10
Event: 3.535 Thread 0x000001cd236a9930 flushing  nmethod 0x000001cd0cd7e110
Event: 3.535 Thread 0x000001cd236a9930 flushing  nmethod 0x000001cd0cd8a690
Event: 3.535 Thread 0x000001cd236a9930 flushing  nmethod 0x000001cd0cd8c290
Event: 3.535 Thread 0x000001cd236a9930 flushing  nmethod 0x000001cd0cd8e210
Event: 3.535 Thread 0x000001cd236a9930 flushing  nmethod 0x000001cd0cd9a610
Event: 3.535 Thread 0x000001cd236a9930 flushing  nmethod 0x000001cd0ce13b90
Event: 3.535 Thread 0x000001cd236a9930 flushing  nmethod 0x000001cd0ce19410
Event: 3.535 Thread 0x000001cd236a9930 flushing  nmethod 0x000001cd0cf09e10
Event: 3.535 Thread 0x000001cd236a9930 flushing  nmethod 0x000001cd0cf2ee10
Event: 3.535 Thread 0x000001cd236a9930 flushing  nmethod 0x000001cd0cfa8110
Event: 3.535 Thread 0x000001cd236a9930 flushing  nmethod 0x000001cd0d00ed90
Event: 3.535 Thread 0x000001cd236a9930 flushing  nmethod 0x000001cd0d095390
Event: 3.535 Thread 0x000001cd236a9930 flushing  nmethod 0x000001cd0d122b10

Events (20 events):
Event: 0.069 Thread 0x000001cd2432b340 Thread added: 0x000001cd245b71c0
Event: 0.075 Loaded shared library C:\Software\Android Studio\jbr\bin\zip.dll
Event: 0.109 Loaded shared library C:\Software\Android Studio\jbr\bin\jimage.dll
Event: 0.181 Thread 0x000001cd244dfbe0 Thread added: 0x000001cd248474e0
Event: 0.257 Loaded shared library C:\Software\Android Studio\jbr\bin\management.dll
Event: 0.261 Loaded shared library C:\Software\Android Studio\jbr\bin\management_ext.dll
Event: 0.298 Thread 0x000001cd2432c950 Thread added: 0x000001cd24bcec10
Event: 0.840 Thread 0x000001cd2432b340 Thread added: 0x000001cd298f0ec0
Event: 1.068 Thread 0x000001cd298f0ec0 Thread added: 0x000001cd29993aa0
Event: 1.068 Thread 0x000001cd298f0ec0 Thread added: 0x000001cd2a66ccf0
Event: 1.068 Thread 0x000001cd298f0ec0 Thread added: 0x000001cd29f858d0
Event: 1.224 Thread 0x000001cd29f858d0 Thread exited: 0x000001cd29f858d0
Event: 1.226 Thread 0x000001cd2a66ccf0 Thread exited: 0x000001cd2a66ccf0
Event: 1.226 Thread 0x000001cd29993aa0 Thread exited: 0x000001cd29993aa0
Event: 1.508 Thread 0x000001cd298f0ec0 Thread exited: 0x000001cd298f0ec0
Event: 1.748 Thread 0x000001cd245b71c0 Thread exited: 0x000001cd245b71c0
Event: 1.790 Thread 0x000001cd244dfbe0 Thread added: 0x000001cd2e63be10
Event: 1.796 Thread 0x000001cd2432b340 Thread added: 0x000001cd2e7d7760
Event: 2.032 Thread 0x000001cd248474e0 Thread added: 0x000001cd2ec2c940
Event: 2.449 Thread 0x000001cd2e63be10 Thread added: 0x000001cd35379050


Dynamic libraries:
0x00007ff797020000 - 0x00007ff79702a000 	C:\Software\Android Studio\jbr\bin\java.exe
0x00007ffd59e00000 - 0x00007ffd5a067000 	C:\Windows\SYSTEM32\ntdll.dll
0x00007ffd582f0000 - 0x00007ffd583b9000 	C:\Windows\System32\KERNEL32.DLL
0x00007ffd56a70000 - 0x00007ffd56e61000 	C:\Windows\System32\KERNELBASE.dll
0x00007ffd56860000 - 0x00007ffd569ab000 	C:\Windows\System32\ucrtbase.dll
0x00007ffd26f20000 - 0x00007ffd26f38000 	C:\Software\Android Studio\jbr\bin\jli.dll
0x00007ffd53770000 - 0x00007ffd5378b000 	C:\Software\Android Studio\jbr\bin\VCRUNTIME140.dll
0x00007ffd59490000 - 0x00007ffd59655000 	C:\Windows\System32\USER32.dll
0x00007ffd56a40000 - 0x00007ffd56a67000 	C:\Windows\System32\win32u.dll
0x00007ffd3ee30000 - 0x00007ffd3f0c3000 	C:\Windows\WinSxS\amd64_microsoft.windows.common-controls_6595b64144ccf1df_6.0.26100.8037_none_3e092faae333b53b\COMCTL32.dll
0x00007ffd59d90000 - 0x00007ffd59dbb000 	C:\Windows\System32\GDI32.dll
0x00007ffd57090000 - 0x00007ffd571bb000 	C:\Windows\System32\gdi32full.dll
0x00007ffd583c0000 - 0x00007ffd58469000 	C:\Windows\System32\msvcrt.dll
0x00007ffd56e70000 - 0x00007ffd56f13000 	C:\Windows\System32\msvcp_win.dll
0x00007ffd593b0000 - 0x00007ffd593e1000 	C:\Windows\System32\IMM32.DLL
0x00007ffd53b90000 - 0x00007ffd53b9c000 	C:\Software\Android Studio\jbr\bin\vcruntime140_1.dll
0x00007ffd26e40000 - 0x00007ffd26ecd000 	C:\Software\Android Studio\jbr\bin\msvcp140.dll
0x00007ffcc8610000 - 0x00007ffcc92a6000 	C:\Software\Android Studio\jbr\bin\server\jvm.dll
0x00007ffd57f90000 - 0x00007ffd5804b000 	C:\Windows\System32\ADVAPI32.dll
0x00007ffd57ba0000 - 0x00007ffd57c47000 	C:\Windows\System32\sechost.dll
0x00007ffd59a70000 - 0x00007ffd59b88000 	C:\Windows\System32\RPCRT4.dll
0x00007ffd599f0000 - 0x00007ffd59a64000 	C:\Windows\System32\WS2_32.dll
0x00007ffd562d0000 - 0x00007ffd5632e000 	C:\Windows\SYSTEM32\POWRPROF.dll
0x00007ffd53240000 - 0x00007ffd53275000 	C:\Windows\SYSTEM32\WINMM.dll
0x00007ffd50740000 - 0x00007ffd5074b000 	C:\Windows\SYSTEM32\VERSION.dll
0x00007ffd562b0000 - 0x00007ffd562c4000 	C:\Windows\SYSTEM32\UMPDC.dll
0x00007ffd55430000 - 0x00007ffd5544b000 	C:\Windows\SYSTEM32\kernel.appcore.dll
0x00007ffd53ac0000 - 0x00007ffd53aca000 	C:\Software\Android Studio\jbr\bin\jimage.dll
0x00007ffd54700000 - 0x00007ffd54942000 	C:\Windows\SYSTEM32\DBGHELP.DLL
0x00007ffd59660000 - 0x00007ffd599e2000 	C:\Windows\System32\combase.dll
0x00007ffd58470000 - 0x00007ffd58547000 	C:\Windows\System32\OLEAUT32.dll
0x00007ffd2acf0000 - 0x00007ffd2ad2b000 	C:\Windows\SYSTEM32\dbgcore.DLL
0x00007ffd57280000 - 0x00007ffd57325000 	C:\Windows\System32\bcryptPrimitives.dll
0x00007ffd50b60000 - 0x00007ffd50b80000 	C:\Software\Android Studio\jbr\bin\java.dll
0x00007ffd506a0000 - 0x00007ffd506b8000 	C:\Software\Android Studio\jbr\bin\zip.dll
0x00007ffd58c40000 - 0x00007ffd5939f000 	C:\Windows\System32\SHELL32.dll
0x00007ffd56f20000 - 0x00007ffd5708a000 	C:\Windows\System32\wintypes.dll
0x00007ffd57330000 - 0x00007ffd57b94000 	C:\Windows\System32\windows.storage.dll
0x00007ffd57e40000 - 0x00007ffd57f37000 	C:\Windows\System32\SHCORE.dll
0x00007ffd580e0000 - 0x00007ffd58147000 	C:\Windows\System32\shlwapi.dll
0x00007ffd56600000 - 0x00007ffd56629000 	C:\Windows\SYSTEM32\profapi.dll
0x00007ffd53970000 - 0x00007ffd53980000 	C:\Software\Android Studio\jbr\bin\net.dll
0x00007ffd504f0000 - 0x00007ffd50617000 	C:\Windows\SYSTEM32\WINHTTP.dll
0x00007ffd55980000 - 0x00007ffd559eb000 	C:\Windows\system32\mswsock.dll
0x00007ffd4ee40000 - 0x00007ffd4ee56000 	C:\Software\Android Studio\jbr\bin\nio.dll
0x00007ffd50270000 - 0x00007ffd50279000 	C:\Software\Android Studio\jbr\bin\management.dll
0x00007ffd3a800000 - 0x00007ffd3a80b000 	C:\Software\Android Studio\jbr\bin\management_ext.dll
0x00007ffd59480000 - 0x00007ffd59488000 	C:\Windows\System32\PSAPI.DLL
0x00007ffd2bd80000 - 0x00007ffd2bd90000 	C:\Software\Android Studio\jbr\bin\verify.dll

JVMTI agents: none

dbghelp: loaded successfully - version: 4.0.5 - missing functions: none
symbol engine: initialized successfully - sym options: 0x614 - pdb path: .;C:\Software\Android Studio\jbr\bin;C:\Windows\SYSTEM32;C:\Windows\WinSxS\amd64_microsoft.windows.common-controls_6595b64144ccf1df_6.0.26100.8037_none_3e092faae333b53b;C:\Software\Android Studio\jbr\bin\server

VM Arguments:
java_command: org.jetbrains.kotlin.cli.jvm.K2JVMCompiler @C:\Users\student\Downloads\mobilne_projekt_lab5\mobilne_projekt_lab5\mobilne_projekt_lab2\mobilne_projekt_lab2\mobilne_projekt_lab1 (1)\mobilne_projekt_lab\app\build\20260422_2670704766311544453.compiler.options
java_class_path (initial): C:\Users\student\.gradle\caches\modules-2\files-2.1\org.jetbrains.kotlin\kotlin-compiler-embeddable\2.2.10\6882d39ef03b18879c1a5d2a83c2212361bed5fe\kotlin-compiler-embeddable-2.2.10.jar;C:\Users\student\.gradle\caches\modules-2\files-2.1\org.jetbrains.kotlin\kotlin-stdlib\2.2.10\30de6faa127a4a012db8e71bf1b9c0a99b1402b2\kotlin-stdlib-2.2.10.jar;C:\Users\student\.gradle\caches\modules-2\files-2.1\org.jetbrains.kotlin\kotlin-script-runtime\2.2.10\712f9bc08f378c13a4a00f0bbb28c76e59183e83\kotlin-script-runtime-2.2.10.jar;C:\Users\student\.gradle\caches\modules-2\files-2.1\org.jetbrains.kotlin\kotlin-reflect\1.6.10\1cbe9c92c12a94eea200d23c2bbaedaf3daf5132\kotlin-reflect-1.6.10.jar;C:\Users\student\.gradle\caches\modules-2\files-2.1\org.jetbrains.kotlin\kotlin-daemon-embeddable\2.2.10\212fd3c2c6e4e5d0f4db3c4191233e2b622380cc\kotlin-daemon-embeddable-2.2.10.jar;C:\Users\student\.gradle\caches\modules-2\files-2.1\org.jetbrains.kotlinx\kotlinx-coroutines-core-jvm\1.8.0\ac1dc37a30a93150b704022f8d895ee1bd3a36b3\kotlinx-coroutines-core-jvm-1.8.0.jar;C:\Users\student\.gradle\caches\modules-2\files-2.1\org.jetbrains\annotations\13.0\919f0dfe192fb4e063e7dacadee7f8bb9a2672a9\annotations-13.0.jar
Launcher Type: SUN_STANDARD

[Global flags]
     intx CICompilerCount                          = 12                                        {product} {ergonomic}
     uint ConcGCThreads                            = 4                                         {product} {ergonomic}
     uint G1ConcRefinementThreads                  = 15                                        {product} {ergonomic}
   size_t G1HeapRegionSize                         = 2097152                                   {product} {ergonomic}
    uintx GCDrainStackTargetSize                   = 64                                        {product} {ergonomic}
   size_t InitialHeapSize                          = 264241152                                 {product} {ergonomic}
   size_t MarkStackSize                            = 4194304                                   {product} {ergonomic}
   size_t MaxHeapSize                              = 4213178368                                {product} {ergonomic}
   size_t MaxNewSize                               = 2527068160                                {product} {ergonomic}
   size_t MinHeapDeltaBytes                        = 2097152                                   {product} {ergonomic}
   size_t MinHeapSize                              = 8388608                                   {product} {ergonomic}
    uintx NonNMethodCodeHeapSize                   = 7602480                                {pd product} {ergonomic}
    uintx NonProfiledCodeHeapSize                  = 122027880                              {pd product} {ergonomic}
    uintx ProfiledCodeHeapSize                     = 122027880                              {pd product} {ergonomic}
    uintx ReservedCodeCacheSize                    = 251658240                              {pd product} {ergonomic}
     bool SegmentedCodeCache                       = true                                      {product} {ergonomic}
   size_t SoftMaxHeapSize                          = 4213178368                             {manageable} {ergonomic}
     bool UseCompressedOops                        = true                           {product lp64_product} {ergonomic}
     bool UseG1GC                                  = true                                      {product} {ergonomic}
     bool UseLargePagesIndividualAllocation        = false                                  {pd product} {ergonomic}

Logging:
Log output configuration:
 #0: stdout all=warning uptime,level,tags foldmultilines=false
 #1: stderr all=off uptime,level,tags foldmultilines=false

Release file:
JAVA_VERSION="21.0.9" 
MODULES="java.base java.compiler java.datatransfer java.xml java.prefs java.desktop java.instrument java.logging java.management java.security.sasl java.naming java.rmi java.management.rmi java.net.http java.scripting java.security.jgss java.transaction.xa java.sql java.sql.rowset java.xml.crypto java.se java.smartcardio jdk.accessibility jdk.internal.jvmstat jdk.attach jdk.charsets jdk.internal.opt jdk.zipfs jdk.compiler jdk.crypto.ec jdk.crypto.cryptoki jdk.dynalink jdk.hotspot.agent jdk.httpserver jdk.internal.ed jdk.internal.le jdk.internal.vm.ci jdk.jartool jdk.javadoc jdk.jcmd jdk.jdeps jdk.jdwp.agent jdk.jdi jdk.jfr jdk.jlink jdk.jsobject jdk.localedata jdk.management jdk.management.agent jdk.management.jfr jdk.naming.dns jdk.naming.rmi jdk.net jdk.sctp jdk.security.auth jdk.security.jgss jdk.unsupported jdk.unsupported.desktop jdk.xml.dom" 
IMPLEMENTOR="JetBrains s.r.o." 
JAVA_RUNTIME_VERSION="21.0.9+-14787801-b1163.94" 
LIBC="default" 
OS_ARCH="x86_64" 
OS_NAME="Windows" 
SOURCE=".:git:0c757ddc9f2f" 

Environment Variables:
JAVA_HOME=C:\Program Files\Java\jdk-24
PATH=C:\software\Python\Python313\Scripts\;C:\software\Python\Python313\;C:\Program Files\Common Files\Oracle\Java\javapath;C:\Windows\system32;C:\Windows;C:\Windows\System32\Wbem;C:\Windows\System32\WindowsPowerShell\v1.0\;C:\Windows\System32\OpenSSH\;C:\software\MiKTeX\miktex\bin\x64\;C:\Program Files\Docker\Docker\resources\bin;C:\software\Git\cmd;C:\software\swipl\bin;C:\software\TortoiseSVN\bin;C:\software\Microsoft VS Code\bin;C:\Program Files\Microsoft SQL Server\150\Tools\Binn\;C:\Program Files (x86)\Windows Kits\10\Windows Performance Toolkit\;C:\Software\apache-maven-3.9.9\bin;C:\Software\apache-ant-1.10.15\bin;C:\Program Files\Java\jdk-24\bin;C:\Users\student\AppData\Local\Microsoft\WindowsApps;
USERNAME=student
OS=Windows_NT
PROCESSOR_IDENTIFIER=Intel64 Family 6 Model 191 Stepping 2, GenuineIntel
TMP=C:\Users\student\AppData\Local\Temp
TEMP=C:\Users\student\AppData\Local\Temp




Periodic native trim disabled

JNI global refs:
JNI global refs: 24, weak refs: 1

JNI global refs memory usage: 835, weak refs: 833

Process memory usage:
Resident Set Size: 413332K (2% of 16456428K total physical memory with 2311352K free physical memory)

OOME stack traces (most recent first):
Classloader memory used:
Loader jdk.internal.loader.ClassLoaders$AppClassLoader                                 : 47814K
Loader bootstrap                                                                       : 11706K
Loader jdk.internal.jrtfs.JrtFileSystemProvider$JrtFsLoader                            : 332K
Loader java.net.URLClassLoader                                                         : 274K
Loader jdk.internal.loader.ClassLoaders$PlatformClassLoader                            : 67872B

Classes loaded by more than one classloader:
Class jdk.internal.jimage.BasicImageReader                                            : loaded 2 times (x 95B)
Class jdk.internal.jimage.decompressor.StringSharingDecompressorFactory               : loaded 2 times (x 74B)
Class jdk.internal.jrtfs.JrtFileSystemProvider                                        : loaded 2 times (x 101B)
Class jdk.internal.jimage.ImageLocation                                               : loaded 2 times (x 90B)
Class jdk.internal.jimage.ImageBufferCache$1                                          : loaded 2 times (x 83B)
Class jdk.internal.jimage.ImageBufferCache$2                                          : loaded 2 times (x 91B)
Class jdk.internal.jimage.ImageHeader                                                 : loaded 2 times (x 71B)
Class jdk.internal.jimage.decompressor.ResourceDecompressor                           : loaded 2 times (x 70B)
Class jdk.internal.jimage.ImageStringsReader                                          : loaded 2 times (x 80B)
Class jdk.internal.jimage.ImageReader                                                 : loaded 2 times (x 75B)
Class jdk.internal.jimage.ImageReader$SharedImageReader                               : loaded 2 times (x 95B)
Class jdk.internal.jimage.decompressor.ResourceDecompressorFactory                    : loaded 2 times (x 74B)
Class jdk.internal.jimage.ImageReader$Node                                            : loaded 2 times (x 84B)
Class jdk.internal.jimage.BasicImageReader$1                                          : loaded 2 times (x 77B)
Class jdk.internal.jimage.decompressor.Decompressor                                   : loaded 2 times (x 72B)
Class jdk.internal.jimage.ImageBufferCache                                            : loaded 2 times (x 71B)
Class jdk.internal.jrtfs.JrtPath                                                      : loaded 2 times (x 118B)
Class jdk.internal.jimage.decompressor.ResourceDecompressorRepository                 : loaded 2 times (x 71B)
Class jdk.internal.jimage.ImageReader$Directory                                       : loaded 2 times (x 84B)
Class jdk.internal.jimage.decompressor.ZipDecompressorFactory                         : loaded 2 times (x 74B)
Class jdk.internal.jimage.decompressor.ZipDecompressor                                : loaded 2 times (x 75B)
Class jdk.internal.jimage.ImageStrings                                                : loaded 2 times (x 70B)
Class jdk.internal.jrtfs.JrtFileSystem                                                : loaded 2 times (x 102B)
Class jdk.internal.jimage.decompressor.CompressedResourceHeader                       : loaded 2 times (x 71B)
Class jdk.internal.jimage.decompressor.ResourceDecompressor$StringsProvider           : loaded 2 times (x 70B)

---------------  S Y S T E M  ---------------

OS:
 Windows 11 , 64 bit Build 26100 (10.0.26100.7920)
OS uptime: 0 days 1:02 hours
Hyper-V role detected

CPU: total 20 (initial active 20) (10 cores per cpu, 2 threads per core) family 6 model 191 stepping 2 microcode 0x3a, cx8, cmov, fxsr, ht, mmx, 3dnowpref, sse, sse2, sse3, ssse3, sse4.1, sse4.2, popcnt, lzcnt, tsc, tscinvbit, avx, avx2, aes, erms, clmul, bmi1, bmi2, adx, sha, fma, vzeroupper, clflush, clflushopt, clwb, hv, serialize, rdtscp, rdpid, fsrm, f16c, cet_ibt, cet_ss
Processor Information for the first 20 processors :
  Max Mhz: 2600, Current Mhz: 2600, Mhz Limit: 2600

Memory: 4k page, system-wide physical 16070M (2257M free)
TotalPageFile size 16070M (AvailPageFile size 76M)
current process WorkingSet (physical memory assigned to process): 403M, peak: 407M
current process commit charge ("private bytes"): 430M, peak: 560M

vm_info: OpenJDK 64-Bit Server VM (21.0.9+-14787801-b1163.94) for windows-amd64 JRE (21.0.9+-14787801-b1163.94), built on 2026-01-27T21:15:44Z by "builder" with MS VC++ 16.10 / 16.11 (VS2019)

END.
