#
# There is insufficient memory for the Java Runtime Environment to continue.
# Native memory allocation (malloc) failed to allocate 1094208 bytes. Error detail: Chunk::new
# Possible reasons:
#   The system is out of physical RAM or swap space
#   This process is running with CompressedOops enabled, and the Java Heap may be blocking the growth of the native heap
# Possible solutions:
#   Reduce memory load on the system
#   Increase physical memory or swap space
#   Check if swap backing store is full
#   Decrease Java heap size (-Xmx/-Xms)
#   Decrease number of Java threads
#   Decrease Java thread stack sizes (-Xss)
#   Set larger code cache with -XX:ReservedCodeCacheSize=
#   JVM is running with Zero Based Compressed Oops mode in which the Java heap is
#     placed in the first 32GB address space. The Java Heap base address is the
#     maximum limit for the native heap growth. Please use -XX:HeapBaseMinAddress
#     to set the Java Heap base and to place the Java Heap above 32GB virtual address.
# This output file may be truncated or incomplete.
#
#  Out of Memory Error (arena.cpp:168), pid=17476, tid=10924
#
# JRE version: OpenJDK Runtime Environment (21.0.9) (build 21.0.9+-14787801-b1163.94)
# Java VM: OpenJDK 64-Bit Server VM (21.0.9+-14787801-b1163.94, mixed mode, tiered, compressed oops, compressed class ptrs, g1 gc, windows-amd64)
# No core dump will be written. Minidumps are not enabled by default on client versions of Windows
#

---------------  S U M M A R Y ------------

Command Line: org.jetbrains.kotlin.cli.jvm.K2JVMCompiler @C:\Users\student\Downloads\mobilne_projekt_lab5\mobilne_projekt_lab5\mobilne_projekt_lab2\mobilne_projekt_lab2\mobilne_projekt_lab1 (1)\mobilne_projekt_lab\app\build\20260422_1322969639282668090.compiler.options

Host: Intel(R) Core(TM) i5-14500, 20 cores, 15G,  Windows 11 , 64 bit Build 26100 (10.0.26100.7920)
Time: Wed Apr 22 08:50:05 2026 Central European Daylight Time elapsed time: 4.121346 seconds (0d 0h 0m 4s)

---------------  T H R E A D  ---------------

Current thread (0x0000027c23703980):  JavaThread "C2 CompilerThread2" daemon [_thread_in_native, id=10924, stack(0x000000d035700000,0x000000d035800000) (1024K)]


Current CompileTask:
C2:4121 9516       4       org.jetbrains.kotlin.fir.deserialization.FirTypeDeserializer::<init> (685 bytes)

Stack: [0x000000d035700000,0x000000d035800000]
Native frames: (J=compiled Java code, j=interpreted, Vv=VM code, C=native code)
V  [jvm.dll+0x6d6c99]
V  [jvm.dll+0x866b83]
V  [jvm.dll+0x8691ae]
V  [jvm.dll+0x869893]
V  [jvm.dll+0x280776]
V  [jvm.dll+0xc07cd]
V  [jvm.dll+0xc0d03]
V  [jvm.dll+0x3b986b]
V  [jvm.dll+0x3856a7]
V  [jvm.dll+0x384b1a]
V  [jvm.dll+0x249462]
V  [jvm.dll+0x248a31]
V  [jvm.dll+0x1c7344]
V  [jvm.dll+0x2581ae]
V  [jvm.dll+0x2566f6]
V  [jvm.dll+0x3f48a6]
V  [jvm.dll+0x80f118]
V  [jvm.dll+0x6d54ed]
C  [ucrtbase.dll+0x37b0]
C  [KERNEL32.DLL+0x2e8d7]
C  [ntdll.dll+0x8c48c]


---------------  P R O C E S S  ---------------

Threads class SMR info:
_java_thread_list=0x0000027c339fe700, length=18, elements={
0x0000027c0602ec90, 0x0000027c234b1700, 0x0000027c234c2da0, 0x0000027c234c3d30,
0x0000027c234ceea0, 0x0000027c234d0d80, 0x0000027c234d1c70, 0x0000027c234d2e70,
0x0000027c234e6eb0, 0x0000027c234e7d00, 0x0000027c2304f2e0, 0x0000027c23692260,
0x0000027c237032d0, 0x0000027c23703980, 0x0000027c23cf48e0, 0x0000027c23cf4f90,
0x0000027c28f3b780, 0x0000027c293febe0
}

Java Threads: ( => current thread )
  0x0000027c0602ec90 JavaThread "main"                              [_thread_in_vm, id=13104, stack(0x000000d034300000,0x000000d034400000) (1024K)]
  0x0000027c234b1700 JavaThread "Common-Cleaner"             daemon [_thread_blocked, id=11412, stack(0x000000d034b00000,0x000000d034c00000) (1024K)]
  0x0000027c234c2da0 JavaThread "Reference Handler"          daemon [_thread_blocked, id=2852, stack(0x000000d034c00000,0x000000d034d00000) (1024K)]
  0x0000027c234c3d30 JavaThread "Finalizer"                  daemon [_thread_blocked, id=9404, stack(0x000000d034d00000,0x000000d034e00000) (1024K)]
  0x0000027c234ceea0 JavaThread "Signal Dispatcher"          daemon [_thread_blocked, id=11860, stack(0x000000d034e00000,0x000000d034f00000) (1024K)]
  0x0000027c234d0d80 JavaThread "Attach Listener"            daemon [_thread_blocked, id=11696, stack(0x000000d034f00000,0x000000d035000000) (1024K)]
  0x0000027c234d1c70 JavaThread "Service Thread"             daemon [_thread_blocked, id=17748, stack(0x000000d035000000,0x000000d035100000) (1024K)]
  0x0000027c234d2e70 JavaThread "Monitor Deflation Thread"   daemon [_thread_blocked, id=3080, stack(0x000000d035100000,0x000000d035200000) (1024K)]
  0x0000027c234e6eb0 JavaThread "C2 CompilerThread0"         daemon [_thread_blocked, id=13660, stack(0x000000d035200000,0x000000d035300000) (1024K)]
  0x0000027c234e7d00 JavaThread "C1 CompilerThread0"         daemon [_thread_blocked, id=15960, stack(0x000000d035300000,0x000000d035400000) (1024K)]
  0x0000027c2304f2e0 JavaThread "C1 CompilerThread1"         daemon [_thread_blocked, id=1516, stack(0x000000d035400000,0x000000d035500000) (1024K)]
  0x0000027c23692260 JavaThread "Notification Thread"        daemon [_thread_blocked, id=13096, stack(0x000000d035500000,0x000000d035600000) (1024K)]
  0x0000027c237032d0 JavaThread "C2 CompilerThread1"         daemon [_thread_in_native, id=9260, stack(0x000000d035600000,0x000000d035700000) (1024K)]
=>0x0000027c23703980 JavaThread "C2 CompilerThread2"         daemon [_thread_in_native, id=10924, stack(0x000000d035700000,0x000000d035800000) (1024K)]
  0x0000027c23cf48e0 JavaThread "C1 CompilerThread2"         daemon [_thread_blocked, id=15568, stack(0x000000d035800000,0x000000d035900000) (1024K)]
  0x0000027c23cf4f90 JavaThread "C1 CompilerThread3"         daemon [_thread_in_vm, id=15576, stack(0x000000d035900000,0x000000d035a00000) (1024K)]
  0x0000027c28f3b780 JavaThread "C2 CompilerThread3"         daemon [_thread_in_native, id=17776, stack(0x000000d036400000,0x000000d036500000) (1024K)]
  0x0000027c293febe0 JavaThread "C2 CompilerThread4"         daemon [_thread_in_native, id=12404, stack(0x000000d036800000,0x000000d036900000) (1024K)]
Total: 18

Other Threads:
  0x0000027c2346d9d0 VMThread "VM Thread"                           [id=8280, stack(0x000000d034a00000,0x000000d034b00000) (1024K)]
  0x0000027c2304e3f0 WatcherThread "VM Periodic Task Thread"        [id=7320, stack(0x000000d034900000,0x000000d034a00000) (1024K)]
  0x0000027c0859f370 WorkerThread "GC Thread#0"                     [id=15404, stack(0x000000d034400000,0x000000d034500000) (1024K)]
  0x0000027c23e76840 WorkerThread "GC Thread#1"                     [id=17244, stack(0x000000d035a00000,0x000000d035b00000) (1024K)]
  0x0000027c23e76be0 WorkerThread "GC Thread#2"                     [id=4976, stack(0x000000d035b00000,0x000000d035c00000) (1024K)]
  0x0000027c23e76f80 WorkerThread "GC Thread#3"                     [id=12904, stack(0x000000d035c00000,0x000000d035d00000) (1024K)]
  0x0000027c23e77320 WorkerThread "GC Thread#4"                     [id=12944, stack(0x000000d035d00000,0x000000d035e00000) (1024K)]
  0x0000027c23e776c0 WorkerThread "GC Thread#5"                     [id=5896, stack(0x000000d035e00000,0x000000d035f00000) (1024K)]
  0x0000027c2817fba0 WorkerThread "GC Thread#6"                     [id=13040, stack(0x000000d035f00000,0x000000d036000000) (1024K)]
  0x0000027c2817f460 WorkerThread "GC Thread#7"                     [id=13000, stack(0x000000d036000000,0x000000d036100000) (1024K)]
  0x0000027c2873b3c0 WorkerThread "GC Thread#8"                     [id=7144, stack(0x000000d036500000,0x000000d036600000) (1024K)]
  0x0000027c2873a8e0 WorkerThread "GC Thread#9"                     [id=5424, stack(0x000000d036600000,0x000000d036700000) (1024K)]
  0x0000027c28737d60 WorkerThread "GC Thread#10"                    [id=7040, stack(0x000000d036700000,0x000000d036800000) (1024K)]
  0x0000027c2873ac80 WorkerThread "GC Thread#11"                    [id=12144, stack(0x000000d036c00000,0x000000d036d00000) (1024K)]
  0x0000027c2873a1a0 WorkerThread "GC Thread#12"                    [id=7748, stack(0x000000d036a00000,0x000000d036b00000) (1024K)]
  0x0000027c2d910a90 WorkerThread "GC Thread#13"                    [id=16660, stack(0x000000d036b00000,0x000000d036c00000) (1024K)]
  0x0000027c2d90e650 WorkerThread "GC Thread#14"                    [id=7932, stack(0x000000d036d00000,0x000000d036e00000) (1024K)]
  0x0000027c085afe60 ConcurrentGCThread "G1 Main Marker"            [id=6616, stack(0x000000d034500000,0x000000d034600000) (1024K)]
  0x0000027c085b1170 WorkerThread "G1 Conc#0"                       [id=5804, stack(0x000000d034600000,0x000000d034700000) (1024K)]
  0x0000027c2817f800 WorkerThread "G1 Conc#1"                       [id=7844, stack(0x000000d036100000,0x000000d036200000) (1024K)]
  0x0000027c281802e0 WorkerThread "G1 Conc#2"                       [id=12264, stack(0x000000d036200000,0x000000d036300000) (1024K)]
  0x0000027c2817ff40 WorkerThread "G1 Conc#3"                       [id=6044, stack(0x000000d036300000,0x000000d036400000) (1024K)]
  0x0000027c22f218f0 ConcurrentGCThread "G1 Refine#0"               [id=18408, stack(0x000000d034700000,0x000000d034800000) (1024K)]
  0x0000027c22f22300 ConcurrentGCThread "G1 Service"                [id=10940, stack(0x000000d034800000,0x000000d034900000) (1024K)]
Total: 24

Threads with active compile tasks:
C2 CompilerThread2  4131 9516       4       org.jetbrains.kotlin.fir.deserialization.FirTypeDeserializer::<init> (685 bytes)
C2 CompilerThread3  4131 9658       4       org.jetbrains.kotlin.metadata.jvm.JvmProtoBuf$JvmPropertySignature$Builder::buildPartial (131 bytes)
C2 CompilerThread4  4131 9657       4       org.jetbrains.kotlin.metadata.jvm.JvmProtoBuf$JvmPropertySignature$Builder::build (5 bytes)
Total: 3

VM state: not at safepoint (normal execution)

VM Mutex/Monitor currently owned by a thread: None

Heap address: 0x0000000704e00000, size: 4018 MB, Compressed Oops mode: Zero based, Oop shift amount: 3

CDS archive(s) not mapped
Compressed class space mapped at: 0x0000000800000000-0x0000000840000000, reserved size: 1073741824
Narrow klass base: 0x0000000800000000, Narrow klass shift: 0, Narrow klass range: 0x40000000

GC Precious Log:
 CardTable entry size: 512
 Card Set container configuration: InlinePtr #cards 4 size 8 Array Of Cards #cards 16 size 48 Howl #buckets 8 coarsen threshold 3686 Howl Bitmap #cards 512 size 80 coarsen threshold 460 Card regions per heap region 1 cards per card region 4096
 CPUs: 20 total, 20 available
 Memory: 16070M
 Large Page Support: Disabled
 NUMA Support: Disabled
 Compressed Oops: Enabled (Zero based)
 Heap Region Size: 2M
 Heap Min Capacity: 8M
 Heap Initial Capacity: 252M
 Heap Max Capacity: 4018M
 Pre-touch: Disabled
 Parallel Workers: 15
 Concurrent Workers: 4
 Concurrent Refinement Workers: 15
 Periodic GC: Disabled

Heap:
 garbage-first heap   total 292864K, used 173933K [0x0000000704e00000, 0x0000000800000000)
  region size 2048K, 34 young (69632K), 2 survivors (4096K)
 Metaspace       used 64597K, committed 64896K, reserved 1114112K
  class space    used 7210K, committed 7360K, reserved 1048576K

Heap Regions: E=young(eden), S=young(survivor), O=old, HS=humongous(starts), HC=humongous(continues), CS=collection set, F=free, TAMS=top-at-mark-start, PB=parsable bottom
|   0|0x0000000704e00000, 0x0000000705000000, 0x0000000705000000|100%|HS|  |TAMS 0x0000000704e00000| PB 0x0000000704e00000| Complete 
|   1|0x0000000705000000, 0x0000000705200000, 0x0000000705200000|100%|HC|  |TAMS 0x0000000705000000| PB 0x0000000705000000| Complete 
|   2|0x0000000705200000, 0x0000000705400000, 0x0000000705400000|100%| O|  |TAMS 0x0000000705200000| PB 0x0000000705200000| Untracked 
|   3|0x0000000705400000, 0x0000000705600000, 0x0000000705600000|100%| O|  |TAMS 0x0000000705400000| PB 0x0000000705400000| Untracked 
|   4|0x0000000705600000, 0x0000000705800000, 0x0000000705800000|100%| O|  |TAMS 0x0000000705600000| PB 0x0000000705600000| Untracked 
|   5|0x0000000705800000, 0x0000000705a00000, 0x0000000705a00000|100%| O|  |TAMS 0x0000000705800000| PB 0x0000000705800000| Untracked 
|   6|0x0000000705a00000, 0x0000000705c00000, 0x0000000705c00000|100%| O|  |TAMS 0x0000000705a00000| PB 0x0000000705a00000| Untracked 
|   7|0x0000000705c00000, 0x0000000705e00000, 0x0000000705e00000|100%| O|  |TAMS 0x0000000705c00000| PB 0x0000000705c00000| Untracked 
|   8|0x0000000705e00000, 0x0000000706000000, 0x0000000706000000|100%| O|  |TAMS 0x0000000705e00000| PB 0x0000000705e00000| Untracked 
|   9|0x0000000706000000, 0x0000000706200000, 0x0000000706200000|100%| O|  |TAMS 0x0000000706000000| PB 0x0000000706000000| Untracked 
|  10|0x0000000706200000, 0x0000000706400000, 0x0000000706400000|100%| O|  |TAMS 0x0000000706200000| PB 0x0000000706200000| Untracked 
|  11|0x0000000706400000, 0x0000000706600000, 0x0000000706600000|100%| O|  |TAMS 0x0000000706400000| PB 0x0000000706400000| Untracked 
|  12|0x0000000706600000, 0x0000000706800000, 0x0000000706800000|100%| O|  |TAMS 0x0000000706600000| PB 0x0000000706600000| Untracked 
|  13|0x0000000706800000, 0x0000000706a00000, 0x0000000706a00000|100%| O|  |TAMS 0x0000000706800000| PB 0x0000000706800000| Untracked 
|  14|0x0000000706a00000, 0x0000000706c00000, 0x0000000706c00000|100%| O|  |TAMS 0x0000000706a00000| PB 0x0000000706a00000| Untracked 
|  15|0x0000000706c00000, 0x0000000706e00000, 0x0000000706e00000|100%| O|  |TAMS 0x0000000706c00000| PB 0x0000000706c00000| Untracked 
|  16|0x0000000706e00000, 0x0000000707000000, 0x0000000707000000|100%| O|  |TAMS 0x0000000706e00000| PB 0x0000000706e00000| Untracked 
|  17|0x0000000707000000, 0x0000000707200000, 0x0000000707200000|100%| O|  |TAMS 0x0000000707000000| PB 0x0000000707000000| Untracked 
|  18|0x0000000707200000, 0x0000000707400000, 0x0000000707400000|100%| O|  |TAMS 0x0000000707200000| PB 0x0000000707200000| Untracked 
|  19|0x0000000707400000, 0x0000000707600000, 0x0000000707600000|100%| O|  |TAMS 0x0000000707400000| PB 0x0000000707400000| Untracked 
|  20|0x0000000707600000, 0x0000000707800000, 0x0000000707800000|100%| O|  |TAMS 0x0000000707600000| PB 0x0000000707600000| Untracked 
|  21|0x0000000707800000, 0x0000000707a00000, 0x0000000707a00000|100%| O|  |TAMS 0x0000000707800000| PB 0x0000000707800000| Untracked 
|  22|0x0000000707a00000, 0x0000000707c00000, 0x0000000707c00000|100%| O|  |TAMS 0x0000000707a00000| PB 0x0000000707a00000| Untracked 
|  23|0x0000000707c00000, 0x0000000707e00000, 0x0000000707e00000|100%| O|  |TAMS 0x0000000707c00000| PB 0x0000000707c00000| Untracked 
|  24|0x0000000707e00000, 0x0000000708000000, 0x0000000708000000|100%| O|  |TAMS 0x0000000707e00000| PB 0x0000000707e00000| Untracked 
|  25|0x0000000708000000, 0x0000000708200000, 0x0000000708200000|100%| O|  |TAMS 0x0000000708000000| PB 0x0000000708000000| Untracked 
|  26|0x0000000708200000, 0x0000000708400000, 0x0000000708400000|100%| O|  |TAMS 0x0000000708200000| PB 0x0000000708200000| Untracked 
|  27|0x0000000708400000, 0x0000000708600000, 0x0000000708600000|100%| O|  |TAMS 0x0000000708400000| PB 0x0000000708400000| Untracked 
|  28|0x0000000708600000, 0x0000000708800000, 0x0000000708800000|100%| O|  |TAMS 0x0000000708600000| PB 0x0000000708600000| Untracked 
|  29|0x0000000708800000, 0x0000000708a00000, 0x0000000708a00000|100%| O|  |TAMS 0x0000000708800000| PB 0x0000000708800000| Untracked 
|  30|0x0000000708a00000, 0x0000000708c00000, 0x0000000708c00000|100%| O|  |TAMS 0x0000000708a00000| PB 0x0000000708a00000| Untracked 
|  31|0x0000000708c00000, 0x0000000708e00000, 0x0000000708e00000|100%| O|  |TAMS 0x0000000708c00000| PB 0x0000000708c00000| Untracked 
|  32|0x0000000708e00000, 0x0000000709000000, 0x0000000709000000|100%| O|  |TAMS 0x0000000708e00000| PB 0x0000000708e00000| Untracked 
|  33|0x0000000709000000, 0x0000000709200000, 0x0000000709200000|100%| O|  |TAMS 0x0000000709000000| PB 0x0000000709000000| Untracked 
|  34|0x0000000709200000, 0x0000000709400000, 0x0000000709400000|100%| O|  |TAMS 0x0000000709200000| PB 0x0000000709200000| Untracked 
|  35|0x0000000709400000, 0x0000000709600000, 0x0000000709600000|100%| O|  |TAMS 0x0000000709400000| PB 0x0000000709400000| Untracked 
|  36|0x0000000709600000, 0x0000000709800000, 0x0000000709800000|100%| O|Cm|TAMS 0x0000000709600000| PB 0x0000000709600000| Complete 
|  37|0x0000000709800000, 0x0000000709a00000, 0x0000000709a00000|100%| O|  |TAMS 0x0000000709800000| PB 0x0000000709800000| Untracked 
|  38|0x0000000709a00000, 0x0000000709c00000, 0x0000000709c00000|100%| O|  |TAMS 0x0000000709a00000| PB 0x0000000709a00000| Untracked 
|  39|0x0000000709c00000, 0x0000000709e00000, 0x0000000709e00000|100%| O|  |TAMS 0x0000000709c00000| PB 0x0000000709c00000| Untracked 
|  40|0x0000000709e00000, 0x000000070a000000, 0x000000070a000000|100%| O|  |TAMS 0x0000000709e00000| PB 0x0000000709e00000| Untracked 
|  41|0x000000070a000000, 0x000000070a200000, 0x000000070a200000|100%| O|  |TAMS 0x000000070a000000| PB 0x000000070a000000| Untracked 
|  42|0x000000070a200000, 0x000000070a400000, 0x000000070a400000|100%| O|  |TAMS 0x000000070a200000| PB 0x000000070a200000| Untracked 
|  43|0x000000070a400000, 0x000000070a600000, 0x000000070a600000|100%| O|  |TAMS 0x000000070a400000| PB 0x000000070a400000| Untracked 
|  44|0x000000070a600000, 0x000000070a800000, 0x000000070a800000|100%| O|  |TAMS 0x000000070a600000| PB 0x000000070a600000| Untracked 
|  45|0x000000070a800000, 0x000000070aa00000, 0x000000070aa00000|100%| O|Cm|TAMS 0x000000070a800000| PB 0x000000070a800000| Complete 
|  46|0x000000070aa00000, 0x000000070ac00000, 0x000000070ac00000|100%| O|  |TAMS 0x000000070aa00000| PB 0x000000070aa00000| Untracked 
|  47|0x000000070ac00000, 0x000000070ae00000, 0x000000070ae00000|100%| O|  |TAMS 0x000000070ac00000| PB 0x000000070ac00000| Untracked 
|  48|0x000000070ae00000, 0x000000070b000000, 0x000000070b000000|100%| O|  |TAMS 0x000000070ae00000| PB 0x000000070ae00000| Untracked 
|  49|0x000000070b000000, 0x000000070b000000, 0x000000070b200000|  0%| F|  |TAMS 0x000000070b000000| PB 0x000000070b000000| Untracked 
|  50|0x000000070b200000, 0x000000070b200000, 0x000000070b400000|  0%| F|  |TAMS 0x000000070b200000| PB 0x000000070b200000| Untracked 
|  51|0x000000070b400000, 0x000000070b400000, 0x000000070b600000|  0%| F|  |TAMS 0x000000070b400000| PB 0x000000070b400000| Untracked 
|  52|0x000000070b600000, 0x000000070b7db560, 0x000000070b800000| 92%| O|  |TAMS 0x000000070b600000| PB 0x000000070b600000| Untracked 
|  53|0x000000070b800000, 0x000000070b800000, 0x000000070ba00000|  0%| F|  |TAMS 0x000000070b800000| PB 0x000000070b800000| Untracked 
|  54|0x000000070ba00000, 0x000000070ba00000, 0x000000070bc00000|  0%| F|  |TAMS 0x000000070ba00000| PB 0x000000070ba00000| Untracked 
|  55|0x000000070bc00000, 0x000000070be00000, 0x000000070be00000|100%| S|CS|TAMS 0x000000070bc00000| PB 0x000000070bc00000| Complete 
|  56|0x000000070be00000, 0x000000070c000000, 0x000000070c000000|100%| S|CS|TAMS 0x000000070be00000| PB 0x000000070be00000| Complete 
|  57|0x000000070c000000, 0x000000070c000000, 0x000000070c200000|  0%| F|  |TAMS 0x000000070c000000| PB 0x000000070c000000| Untracked 
|  58|0x000000070c200000, 0x000000070c200000, 0x000000070c400000|  0%| F|  |TAMS 0x000000070c200000| PB 0x000000070c200000| Untracked 
|  59|0x000000070c400000, 0x000000070c400000, 0x000000070c600000|  0%| F|  |TAMS 0x000000070c400000| PB 0x000000070c400000| Untracked 
|  60|0x000000070c600000, 0x000000070c600000, 0x000000070c800000|  0%| F|  |TAMS 0x000000070c600000| PB 0x000000070c600000| Untracked 
|  61|0x000000070c800000, 0x000000070c800000, 0x000000070ca00000|  0%| F|  |TAMS 0x000000070c800000| PB 0x000000070c800000| Untracked 
|  62|0x000000070ca00000, 0x000000070ca00000, 0x000000070cc00000|  0%| F|  |TAMS 0x000000070ca00000| PB 0x000000070ca00000| Untracked 
|  63|0x000000070cc00000, 0x000000070cc00000, 0x000000070ce00000|  0%| F|  |TAMS 0x000000070cc00000| PB 0x000000070cc00000| Untracked 
|  64|0x000000070ce00000, 0x000000070ce00000, 0x000000070d000000|  0%| F|  |TAMS 0x000000070ce00000| PB 0x000000070ce00000| Untracked 
|  65|0x000000070d000000, 0x000000070d000000, 0x000000070d200000|  0%| F|  |TAMS 0x000000070d000000| PB 0x000000070d000000| Untracked 
|  66|0x000000070d200000, 0x000000070d200000, 0x000000070d400000|  0%| F|  |TAMS 0x000000070d200000| PB 0x000000070d200000| Untracked 
|  67|0x000000070d400000, 0x000000070d400000, 0x000000070d600000|  0%| F|  |TAMS 0x000000070d400000| PB 0x000000070d400000| Untracked 
|  68|0x000000070d600000, 0x000000070d600000, 0x000000070d800000|  0%| F|  |TAMS 0x000000070d600000| PB 0x000000070d600000| Untracked 
|  69|0x000000070d800000, 0x000000070d800000, 0x000000070da00000|  0%| F|  |TAMS 0x000000070d800000| PB 0x000000070d800000| Untracked 
|  70|0x000000070da00000, 0x000000070da00000, 0x000000070dc00000|  0%| F|  |TAMS 0x000000070da00000| PB 0x000000070da00000| Untracked 
|  71|0x000000070dc00000, 0x000000070dc00000, 0x000000070de00000|  0%| F|  |TAMS 0x000000070dc00000| PB 0x000000070dc00000| Untracked 
|  72|0x000000070de00000, 0x000000070de00000, 0x000000070e000000|  0%| F|  |TAMS 0x000000070de00000| PB 0x000000070de00000| Untracked 
|  73|0x000000070e000000, 0x000000070e000000, 0x000000070e200000|  0%| F|  |TAMS 0x000000070e000000| PB 0x000000070e000000| Untracked 
|  74|0x000000070e200000, 0x000000070e200000, 0x000000070e400000|  0%| F|  |TAMS 0x000000070e200000| PB 0x000000070e200000| Untracked 
|  75|0x000000070e400000, 0x000000070e400000, 0x000000070e600000|  0%| F|  |TAMS 0x000000070e400000| PB 0x000000070e400000| Untracked 
|  76|0x000000070e600000, 0x000000070e600000, 0x000000070e800000|  0%| F|  |TAMS 0x000000070e600000| PB 0x000000070e600000| Untracked 
|  77|0x000000070e800000, 0x000000070e800000, 0x000000070ea00000|  0%| F|  |TAMS 0x000000070e800000| PB 0x000000070e800000| Untracked 
|  78|0x000000070ea00000, 0x000000070ea00000, 0x000000070ec00000|  0%| F|  |TAMS 0x000000070ea00000| PB 0x000000070ea00000| Untracked 
|  79|0x000000070ec00000, 0x000000070ec00000, 0x000000070ee00000|  0%| F|  |TAMS 0x000000070ec00000| PB 0x000000070ec00000| Untracked 
|  80|0x000000070ee00000, 0x000000070ee00000, 0x000000070f000000|  0%| F|  |TAMS 0x000000070ee00000| PB 0x000000070ee00000| Untracked 
|  81|0x000000070f000000, 0x000000070f000000, 0x000000070f200000|  0%| F|  |TAMS 0x000000070f000000| PB 0x000000070f000000| Untracked 
|  82|0x000000070f200000, 0x000000070f200000, 0x000000070f400000|  0%| F|  |TAMS 0x000000070f200000| PB 0x000000070f200000| Untracked 
|  83|0x000000070f400000, 0x000000070f400000, 0x000000070f600000|  0%| F|  |TAMS 0x000000070f400000| PB 0x000000070f400000| Untracked 
|  84|0x000000070f600000, 0x000000070f600000, 0x000000070f800000|  0%| F|  |TAMS 0x000000070f600000| PB 0x000000070f600000| Untracked 
|  85|0x000000070f800000, 0x000000070f800000, 0x000000070fa00000|  0%| F|  |TAMS 0x000000070f800000| PB 0x000000070f800000| Untracked 
|  86|0x000000070fa00000, 0x000000070fa00000, 0x000000070fc00000|  0%| F|  |TAMS 0x000000070fa00000| PB 0x000000070fa00000| Untracked 
|  87|0x000000070fc00000, 0x000000070fc00000, 0x000000070fe00000|  0%| F|  |TAMS 0x000000070fc00000| PB 0x000000070fc00000| Untracked 
|  88|0x000000070fe00000, 0x000000070fe00000, 0x0000000710000000|  0%| F|  |TAMS 0x000000070fe00000| PB 0x000000070fe00000| Untracked 
|  89|0x0000000710000000, 0x0000000710000000, 0x0000000710200000|  0%| F|  |TAMS 0x0000000710000000| PB 0x0000000710000000| Untracked 
|  90|0x0000000710200000, 0x0000000710200000, 0x0000000710400000|  0%| F|  |TAMS 0x0000000710200000| PB 0x0000000710200000| Untracked 
|  91|0x0000000710400000, 0x0000000710400000, 0x0000000710600000|  0%| F|  |TAMS 0x0000000710400000| PB 0x0000000710400000| Untracked 
|  92|0x0000000710600000, 0x0000000710600000, 0x0000000710800000|  0%| F|  |TAMS 0x0000000710600000| PB 0x0000000710600000| Untracked 
|  93|0x0000000710800000, 0x0000000710800000, 0x0000000710a00000|  0%| F|  |TAMS 0x0000000710800000| PB 0x0000000710800000| Untracked 
|  94|0x0000000710a00000, 0x0000000710a00000, 0x0000000710c00000|  0%| F|  |TAMS 0x0000000710a00000| PB 0x0000000710a00000| Untracked 
|  95|0x0000000710c00000, 0x0000000710c00000, 0x0000000710e00000|  0%| F|  |TAMS 0x0000000710c00000| PB 0x0000000710c00000| Untracked 
|  96|0x0000000710e00000, 0x0000000710e00000, 0x0000000711000000|  0%| F|  |TAMS 0x0000000710e00000| PB 0x0000000710e00000| Untracked 
|  97|0x0000000711000000, 0x0000000711000000, 0x0000000711200000|  0%| F|  |TAMS 0x0000000711000000| PB 0x0000000711000000| Untracked 
|  98|0x0000000711200000, 0x0000000711200000, 0x0000000711400000|  0%| F|  |TAMS 0x0000000711200000| PB 0x0000000711200000| Untracked 
|  99|0x0000000711400000, 0x0000000711400000, 0x0000000711600000|  0%| F|  |TAMS 0x0000000711400000| PB 0x0000000711400000| Untracked 
| 100|0x0000000711600000, 0x0000000711600000, 0x0000000711800000|  0%| F|  |TAMS 0x0000000711600000| PB 0x0000000711600000| Untracked 
| 101|0x0000000711800000, 0x0000000711800000, 0x0000000711a00000|  0%| F|  |TAMS 0x0000000711800000| PB 0x0000000711800000| Untracked 
| 102|0x0000000711a00000, 0x0000000711a00000, 0x0000000711c00000|  0%| F|  |TAMS 0x0000000711a00000| PB 0x0000000711a00000| Untracked 
| 103|0x0000000711c00000, 0x0000000711c00000, 0x0000000711e00000|  0%| F|  |TAMS 0x0000000711c00000| PB 0x0000000711c00000| Untracked 
| 104|0x0000000711e00000, 0x0000000711e00000, 0x0000000712000000|  0%| F|  |TAMS 0x0000000711e00000| PB 0x0000000711e00000| Untracked 
| 105|0x0000000712000000, 0x0000000712000000, 0x0000000712200000|  0%| F|  |TAMS 0x0000000712000000| PB 0x0000000712000000| Untracked 
| 106|0x0000000712200000, 0x0000000712200000, 0x0000000712400000|  0%| F|  |TAMS 0x0000000712200000| PB 0x0000000712200000| Untracked 
| 107|0x0000000712400000, 0x0000000712400000, 0x0000000712600000|  0%| F|  |TAMS 0x0000000712400000| PB 0x0000000712400000| Untracked 
| 108|0x0000000712600000, 0x0000000712600000, 0x0000000712800000|  0%| F|  |TAMS 0x0000000712600000| PB 0x0000000712600000| Untracked 
| 109|0x0000000712800000, 0x000000071288e940, 0x0000000712a00000| 27%| E|  |TAMS 0x0000000712800000| PB 0x0000000712800000| Complete 
| 110|0x0000000712a00000, 0x0000000712c00000, 0x0000000712c00000|100%| E|CS|TAMS 0x0000000712a00000| PB 0x0000000712a00000| Complete 
| 111|0x0000000712c00000, 0x0000000712e00000, 0x0000000712e00000|100%| E|CS|TAMS 0x0000000712c00000| PB 0x0000000712c00000| Complete 
| 112|0x0000000712e00000, 0x0000000713000000, 0x0000000713000000|100%| E|CS|TAMS 0x0000000712e00000| PB 0x0000000712e00000| Complete 
| 113|0x0000000713000000, 0x0000000713200000, 0x0000000713200000|100%| E|CS|TAMS 0x0000000713000000| PB 0x0000000713000000| Complete 
| 114|0x0000000713200000, 0x0000000713400000, 0x0000000713400000|100%| E|CS|TAMS 0x0000000713200000| PB 0x0000000713200000| Complete 
| 115|0x0000000713400000, 0x0000000713600000, 0x0000000713600000|100%| E|CS|TAMS 0x0000000713400000| PB 0x0000000713400000| Complete 
| 116|0x0000000713600000, 0x0000000713800000, 0x0000000713800000|100%| E|CS|TAMS 0x0000000713600000| PB 0x0000000713600000| Complete 
| 117|0x0000000713800000, 0x0000000713a00000, 0x0000000713a00000|100%| E|CS|TAMS 0x0000000713800000| PB 0x0000000713800000| Complete 
| 118|0x0000000713a00000, 0x0000000713c00000, 0x0000000713c00000|100%| E|CS|TAMS 0x0000000713a00000| PB 0x0000000713a00000| Complete 
| 119|0x0000000713c00000, 0x0000000713e00000, 0x0000000713e00000|100%| E|CS|TAMS 0x0000000713c00000| PB 0x0000000713c00000| Complete 
| 120|0x0000000713e00000, 0x0000000714000000, 0x0000000714000000|100%| E|CS|TAMS 0x0000000713e00000| PB 0x0000000713e00000| Complete 
| 121|0x0000000714000000, 0x0000000714200000, 0x0000000714200000|100%| E|CS|TAMS 0x0000000714000000| PB 0x0000000714000000| Complete 
| 122|0x0000000714200000, 0x0000000714400000, 0x0000000714400000|100%| E|CS|TAMS 0x0000000714200000| PB 0x0000000714200000| Complete 
| 123|0x0000000714400000, 0x0000000714600000, 0x0000000714600000|100%| E|CS|TAMS 0x0000000714400000| PB 0x0000000714400000| Complete 
| 124|0x0000000714600000, 0x0000000714800000, 0x0000000714800000|100%| E|CS|TAMS 0x0000000714600000| PB 0x0000000714600000| Complete 
| 125|0x0000000714800000, 0x0000000714a00000, 0x0000000714a00000|100%| E|CS|TAMS 0x0000000714800000| PB 0x0000000714800000| Complete 
| 126|0x0000000714a00000, 0x0000000714c00000, 0x0000000714c00000|100%| E|CS|TAMS 0x0000000714a00000| PB 0x0000000714a00000| Complete 
| 127|0x0000000714c00000, 0x0000000714e00000, 0x0000000714e00000|100%| E|CS|TAMS 0x0000000714c00000| PB 0x0000000714c00000| Complete 
| 128|0x0000000714e00000, 0x0000000715000000, 0x0000000715000000|100%| E|CS|TAMS 0x0000000714e00000| PB 0x0000000714e00000| Complete 
| 129|0x0000000715000000, 0x0000000715200000, 0x0000000715200000|100%| E|CS|TAMS 0x0000000715000000| PB 0x0000000715000000| Complete 
| 130|0x0000000715200000, 0x0000000715400000, 0x0000000715400000|100%| E|CS|TAMS 0x0000000715200000| PB 0x0000000715200000| Complete 
| 131|0x0000000715400000, 0x0000000715600000, 0x0000000715600000|100%| E|CS|TAMS 0x0000000715400000| PB 0x0000000715400000| Complete 
| 132|0x0000000715600000, 0x0000000715800000, 0x0000000715800000|100%| E|CS|TAMS 0x0000000715600000| PB 0x0000000715600000| Complete 
| 133|0x0000000715800000, 0x0000000715a00000, 0x0000000715a00000|100%| E|CS|TAMS 0x0000000715800000| PB 0x0000000715800000| Complete 
| 134|0x0000000715a00000, 0x0000000715c00000, 0x0000000715c00000|100%| E|CS|TAMS 0x0000000715a00000| PB 0x0000000715a00000| Complete 
| 135|0x0000000715c00000, 0x0000000715e00000, 0x0000000715e00000|100%| E|CS|TAMS 0x0000000715c00000| PB 0x0000000715c00000| Complete 
| 136|0x0000000715e00000, 0x0000000716000000, 0x0000000716000000|100%| E|CS|TAMS 0x0000000715e00000| PB 0x0000000715e00000| Complete 
| 137|0x0000000716000000, 0x0000000716200000, 0x0000000716200000|100%| E|CS|TAMS 0x0000000716000000| PB 0x0000000716000000| Complete 
| 138|0x0000000716200000, 0x0000000716400000, 0x0000000716400000|100%| E|CS|TAMS 0x0000000716200000| PB 0x0000000716200000| Complete 
| 139|0x0000000716400000, 0x0000000716600000, 0x0000000716600000|100%| E|CS|TAMS 0x0000000716400000| PB 0x0000000716400000| Complete 
|2006|0x00000007ffa00000, 0x00000007ffc00000, 0x00000007ffc00000|100%| E|CS|TAMS 0x00000007ffa00000| PB 0x00000007ffa00000| Complete 
|2007|0x00000007ffc00000, 0x00000007ffe00000, 0x00000007ffe00000|100%| O|  |TAMS 0x00000007ffc00000| PB 0x00000007ffc00000| Untracked 
|2008|0x00000007ffe00000, 0x0000000800000000, 0x0000000800000000|100%| O|  |TAMS 0x00000007ffe00000| PB 0x00000007ffe00000| Untracked 

Card table byte_map: [0x0000027c1b920000,0x0000027c1c100000] _byte_map_base: 0x0000027c180f9000

Marking Bits: (CMBitMap*) 0x0000027c0859fa70
 Bits: [0x0000027c1c100000, 0x0000027c1ffc8000)

Polling page: 0x0000027c05fe0000

Metaspace:

Usage:
  Non-class:     56.06 MB used.
      Class:      7.04 MB used.
       Both:     63.10 MB used.

Virtual space:
  Non-class space:       64.00 MB reserved,      56.25 MB ( 88%) committed,  1 nodes.
      Class space:        1.00 GB reserved,       7.19 MB ( <1%) committed,  1 nodes.
             Both:        1.06 GB reserved,      63.44 MB (  6%) committed. 

Chunk freelists:
   Non-Class:  7.36 MB
       Class:  8.86 MB
        Both:  16.22 MB

MaxMetaspaceSize: unlimited
CompressedClassSpaceSize: 1.00 GB
Initial GC threshold: 21.00 MB
Current GC threshold: 98.44 MB
CDS: off
 - commit_granule_bytes: 65536.
 - commit_granule_words: 8192.
 - virtual_space_node_default_size: 8388608.
 - enlarge_chunks_in_place: 1.
 - use_allocation_guard: 0.


Internal statistics:

num_allocs_failed_limit: 3.
num_arena_births: 300.
num_arena_deaths: 0.
num_vsnodes_births: 2.
num_vsnodes_deaths: 0.
num_space_committed: 1013.
num_space_uncommitted: 0.
num_chunks_returned_to_freelist: 3.
num_chunks_taken_from_freelist: 2231.
num_chunk_merges: 3.
num_chunk_splits: 1855.
num_chunks_enlarged: 1674.
num_inconsistent_stats: 0.

CodeHeap 'non-profiled nmethods': size=119168Kb used=5179Kb max_used=5179Kb free=113988Kb
 bounds [0x0000027c13240000, 0x0000027c13750000, 0x0000027c1a6a0000]
CodeHeap 'profiled nmethods': size=119104Kb used=28417Kb max_used=28417Kb free=90686Kb
 bounds [0x0000027c0b6a0000, 0x0000027c0d270000, 0x0000027c12af0000]
CodeHeap 'non-nmethods': size=7488Kb used=3234Kb max_used=3304Kb free=4253Kb
 bounds [0x0000027c12af0000, 0x0000027c12e40000, 0x0000027c13240000]
CodeCache: size=245760Kb, used=36830Kb, max_used=36900Kb, free=208927Kb
 total_blobs=9212, nmethods=8510, adapters=600, full_count=0
Compilation: enabled, stopped_count=0, restarted_count=0

Compilation events (20 events):
Event: 4.059 Thread 0x0000027c23cf4f90 9637       3       org.jetbrains.kotlin.fir.java.deserialization.JvmClassFileBasedSymbolProvider::isNewPlaceForBodyGeneration (47 bytes)
Event: 4.059 Thread 0x0000027c23cf48e0 nmethod 9635 0x0000027c0d222a90 code [0x0000027c0d222c60, 0x0000027c0d223158]
Event: 4.059 Thread 0x0000027c23cf48e0 9638       3       org.jetbrains.kotlin.metadata.jvm.deserialization.JvmFlags::getIS_COMPILED_IN_JVM_DEFAULT_MODE (4 bytes)
Event: 4.059 Thread 0x0000027c2304f2e0 nmethod 9626 0x0000027c0d223310 code [0x0000027c0d223c60, 0x0000027c0d229848]
Event: 4.059 Thread 0x0000027c23cf48e0 nmethod 9638 0x0000027c0d22b290 code [0x0000027c0d22b420, 0x0000027c0d22b538]
Event: 4.059 Thread 0x0000027c2304f2e0 9628       1       org.jetbrains.kotlin.fir.expressions.impl.FirResolvedQualifierImpl::getExplicitParent (5 bytes)
Event: 4.059 Thread 0x0000027c2304f2e0 nmethod 9628 0x0000027c13747c90 code [0x0000027c13747e20, 0x0000027c13747ef0]
Event: 4.059 Thread 0x0000027c2304f2e0 9640       3       org.jetbrains.kotlin.load.kotlin.header.ReadKotlinClassHeaderAnnotationVisitor$KotlinMetadataArgumentVisitor::<init> (10 bytes)
Event: 4.059 Thread 0x0000027c23cf48e0 9639       3       org.jetbrains.kotlin.load.kotlin.header.ReadKotlinClassHeaderAnnotationVisitor$KotlinMetadataArgumentVisitor::<init> (6 bytes)
Event: 4.059 Thread 0x0000027c2304f2e0 nmethod 9640 0x0000027c0d22b610 code [0x0000027c0d22b7c0, 0x0000027c0d22b990]
Event: 4.059 Thread 0x0000027c23cf48e0 nmethod 9639 0x0000027c0d22ba90 code [0x0000027c0d22bc40, 0x0000027c0d22be68]
Event: 4.059 Thread 0x0000027c23cf4f90 nmethod 9637 0x0000027c0d22bf90 code [0x0000027c0d22c2c0, 0x0000027c0d22d4b0]
Event: 4.059 Thread 0x0000027c234e7d00 nmethod 9636 0x0000027c0d22db10 code [0x0000027c0d22dec0, 0x0000027c0d22f638]
Event: 4.061 Thread 0x0000027c23cf48e0 9641       1       org.jetbrains.kotlin.fir.expressions.impl.FirAnonymousFunctionExpressionImpl::getSource (5 bytes)
Event: 4.061 Thread 0x0000027c23cf48e0 nmethod 9641 0x0000027c13747f90 code [0x0000027c13748120, 0x0000027c137481f0]
Event: 4.061 Thread 0x0000027c23cf4f90 9642       1       org.jetbrains.kotlin.fir.declarations.builder.FirConstructorBuilder::getContextParameters (5 bytes)
Event: 4.061 Thread 0x0000027c23cf4f90 nmethod 9642 0x0000027c13748290 code [0x0000027c13748420, 0x0000027c137484f0]
Event: 4.061 Thread 0x0000027c23cf48e0 9643       3       org.jetbrains.kotlin.fir.deserialization.FirMemberDeserializer::loadProperty (1735 bytes)
Event: 4.064 Thread 0x0000027c234e6eb0 9644 %     4       org.jetbrains.kotlin.it.unimi.dsi.fastutil.objects.ObjectOpenHashSet::rehash @ 29 (127 bytes)
Event: 4.068 Thread 0x0000027c2304f2e0 9645       3       org.jetbrains.org.objectweb.asm.ClassReader::readUtfNonAscii (191 bytes)

GC Heap History (20 events):
Event: 1.784 GC heap before
{Heap before GC invocations=9 (full 0):
 garbage-first heap   total 90112K, used 86689K [0x0000000704e00000, 0x0000000800000000)
  region size 2048K, 32 young (65536K), 1 survivors (2048K)
 Metaspace       used 47833K, committed 48128K, reserved 1114112K
  class space    used 5638K, committed 5760K, reserved 1048576K
}
Event: 1.791 GC heap after
{Heap after GC invocations=10 (full 0):
 garbage-first heap   total 100352K, used 32474K [0x0000000704e00000, 0x0000000800000000)
  region size 2048K, 5 young (10240K), 5 survivors (10240K)
 Metaspace       used 47833K, committed 48128K, reserved 1114112K
  class space    used 5638K, committed 5760K, reserved 1048576K
}
Event: 2.095 GC heap before
{Heap before GC invocations=10 (full 0):
 garbage-first heap   total 100352K, used 81626K [0x0000000704e00000, 0x0000000800000000)
  region size 2048K, 29 young (59392K), 5 survivors (10240K)
 Metaspace       used 51592K, committed 51904K, reserved 1114112K
  class space    used 5999K, committed 6144K, reserved 1048576K
}
Event: 2.107 GC heap after
{Heap after GC invocations=11 (full 0):
 garbage-first heap   total 106496K, used 45056K [0x0000000704e00000, 0x0000000800000000)
  region size 2048K, 4 young (8192K), 4 survivors (8192K)
 Metaspace       used 51592K, committed 51904K, reserved 1114112K
  class space    used 5999K, committed 6144K, reserved 1048576K
}
Event: 2.369 GC heap before
{Heap before GC invocations=11 (full 0):
 garbage-first heap   total 106496K, used 81920K [0x0000000704e00000, 0x0000000800000000)
  region size 2048K, 23 young (47104K), 4 survivors (8192K)
 Metaspace       used 54453K, committed 54720K, reserved 1114112K
  class space    used 6305K, committed 6400K, reserved 1048576K
}
Event: 2.379 GC heap after
{Heap after GC invocations=12 (full 0):
 garbage-first heap   total 106496K, used 55141K [0x0000000704e00000, 0x0000000800000000)
  region size 2048K, 3 young (6144K), 3 survivors (6144K)
 Metaspace       used 54453K, committed 54720K, reserved 1114112K
  class space    used 6305K, committed 6400K, reserved 1048576K
}
Event: 2.530 GC heap before
{Heap before GC invocations=12 (full 0):
 garbage-first heap   total 106496K, used 85861K [0x0000000704e00000, 0x0000000800000000)
  region size 2048K, 18 young (36864K), 3 survivors (6144K)
 Metaspace       used 56653K, committed 56896K, reserved 1114112K
  class space    used 6555K, committed 6656K, reserved 1048576K
}
Event: 2.538 GC heap after
{Heap after GC invocations=13 (full 0):
 garbage-first heap   total 131072K, used 64512K [0x0000000704e00000, 0x0000000800000000)
  region size 2048K, 3 young (6144K), 3 survivors (6144K)
 Metaspace       used 56653K, committed 56896K, reserved 1114112K
  class space    used 6555K, committed 6656K, reserved 1048576K
}
Event: 3.033 GC heap before
{Heap before GC invocations=14 (full 0):
 garbage-first heap   total 131072K, used 103424K [0x0000000704e00000, 0x0000000800000000)
  region size 2048K, 22 young (45056K), 3 survivors (6144K)
 Metaspace       used 59705K, committed 60032K, reserved 1114112K
  class space    used 6824K, committed 6976K, reserved 1048576K
}
Event: 3.040 GC heap after
{Heap after GC invocations=15 (full 0):
 garbage-first heap   total 131072K, used 72276K [0x0000000704e00000, 0x0000000800000000)
  region size 2048K, 3 young (6144K), 3 survivors (6144K)
 Metaspace       used 59705K, committed 60032K, reserved 1114112K
  class space    used 6824K, committed 6976K, reserved 1048576K
}
Event: 3.226 GC heap before
{Heap before GC invocations=15 (full 0):
 garbage-first heap   total 131072K, used 107092K [0x0000000704e00000, 0x0000000800000000)
  region size 2048K, 20 young (40960K), 3 survivors (6144K)
 Metaspace       used 60181K, committed 60480K, reserved 1114112K
  class space    used 6846K, committed 6976K, reserved 1048576K
}
Event: 3.232 GC heap after
{Heap after GC invocations=16 (full 0):
 garbage-first heap   total 131072K, used 79220K [0x0000000704e00000, 0x0000000800000000)
  region size 2048K, 3 young (6144K), 3 survivors (6144K)
 Metaspace       used 60181K, committed 60480K, reserved 1114112K
  class space    used 6846K, committed 6976K, reserved 1048576K
}
Event: 3.249 GC heap before
{Heap before GC invocations=16 (full 0):
 garbage-first heap   total 131072K, used 109940K [0x0000000704e00000, 0x0000000800000000)
  region size 2048K, 18 young (36864K), 3 survivors (6144K)
 Metaspace       used 60181K, committed 60480K, reserved 1114112K
  class space    used 6846K, committed 6976K, reserved 1048576K
}
Event: 3.254 GC heap after
{Heap after GC invocations=17 (full 0):
 garbage-first heap   total 131072K, used 88019K [0x0000000704e00000, 0x0000000800000000)
  region size 2048K, 3 young (6144K), 3 survivors (6144K)
 Metaspace       used 60181K, committed 60480K, reserved 1114112K
  class space    used 6846K, committed 6976K, reserved 1048576K
}
Event: 3.299 GC heap before
{Heap before GC invocations=18 (full 0):
 garbage-first heap   total 147456K, used 114643K [0x0000000704e00000, 0x0000000800000000)
  region size 2048K, 16 young (32768K), 3 survivors (6144K)
 Metaspace       used 60181K, committed 60480K, reserved 1114112K
  class space    used 6846K, committed 6976K, reserved 1048576K
}
Event: 3.302 GC heap after
{Heap after GC invocations=19 (full 0):
 garbage-first heap   total 147456K, used 95211K [0x0000000704e00000, 0x0000000800000000)
  region size 2048K, 2 young (4096K), 2 survivors (4096K)
 Metaspace       used 60181K, committed 60480K, reserved 1114112K
  class space    used 6846K, committed 6976K, reserved 1048576K
}
Event: 3.337 GC heap before
{Heap before GC invocations=19 (full 0):
 garbage-first heap   total 147456K, used 125931K [0x0000000704e00000, 0x0000000800000000)
  region size 2048K, 17 young (34816K), 2 survivors (4096K)
 Metaspace       used 60181K, committed 60480K, reserved 1114112K
  class space    used 6846K, committed 6976K, reserved 1048576K
}
Event: 3.340 GC heap after
{Heap after GC invocations=20 (full 0):
 garbage-first heap   total 147456K, used 102400K [0x0000000704e00000, 0x0000000800000000)
  region size 2048K, 3 young (6144K), 3 survivors (6144K)
 Metaspace       used 60181K, committed 60480K, reserved 1114112K
  class space    used 6846K, committed 6976K, reserved 1048576K
}
Event: 3.443 GC heap before
{Heap before GC invocations=20 (full 0):
 garbage-first heap   total 147456K, used 129024K [0x0000000704e00000, 0x0000000800000000)
  region size 2048K, 16 young (32768K), 3 survivors (6144K)
 Metaspace       used 60241K, committed 60544K, reserved 1114112K
  class space    used 6847K, committed 6976K, reserved 1048576K
}
Event: 3.448 GC heap after
{Heap after GC invocations=21 (full 0):
 garbage-first heap   total 292864K, used 110445K [0x0000000704e00000, 0x0000000800000000)
  region size 2048K, 2 young (4096K), 2 survivors (4096K)
 Metaspace       used 60241K, committed 60544K, reserved 1114112K
  class space    used 6847K, committed 6976K, reserved 1048576K
}

Dll operation events (3 events):
Event: 0.004 Loaded shared library C:\Software\Android Studio\jbr\bin\java.dll
Event: 0.007 Loaded shared library C:\Software\Android Studio\jbr\bin\zip.dll
Event: 0.732 Loaded shared library C:\Software\Android Studio\jbr\bin\verify.dll

Deoptimization events (20 events):
Event: 4.044 Thread 0x0000027c0602ec90 Uncommon trap: trap_request=0xffffffc6 fr.pc=0x0000027c1373abd0 relative=0x00000000000000b0
Event: 4.044 Thread 0x0000027c0602ec90 Uncommon trap: reason=bimorphic_or_optimized_type_check action=maybe_recompile pc=0x0000027c1373abd0 method=org.jetbrains.kotlin.fir.references.FirReferenceUtilsKt.toResolvedCallableSymbol(Lorg/jetbrains/kotlin/fir/references/FirReference;Z)Lorg/jetbrains
Event: 4.044 Thread 0x0000027c0602ec90 DEOPT PACKING pc=0x0000027c1373abd0 sp=0x000000d0343fc1c0
Event: 4.044 Thread 0x0000027c0602ec90 DEOPT UNPACKING pc=0x0000027c12b44422 sp=0x000000d0343fc140 mode 2
Event: 4.053 Thread 0x0000027c0602ec90 Uncommon trap: trap_request=0xffffffc6 fr.pc=0x0000027c13731838 relative=0x0000000000001d18
Event: 4.053 Thread 0x0000027c0602ec90 Uncommon trap: reason=bimorphic_or_optimized_type_check action=maybe_recompile pc=0x0000027c13731838 method=org.jetbrains.kotlin.fir.declarations.FirAnnotationUtilsKt.getAnnotationsByClassId(Ljava/util/List;Lorg/jetbrains/kotlin/name/ClassId;Lorg/jetbrain
Event: 4.053 Thread 0x0000027c0602ec90 DEOPT PACKING pc=0x0000027c13731838 sp=0x000000d0343fca50
Event: 4.053 Thread 0x0000027c0602ec90 DEOPT UNPACKING pc=0x0000027c12b44422 sp=0x000000d0343fc9c0 mode 2
Event: 4.061 Thread 0x0000027c0602ec90 Uncommon trap: trap_request=0xffffffbe fr.pc=0x0000027c1372aff0 relative=0x0000000000000510
Event: 4.061 Thread 0x0000027c0602ec90 Uncommon trap: reason=profile_predicate action=maybe_recompile pc=0x0000027c1372aff0 method=org.jetbrains.kotlin.fir.resolve.substitution.AbstractConeSubstitutor.substituteOrNull(Lorg/jetbrains/kotlin/fir/types/ConeKotlinType;)Lorg/jetbrains/kotlin/fir/ty
Event: 4.061 Thread 0x0000027c0602ec90 DEOPT PACKING pc=0x0000027c1372aff0 sp=0x000000d0343fbe20
Event: 4.062 Thread 0x0000027c0602ec90 DEOPT UNPACKING pc=0x0000027c12b44422 sp=0x000000d0343fbd40 mode 2
Event: 4.067 Thread 0x0000027c0602ec90 Uncommon trap: trap_request=0xffffff45 fr.pc=0x0000027c134d390c relative=0x000000000000068c
Event: 4.067 Thread 0x0000027c0602ec90 Uncommon trap: reason=unstable_if action=reinterpret pc=0x0000027c134d390c method=org.jetbrains.org.objectweb.asm.ClassReader.readUtfNonAscii(III[C)Ljava/lang/String; @ 96 c2
Event: 4.067 Thread 0x0000027c0602ec90 DEOPT PACKING pc=0x0000027c134d390c sp=0x000000d0343f8e70
Event: 4.067 Thread 0x0000027c0602ec90 DEOPT UNPACKING pc=0x0000027c12b44422 sp=0x000000d0343f8e08 mode 2
Event: 4.067 Thread 0x0000027c0602ec90 Uncommon trap: trap_request=0xffffff45 fr.pc=0x0000027c132d2238 relative=0x0000000000000218
Event: 4.067 Thread 0x0000027c0602ec90 Uncommon trap: reason=unstable_if action=reinterpret pc=0x0000027c132d2238 method=java.lang.StringUTF16.compress([CII)[B @ 13 c2
Event: 4.067 Thread 0x0000027c0602ec90 DEOPT PACKING pc=0x0000027c132d2238 sp=0x000000d0343f8d00
Event: 4.067 Thread 0x0000027c0602ec90 DEOPT UNPACKING pc=0x0000027c12b44422 sp=0x000000d0343f8c88 mode 2

Classes loaded (20 events):
Event: 3.806 Loading class sun/util/locale/LocaleObjectCache done
Event: 3.806 Loading class sun/util/locale/BaseLocale$Cache done
Event: 3.806 Loading class sun/util/locale/LocaleObjectCache$CacheEntry
Event: 3.806 Loading class sun/util/locale/LocaleObjectCache$CacheEntry done
Event: 3.806 Loading class java/util/Locale$Cache
Event: 3.806 Loading class java/util/Locale$Cache done
Event: 3.830 Loading class java/text/ChoiceFormat
Event: 3.831 Loading class java/text/NumberFormat
Event: 3.831 Loading class java/text/NumberFormat done
Event: 3.831 Loading class java/text/ChoiceFormat done
Event: 3.843 Loading class java/util/RegularEnumSet$EnumSetIterator
Event: 3.844 Loading class java/util/RegularEnumSet$EnumSetIterator done
Event: 3.886 Loading class java/util/EnumMap$EntrySet
Event: 3.886 Loading class java/util/EnumMap$EntrySet done
Event: 3.886 Loading class java/util/EnumMap$EntryIterator
Event: 3.886 Loading class java/util/EnumMap$EnumMapIterator
Event: 3.886 Loading class java/util/EnumMap$EnumMapIterator done
Event: 3.886 Loading class java/util/EnumMap$EntryIterator done
Event: 3.886 Loading class java/util/EnumMap$EntryIterator$Entry
Event: 3.886 Loading class java/util/EnumMap$EntryIterator$Entry done

Classes unloaded (0 events):
No events

Classes redefined (0 events):
No events

Internal exceptions (20 events):
Event: 1.858 Thread 0x0000027c0602ec90 Exception <a 'java/lang/NoSuchMethodError'{0x0000000709da8d98}: 'java.lang.Object java.lang.invoke.DirectMethodHandle$Holder.newInvokeSpecial(java.lang.Object, java.lang.Object, java.lang.Object, java.lang.Object, int)'> (0x0000000709da8d98) 
thrown [s\src\hotspot\share\interpreter\linkResolver.cpp, line 784]
Event: 1.859 Thread 0x0000027c0602ec90 Exception <a 'java/lang/NoSuchMethodError'{0x0000000709dad450}: 'java.lang.Object java.lang.invoke.DirectMethodHandle$Holder.invokeSpecial(java.lang.Object, java.lang.Object, java.lang.Object, java.lang.Object, java.lang.Object, int)'> (0x0000000709dad450) 
thrown [s\src\hotspot\share\interpreter\linkResolver.cpp, line 784]
Event: 1.859 Thread 0x0000027c0602ec90 Exception <a 'java/lang/NoSuchMethodError'{0x0000000709db1440}: 'java.lang.Object java.lang.invoke.Invokers$Holder.linkToTargetMethod(java.lang.Object, java.lang.Object, java.lang.Object, int, java.lang.Object)'> (0x0000000709db1440) 
thrown [s\src\hotspot\share\interpreter\linkResolver.cpp, line 784]
Event: 2.353 Thread 0x0000027c0602ec90 Exception <a 'java/lang/NoSuchMethodError'{0x0000000708843200}: 'java.lang.Object java.lang.invoke.DirectMethodHandle$Holder.newInvokeSpecial(java.lang.Object, java.lang.Object, java.lang.Object, java.lang.Object, int, java.lang.Object, java.lang.Object)'> (0x0000000708843200) 
thrown [s\src\hotspot\share\interpreter\linkResolver.cpp, line 784]
Event: 2.354 Thread 0x0000027c0602ec90 Exception <a 'java/lang/NoSuchMethodError'{0x000000070884b3a0}: 'java.lang.Object java.lang.invoke.Invokers$Holder.linkToTargetMethod(java.lang.Object, java.lang.Object, java.lang.Object, int, java.lang.Object, java.lang.Object, java.lang.Object)'> (0x000000070884b3a0) 
thrown [s\src\hotspot\share\interpreter\linkResolver.cpp, line 784]
Event: 2.405 Thread 0x0000027c0602ec90 Exception <a 'java/lang/NoSuchMethodError'{0x000000070ad5d7c8}: 'java.lang.Object java.lang.invoke.DirectMethodHandle$Holder.invokeSpecial(java.lang.Object, java.lang.Object, int, java.lang.Object, java.lang.Object)'> (0x000000070ad5d7c8) 
thrown [s\src\hotspot\share\interpreter\linkResolver.cpp, line 784]
Event: 2.629 Thread 0x0000027c0602ec90 Exception <a 'java/lang/NoSuchMethodError'{0x000000070bff3b40}: 'java.lang.Object java.lang.invoke.DirectMethodHandle$Holder.newInvokeSpecial(java.lang.Object, java.lang.Object, java.lang.Object, java.lang.Object, java.lang.Object, java.lang.Object, java.lang.Object, java.lang.Object, java.lang.Object)'> (0x000000070bff3b40) 
thrown [s\src\hotspot\share\interpreter\linkResolver.cpp, line 784]
Event: 2.637 Thread 0x0000027c0602ec90 Exception <a 'java/lang/NoSuchMethodError'{0x000000070bc710f8}: 'java.lang.Object java.lang.invoke.DirectMethodHandle$Holder.newInvokeSpecial(java.lang.Object, int, java.lang.Object)'> (0x000000070bc710f8) 
thrown [s\src\hotspot\share\interpreter\linkResolver.cpp, line 784]
Event: 2.687 Thread 0x0000027c0602ec90 Exception <a 'java/lang/NoSuchMethodError'{0x000000070b989480}: 'java.lang.Object java.lang.invoke.DirectMethodHandle$Holder.invokeStatic(java.lang.Object, java.lang.Object, java.lang.Object, int, java.lang.Object, java.lang.Object)'> (0x000000070b989480) 
thrown [s\src\hotspot\share\interpreter\linkResolver.cpp, line 784]
Event: 2.857 Thread 0x0000027c0602ec90 Exception <a 'java/lang/NoSuchMethodError'{0x000000070acb4f68}: 'java.lang.Object java.lang.invoke.DirectMethodHandle$Holder.invokeStatic(java.lang.Object, int, java.lang.Object, java.lang.Object)'> (0x000000070acb4f68) 
thrown [s\src\hotspot\share\interpreter\linkResolver.cpp, line 784]
Event: 2.983 Thread 0x0000027c0602ec90 Exception <a 'java/lang/NoSuchMethodError'{0x000000070a51e220}: 'java.lang.Object java.lang.invoke.DirectMethodHandle$Holder.newInvokeSpecial(java.lang.Object, int, java.lang.Object, java.lang.Object, java.lang.Object)'> (0x000000070a51e220) 
thrown [s\src\hotspot\share\interpreter\linkResolver.cpp, line 784]
Event: 2.983 Thread 0x0000027c0602ec90 Exception <a 'java/lang/NoSuchMethodError'{0x000000070a5260a0}: 'java.lang.Object java.lang.invoke.Invokers$Holder.linkToTargetMethod(int, java.lang.Object, java.lang.Object, java.lang.Object, java.lang.Object)'> (0x000000070a5260a0) 
thrown [s\src\hotspot\share\interpreter\linkResolver.cpp, line 784]
Event: 3.097 Thread 0x0000027c0602ec90 Exception <a 'java/lang/NoSuchMethodError'{0x000000070bf6f550}: 'java.lang.Object java.lang.invoke.DirectMethodHandle$Holder.newInvokeSpecial(java.lang.Object, java.lang.Object, java.lang.Object, java.lang.Object, java.lang.Object, int)'> (0x000000070bf6f550) 
thrown [s\src\hotspot\share\interpreter\linkResolver.cpp, line 784]
Event: 3.097 Thread 0x0000027c0602ec90 Exception <a 'java/lang/NoSuchMethodError'{0x000000070bf74748}: 'java.lang.Object java.lang.invoke.DirectMethodHandle$Holder.invokeSpecial(java.lang.Object, java.lang.Object, java.lang.Object, java.lang.Object, java.lang.Object, java.lang.Object, int)'> (0x000000070bf74748) 
thrown [s\src\hotspot\share\interpreter\linkResolver.cpp, line 784]
Event: 3.097 Thread 0x0000027c0602ec90 Exception <a 'java/lang/NoSuchMethodError'{0x000000070bf792f0}: 'java.lang.Object java.lang.invoke.Invokers$Holder.linkToTargetMethod(java.lang.Object, java.lang.Object, java.lang.Object, java.lang.Object, int, java.lang.Object)'> (0x000000070bf792f0) 
thrown [s\src\hotspot\share\interpreter\linkResolver.cpp, line 784]
Event: 3.584 Thread 0x0000027c0602ec90 Implicit null exception at 0x0000027c1367bcb4 to 0x0000027c1367c030
Event: 3.855 Thread 0x0000027c0602ec90 Exception <a 'java/lang/NoSuchMethodError'{0x0000000713d470c8}: 'java.lang.Object java.lang.invoke.DirectMethodHandle$Holder.invokeStatic(java.lang.Object, int, int, java.lang.Object)'> (0x0000000713d470c8) 
thrown [s\src\hotspot\share\interpreter\linkResolver.cpp, line 784]
Event: 3.855 Thread 0x0000027c0602ec90 Exception <a 'java/lang/NoSuchMethodError'{0x0000000713d4a788}: 'java.lang.Object java.lang.invoke.DirectMethodHandle$Holder.invokeStaticInit(java.lang.Object, int, int, java.lang.Object)'> (0x0000000713d4a788) 
thrown [s\src\hotspot\share\interpreter\linkResolver.cpp, line 784]
Event: 3.867 Thread 0x0000027c0602ec90 Exception <a 'java/lang/NoSuchMethodError'{0x0000000713a1b978}: 'java.lang.Object java.lang.invoke.DirectMethodHandle$Holder.invokeStatic(java.lang.Object, java.lang.Object, java.lang.Object, java.lang.Object, java.lang.Object, int)'> (0x0000000713a1b978) 
thrown [s\src\hotspot\share\interpreter\linkResolver.cpp, line 784]
Event: 3.887 Thread 0x0000027c0602ec90 Implicit null exception at 0x0000027c1363cce3 to 0x0000027c1363ce9c

ZGC Phase Switch (0 events):
No events

VM Operations (20 events):
Event: 3.727 Executing VM operation: HandshakeAllThreads (Deoptimize)
Event: 3.727 Executing VM operation: HandshakeAllThreads (Deoptimize) done
Event: 3.760 Executing VM operation: HandshakeAllThreads (Deoptimize)
Event: 3.760 Executing VM operation: HandshakeAllThreads (Deoptimize) done
Event: 3.761 Executing VM operation: HandshakeAllThreads (Deoptimize)
Event: 3.761 Executing VM operation: HandshakeAllThreads (Deoptimize) done
Event: 3.843 Executing VM operation: ICBufferFull
Event: 3.843 Executing VM operation: ICBufferFull done
Event: 3.857 Executing VM operation: HandshakeAllThreads (Deoptimize)
Event: 3.857 Executing VM operation: HandshakeAllThreads (Deoptimize) done
Event: 3.902 Executing VM operation: ICBufferFull
Event: 3.902 Executing VM operation: ICBufferFull done
Event: 3.922 Executing VM operation: HandshakeAllThreads (Deoptimize)
Event: 3.922 Executing VM operation: HandshakeAllThreads (Deoptimize) done
Event: 3.959 Executing VM operation: ICBufferFull
Event: 3.959 Executing VM operation: ICBufferFull done
Event: 4.012 Executing VM operation: ICBufferFull
Event: 4.012 Executing VM operation: ICBufferFull done
Event: 4.063 Executing VM operation: ICBufferFull
Event: 4.063 Executing VM operation: ICBufferFull done

Memory protections (0 events):
No events

Nmethod flushes (20 events):
Event: 3.473 Thread 0x0000027c2346d9d0 flushing  nmethod 0x0000027c0c25fb90
Event: 3.473 Thread 0x0000027c2346d9d0 flushing  nmethod 0x0000027c0c261710
Event: 3.473 Thread 0x0000027c2346d9d0 flushing  nmethod 0x0000027c0c263f10
Event: 3.473 Thread 0x0000027c2346d9d0 flushing  nmethod 0x0000027c0c269290
Event: 3.473 Thread 0x0000027c2346d9d0 flushing  nmethod 0x0000027c0c26da90
Event: 3.473 Thread 0x0000027c2346d9d0 flushing  nmethod 0x0000027c0c306890
Event: 3.473 Thread 0x0000027c2346d9d0 flushing  nmethod 0x0000027c0c326b90
Event: 3.473 Thread 0x0000027c2346d9d0 flushing  nmethod 0x0000027c0c335e90
Event: 3.473 Thread 0x0000027c2346d9d0 flushing  nmethod 0x0000027c0c39e610
Event: 3.473 Thread 0x0000027c2346d9d0 flushing  nmethod 0x0000027c0c39fc10
Event: 3.473 Thread 0x0000027c2346d9d0 flushing  nmethod 0x0000027c0c3a1190
Event: 3.473 Thread 0x0000027c2346d9d0 flushing  nmethod 0x0000027c0c481910
Event: 3.473 Thread 0x0000027c2346d9d0 flushing  nmethod 0x0000027c0c52d610
Event: 3.473 Thread 0x0000027c2346d9d0 flushing  nmethod 0x0000027c0c752290
Event: 3.473 Thread 0x0000027c2346d9d0 flushing  nmethod 0x0000027c0c82a610
Event: 3.473 Thread 0x0000027c2346d9d0 flushing  nmethod 0x0000027c0c99b210
Event: 3.473 Thread 0x0000027c2346d9d0 flushing  nmethod 0x0000027c0c99ec90
Event: 3.473 Thread 0x0000027c2346d9d0 flushing  nmethod 0x0000027c0c9eff10
Event: 3.473 Thread 0x0000027c2346d9d0 flushing  nmethod 0x0000027c0ca07010
Event: 3.473 Thread 0x0000027c2346d9d0 flushing  nmethod 0x0000027c0cabd690

Events (20 events):
Event: 0.048 Thread 0x0000027c234e7d00 Thread added: 0x0000027c2304f2e0
Event: 0.050 Thread 0x0000027c0602ec90 Thread added: 0x0000027c23692260
Event: 0.057 Loaded shared library C:\Software\Android Studio\jbr\bin\net.dll
Event: 0.058 Loaded shared library C:\Software\Android Studio\jbr\bin\nio.dll
Event: 0.072 Thread 0x0000027c234e6eb0 Thread added: 0x0000027c237032d0
Event: 0.072 Thread 0x0000027c234e6eb0 Thread added: 0x0000027c23703980
Event: 0.078 Loaded shared library C:\Software\Android Studio\jbr\bin\zip.dll
Event: 0.105 Loaded shared library C:\Software\Android Studio\jbr\bin\jimage.dll
Event: 0.236 Loaded shared library C:\Software\Android Studio\jbr\bin\management.dll
Event: 0.240 Loaded shared library C:\Software\Android Studio\jbr\bin\management_ext.dll
Event: 0.275 Thread 0x0000027c234e7d00 Thread added: 0x0000027c23cf48e0
Event: 0.275 Thread 0x0000027c234e7d00 Thread added: 0x0000027c23cf4f90
Event: 0.790 Thread 0x0000027c234e6eb0 Thread added: 0x0000027c28f3b780
Event: 0.996 Thread 0x0000027c2304f2e0 Thread added: 0x0000027c293febe0
Event: 0.996 Thread 0x0000027c2304f2e0 Thread added: 0x0000027c298598b0
Event: 0.996 Thread 0x0000027c2304f2e0 Thread added: 0x0000027c296eb600
Event: 0.996 Thread 0x0000027c2304f2e0 Thread added: 0x0000027c297d6f90
Event: 1.140 Thread 0x0000027c297d6f90 Thread exited: 0x0000027c297d6f90
Event: 1.156 Thread 0x0000027c296eb600 Thread exited: 0x0000027c296eb600
Event: 3.086 Thread 0x0000027c298598b0 Thread exited: 0x0000027c298598b0


Dynamic libraries:
0x00007ff797020000 - 0x00007ff79702a000 	C:\Software\Android Studio\jbr\bin\java.exe
0x00007ffd59e00000 - 0x00007ffd5a067000 	C:\Windows\SYSTEM32\ntdll.dll
0x00007ffd582f0000 - 0x00007ffd583b9000 	C:\Windows\System32\KERNEL32.DLL
0x00007ffd56a70000 - 0x00007ffd56e61000 	C:\Windows\System32\KERNELBASE.dll
0x00007ffd56860000 - 0x00007ffd569ab000 	C:\Windows\System32\ucrtbase.dll
0x00007ffd26f20000 - 0x00007ffd26f38000 	C:\Software\Android Studio\jbr\bin\jli.dll
0x00007ffd53770000 - 0x00007ffd5378b000 	C:\Software\Android Studio\jbr\bin\VCRUNTIME140.dll
0x00007ffd59490000 - 0x00007ffd59655000 	C:\Windows\System32\USER32.dll
0x00007ffd56a40000 - 0x00007ffd56a67000 	C:\Windows\System32\win32u.dll
0x00007ffd3ee30000 - 0x00007ffd3f0c3000 	C:\Windows\WinSxS\amd64_microsoft.windows.common-controls_6595b64144ccf1df_6.0.26100.8037_none_3e092faae333b53b\COMCTL32.dll
0x00007ffd59d90000 - 0x00007ffd59dbb000 	C:\Windows\System32\GDI32.dll
0x00007ffd583c0000 - 0x00007ffd58469000 	C:\Windows\System32\msvcrt.dll
0x00007ffd57090000 - 0x00007ffd571bb000 	C:\Windows\System32\gdi32full.dll
0x00007ffd56e70000 - 0x00007ffd56f13000 	C:\Windows\System32\msvcp_win.dll
0x00007ffd593b0000 - 0x00007ffd593e1000 	C:\Windows\System32\IMM32.DLL
0x00007ffd53b90000 - 0x00007ffd53b9c000 	C:\Software\Android Studio\jbr\bin\vcruntime140_1.dll
0x00007ffd26e40000 - 0x00007ffd26ecd000 	C:\Software\Android Studio\jbr\bin\msvcp140.dll
0x00007ffcc8610000 - 0x00007ffcc92a6000 	C:\Software\Android Studio\jbr\bin\server\jvm.dll
0x00007ffd57f90000 - 0x00007ffd5804b000 	C:\Windows\System32\ADVAPI32.dll
0x00007ffd57ba0000 - 0x00007ffd57c47000 	C:\Windows\System32\sechost.dll
0x00007ffd59a70000 - 0x00007ffd59b88000 	C:\Windows\System32\RPCRT4.dll
0x00007ffd599f0000 - 0x00007ffd59a64000 	C:\Windows\System32\WS2_32.dll
0x00007ffd562d0000 - 0x00007ffd5632e000 	C:\Windows\SYSTEM32\POWRPROF.dll
0x00007ffd50740000 - 0x00007ffd5074b000 	C:\Windows\SYSTEM32\VERSION.dll
0x00007ffd53240000 - 0x00007ffd53275000 	C:\Windows\SYSTEM32\WINMM.dll
0x00007ffd562b0000 - 0x00007ffd562c4000 	C:\Windows\SYSTEM32\UMPDC.dll
0x00007ffd55430000 - 0x00007ffd5544b000 	C:\Windows\SYSTEM32\kernel.appcore.dll
0x00007ffd53ac0000 - 0x00007ffd53aca000 	C:\Software\Android Studio\jbr\bin\jimage.dll
0x00007ffd54700000 - 0x00007ffd54942000 	C:\Windows\SYSTEM32\DBGHELP.DLL
0x00007ffd59660000 - 0x00007ffd599e2000 	C:\Windows\System32\combase.dll
0x00007ffd58470000 - 0x00007ffd58547000 	C:\Windows\System32\OLEAUT32.dll
0x00007ffd2acf0000 - 0x00007ffd2ad2b000 	C:\Windows\SYSTEM32\dbgcore.DLL
0x00007ffd57280000 - 0x00007ffd57325000 	C:\Windows\System32\bcryptPrimitives.dll
0x00007ffd50b60000 - 0x00007ffd50b80000 	C:\Software\Android Studio\jbr\bin\java.dll
0x00007ffd506a0000 - 0x00007ffd506b8000 	C:\Software\Android Studio\jbr\bin\zip.dll
0x00007ffd58c40000 - 0x00007ffd5939f000 	C:\Windows\System32\SHELL32.dll
0x00007ffd56f20000 - 0x00007ffd5708a000 	C:\Windows\System32\wintypes.dll
0x00007ffd57330000 - 0x00007ffd57b94000 	C:\Windows\System32\windows.storage.dll
0x00007ffd57e40000 - 0x00007ffd57f37000 	C:\Windows\System32\SHCORE.dll
0x00007ffd580e0000 - 0x00007ffd58147000 	C:\Windows\System32\shlwapi.dll
0x00007ffd56600000 - 0x00007ffd56629000 	C:\Windows\SYSTEM32\profapi.dll
0x00007ffd53970000 - 0x00007ffd53980000 	C:\Software\Android Studio\jbr\bin\net.dll
0x00007ffd504f0000 - 0x00007ffd50617000 	C:\Windows\SYSTEM32\WINHTTP.dll
0x00007ffd55980000 - 0x00007ffd559eb000 	C:\Windows\system32\mswsock.dll
0x00007ffd4ee40000 - 0x00007ffd4ee56000 	C:\Software\Android Studio\jbr\bin\nio.dll
0x00007ffd50270000 - 0x00007ffd50279000 	C:\Software\Android Studio\jbr\bin\management.dll
0x00007ffd3a800000 - 0x00007ffd3a80b000 	C:\Software\Android Studio\jbr\bin\management_ext.dll
0x00007ffd59480000 - 0x00007ffd59488000 	C:\Windows\System32\PSAPI.DLL
0x00007ffd2bd80000 - 0x00007ffd2bd90000 	C:\Software\Android Studio\jbr\bin\verify.dll

JVMTI agents: none

dbghelp: loaded successfully - version: 4.0.5 - missing functions: none
symbol engine: initialized successfully - sym options: 0x614 - pdb path: .;C:\Software\Android Studio\jbr\bin;C:\Windows\SYSTEM32;C:\Windows\WinSxS\amd64_microsoft.windows.common-controls_6595b64144ccf1df_6.0.26100.8037_none_3e092faae333b53b;C:\Software\Android Studio\jbr\bin\server

VM Arguments:
java_command: org.jetbrains.kotlin.cli.jvm.K2JVMCompiler @C:\Users\student\Downloads\mobilne_projekt_lab5\mobilne_projekt_lab5\mobilne_projekt_lab2\mobilne_projekt_lab2\mobilne_projekt_lab1 (1)\mobilne_projekt_lab\app\build\20260422_1322969639282668090.compiler.options
java_class_path (initial): C:\Users\student\.gradle\caches\modules-2\files-2.1\org.jetbrains.kotlin\kotlin-compiler-embeddable\2.2.10\6882d39ef03b18879c1a5d2a83c2212361bed5fe\kotlin-compiler-embeddable-2.2.10.jar;C:\Users\student\.gradle\caches\modules-2\files-2.1\org.jetbrains.kotlin\kotlin-stdlib\2.2.10\30de6faa127a4a012db8e71bf1b9c0a99b1402b2\kotlin-stdlib-2.2.10.jar;C:\Users\student\.gradle\caches\modules-2\files-2.1\org.jetbrains.kotlin\kotlin-script-runtime\2.2.10\712f9bc08f378c13a4a00f0bbb28c76e59183e83\kotlin-script-runtime-2.2.10.jar;C:\Users\student\.gradle\caches\modules-2\files-2.1\org.jetbrains.kotlin\kotlin-reflect\1.6.10\1cbe9c92c12a94eea200d23c2bbaedaf3daf5132\kotlin-reflect-1.6.10.jar;C:\Users\student\.gradle\caches\modules-2\files-2.1\org.jetbrains.kotlin\kotlin-daemon-embeddable\2.2.10\212fd3c2c6e4e5d0f4db3c4191233e2b622380cc\kotlin-daemon-embeddable-2.2.10.jar;C:\Users\student\.gradle\caches\modules-2\files-2.1\org.jetbrains.kotlinx\kotlinx-coroutines-core-jvm\1.8.0\ac1dc37a30a93150b704022f8d895ee1bd3a36b3\kotlinx-coroutines-core-jvm-1.8.0.jar;C:\Users\student\.gradle\caches\modules-2\files-2.1\org.jetbrains\annotations\13.0\919f0dfe192fb4e063e7dacadee7f8bb9a2672a9\annotations-13.0.jar
Launcher Type: SUN_STANDARD

[Global flags]
     intx CICompilerCount                          = 12                                        {product} {ergonomic}
     uint ConcGCThreads                            = 4                                         {product} {ergonomic}
     uint G1ConcRefinementThreads                  = 15                                        {product} {ergonomic}
   size_t G1HeapRegionSize                         = 2097152                                   {product} {ergonomic}
    uintx GCDrainStackTargetSize                   = 64                                        {product} {ergonomic}
   size_t InitialHeapSize                          = 264241152                                 {product} {ergonomic}
   size_t MarkStackSize                            = 4194304                                   {product} {ergonomic}
   size_t MaxHeapSize                              = 4213178368                                {product} {ergonomic}
   size_t MaxNewSize                               = 2527068160                                {product} {ergonomic}
   size_t MinHeapDeltaBytes                        = 2097152                                   {product} {ergonomic}
   size_t MinHeapSize                              = 8388608                                   {product} {ergonomic}
    uintx NonNMethodCodeHeapSize                   = 7602480                                {pd product} {ergonomic}
    uintx NonProfiledCodeHeapSize                  = 122027880                              {pd product} {ergonomic}
    uintx ProfiledCodeHeapSize                     = 122027880                              {pd product} {ergonomic}
    uintx ReservedCodeCacheSize                    = 251658240                              {pd product} {ergonomic}
     bool SegmentedCodeCache                       = true                                      {product} {ergonomic}
   size_t SoftMaxHeapSize                          = 4213178368                             {manageable} {ergonomic}
     bool UseCompressedOops                        = true                           {product lp64_product} {ergonomic}
     bool UseG1GC                                  = true                                      {product} {ergonomic}
     bool UseLargePagesIndividualAllocation        = false                                  {pd product} {ergonomic}

Logging:
Log output configuration:
 #0: stdout all=warning uptime,level,tags foldmultilines=false
 #1: stderr all=off uptime,level,tags foldmultilines=false

Release file:
JAVA_VERSION="21.0.9" 
MODULES="java.base java.compiler java.datatransfer java.xml java.prefs java.desktop java.instrument java.logging java.management java.security.sasl java.naming java.rmi java.management.rmi java.net.http java.scripting java.security.jgss java.transaction.xa java.sql java.sql.rowset java.xml.crypto java.se java.smartcardio jdk.accessibility jdk.internal.jvmstat jdk.attach jdk.charsets jdk.internal.opt jdk.zipfs jdk.compiler jdk.crypto.ec jdk.crypto.cryptoki jdk.dynalink jdk.hotspot.agent jdk.httpserver jdk.internal.ed jdk.internal.le jdk.internal.vm.ci jdk.jartool jdk.javadoc jdk.jcmd jdk.jdeps jdk.jdwp.agent jdk.jdi jdk.jfr jdk.jlink jdk.jsobject jdk.localedata jdk.management jdk.management.agent jdk.management.jfr jdk.naming.dns jdk.naming.rmi jdk.net jdk.sctp jdk.security.auth jdk.security.jgss jdk.unsupported jdk.unsupported.desktop jdk.xml.dom" 
IMPLEMENTOR="JetBrains s.r.o." 
JAVA_RUNTIME_VERSION="21.0.9+-14787801-b1163.94" 
LIBC="default" 
OS_ARCH="x86_64" 
OS_NAME="Windows" 
SOURCE=".:git:0c757ddc9f2f" 

Environment Variables:
JAVA_HOME=C:\Program Files\Java\jdk-24
PATH=C:\software\Python\Python313\Scripts\;C:\software\Python\Python313\;C:\Program Files\Common Files\Oracle\Java\javapath;C:\Windows\system32;C:\Windows;C:\Windows\System32\Wbem;C:\Windows\System32\WindowsPowerShell\v1.0\;C:\Windows\System32\OpenSSH\;C:\software\MiKTeX\miktex\bin\x64\;C:\Program Files\Docker\Docker\resources\bin;C:\software\Git\cmd;C:\software\swipl\bin;C:\software\TortoiseSVN\bin;C:\software\Microsoft VS Code\bin;C:\Program Files\Microsoft SQL Server\150\Tools\Binn\;C:\Program Files (x86)\Windows Kits\10\Windows Performance Toolkit\;C:\Software\apache-maven-3.9.9\bin;C:\Software\apache-ant-1.10.15\bin;C:\Program Files\Java\jdk-24\bin;C:\Users\student\AppData\Local\Microsoft\WindowsApps;
USERNAME=student
OS=Windows_NT
PROCESSOR_IDENTIFIER=Intel64 Family 6 Model 191 Stepping 2, GenuineIntel
TMP=C:\Users\student\AppData\Local\Temp
TEMP=C:\Users\student\AppData\Local\Temp




Periodic native trim disabled

JNI global refs:
JNI global refs: 20, weak refs: 0

JNI global refs memory usage: 835, weak refs: 833

Process memory usage:
Resident Set Size: 508304K (3% of 16456428K total physical memory with 2233936K free physical memory)

OOME stack traces (most recent first):
Classloader memory used:
Loader jdk.internal.loader.ClassLoaders$AppClassLoader                                 : 52065K
Loader bootstrap                                                                       : 11883K
Loader jdk.internal.jrtfs.JrtFileSystemProvider$JrtFsLoader                            : 333K
Loader java.net.URLClassLoader                                                         : 310K
Loader jdk.internal.loader.ClassLoaders$PlatformClassLoader                            : 67872B

Classes loaded by more than one classloader:
Class jdk.internal.jimage.BasicImageReader                                            : loaded 2 times (x 95B)
Class jdk.internal.jimage.decompressor.StringSharingDecompressorFactory               : loaded 2 times (x 74B)
Class jdk.internal.jrtfs.JrtFileSystemProvider                                        : loaded 2 times (x 101B)
Class jdk.internal.jimage.ImageLocation                                               : loaded 2 times (x 90B)
Class jdk.internal.jimage.ImageBufferCache$1                                          : loaded 2 times (x 83B)
Class jdk.internal.jimage.ImageBufferCache$2                                          : loaded 2 times (x 91B)
Class jdk.internal.jimage.ImageHeader                                                 : loaded 2 times (x 71B)
Class jdk.internal.jimage.decompressor.ResourceDecompressor                           : loaded 2 times (x 70B)
Class jdk.internal.jimage.ImageStringsReader                                          : loaded 2 times (x 80B)
Class jdk.internal.jimage.ImageReader                                                 : loaded 2 times (x 75B)
Class jdk.internal.jimage.ImageReader$SharedImageReader                               : loaded 2 times (x 95B)
Class jdk.internal.jimage.decompressor.ResourceDecompressorFactory                    : loaded 2 times (x 74B)
Class jdk.internal.jimage.ImageReader$Node                                            : loaded 2 times (x 84B)
Class jdk.internal.jimage.BasicImageReader$1                                          : loaded 2 times (x 77B)
Class jdk.internal.jimage.decompressor.Decompressor                                   : loaded 2 times (x 72B)
Class jdk.internal.jimage.ImageBufferCache                                            : loaded 2 times (x 71B)
Class jdk.internal.jrtfs.JrtPath                                                      : loaded 2 times (x 118B)
Class jdk.internal.jimage.decompressor.ResourceDecompressorRepository                 : loaded 2 times (x 71B)
Class jdk.internal.jimage.ImageReader$Directory                                       : loaded 2 times (x 84B)
Class jdk.internal.jimage.decompressor.ZipDecompressorFactory                         : loaded 2 times (x 74B)
Class jdk.internal.jimage.decompressor.ZipDecompressor                                : loaded 2 times (x 75B)
Class jdk.internal.jimage.ImageStrings                                                : loaded 2 times (x 70B)
Class jdk.internal.jrtfs.JrtFileSystem                                                : loaded 2 times (x 102B)
Class jdk.internal.jimage.decompressor.CompressedResourceHeader                       : loaded 2 times (x 71B)
Class jdk.internal.jimage.decompressor.ResourceDecompressor$StringsProvider           : loaded 2 times (x 70B)

---------------  S Y S T E M  ---------------

OS:
 Windows 11 , 64 bit Build 26100 (10.0.26100.7920)
OS uptime: 0 days 1:01 hours
Hyper-V role detected

CPU: total 20 (initial active 20) (10 cores per cpu, 2 threads per core) family 6 model 191 stepping 2 microcode 0x3a, cx8, cmov, fxsr, ht, mmx, 3dnowpref, sse, sse2, sse3, ssse3, sse4.1, sse4.2, popcnt, lzcnt, tsc, tscinvbit, avx, avx2, aes, erms, clmul, bmi1, bmi2, adx, sha, fma, vzeroupper, clflush, clflushopt, clwb, hv, serialize, rdtscp, rdpid, fsrm, f16c, cet_ibt, cet_ss
Processor Information for the first 20 processors :
  Max Mhz: 2600, Current Mhz: 2600, Mhz Limit: 2600

Memory: 4k page, system-wide physical 16070M (2180M free)
TotalPageFile size 16070M (AvailPageFile size 7M)
current process WorkingSet (physical memory assigned to process): 497M, peak: 497M
current process commit charge ("private bytes"): 604M, peak: 608M

vm_info: OpenJDK 64-Bit Server VM (21.0.9+-14787801-b1163.94) for windows-amd64 JRE (21.0.9+-14787801-b1163.94), built on 2026-01-27T21:15:44Z by "builder" with MS VC++ 16.10 / 16.11 (VS2019)

END.
